Component: ARM Compiler 5.06 update 7 (build 960) Tool: armlink [4d3601]

==============================================================================

Section Cross References

    startup_stm32h743xx.o(STACK) refers (Special) to heapauxi.o(.text) for __use_two_region_memory
    startup_stm32h743xx.o(HEAP) refers (Special) to heapauxi.o(.text) for __use_two_region_memory
    startup_stm32h743xx.o(RESET) refers (Special) to heapauxi.o(.text) for __use_two_region_memory
    startup_stm32h743xx.o(RESET) refers to startup_stm32h743xx.o(STACK) for __initial_sp
    startup_stm32h743xx.o(RESET) refers to startup_stm32h743xx.o(.text) for Reset_Handler
    startup_stm32h743xx.o(RESET) refers to stm32h7xx_it.o(i.NMI_Handler) for NMI_Handler
    startup_stm32h743xx.o(RESET) refers to stm32h7xx_it.o(i.HardFault_Handler) for HardFault_Handler
    startup_stm32h743xx.o(RESET) refers to stm32h7xx_it.o(i.MemManage_Handler) for MemManage_Handler
    startup_stm32h743xx.o(RESET) refers to stm32h7xx_it.o(i.BusFault_Handler) for BusFault_Handler
    startup_stm32h743xx.o(RESET) refers to stm32h7xx_it.o(i.UsageFault_Handler) for UsageFault_Handler
    startup_stm32h743xx.o(RESET) refers to stm32h7xx_it.o(i.SVC_Handler) for SVC_Handler
    startup_stm32h743xx.o(RESET) refers to stm32h7xx_it.o(i.DebugMon_Handler) for DebugMon_Handler
    startup_stm32h743xx.o(RESET) refers to stm32h7xx_it.o(i.PendSV_Handler) for PendSV_Handler
    startup_stm32h743xx.o(RESET) refers to stm32h7xx_it.o(i.SysTick_Handler) for SysTick_Handler
    startup_stm32h743xx.o(RESET) refers to stm32h7xx_it.o(i.DMA1_Stream0_IRQHandler) for DMA1_Stream0_IRQHandler
    startup_stm32h743xx.o(RESET) refers to stm32h7xx_it.o(i.EXTI9_5_IRQHandler) for EXTI9_5_IRQHandler
    startup_stm32h743xx.o(RESET) refers to stm32h7xx_it.o(i.USART1_IRQHandler) for USART1_IRQHandler
    startup_stm32h743xx.o(RESET) refers to stm32h7xx_it.o(i.EXTI15_10_IRQHandler) for EXTI15_10_IRQHandler
    startup_stm32h743xx.o(.text) refers (Special) to heapauxi.o(.text) for __use_two_region_memory
    startup_stm32h743xx.o(.text) refers to system_stm32h7xx.o(i.SystemInit) for SystemInit
    startup_stm32h743xx.o(.text) refers to __main.o(!!!main) for __main
    startup_stm32h743xx.o(.text) refers to startup_stm32h743xx.o(HEAP) for Heap_Mem
    startup_stm32h743xx.o(.text) refers to startup_stm32h743xx.o(STACK) for Stack_Mem
    main.o(i.SystemClock_Config) refers to rt_memclr_w.o(.text) for __aeabi_memclr4
    main.o(i.SystemClock_Config) refers to stm32h7xx_hal_pwr_ex.o(i.HAL_PWREx_ConfigSupply) for HAL_PWREx_ConfigSupply
    main.o(i.SystemClock_Config) refers to stm32h7xx_hal_rcc.o(i.HAL_RCC_OscConfig) for HAL_RCC_OscConfig
    main.o(i.SystemClock_Config) refers to main.o(i.Error_Handler) for Error_Handler
    main.o(i.SystemClock_Config) refers to stm32h7xx_hal_rcc.o(i.HAL_RCC_ClockConfig) for HAL_RCC_ClockConfig
    main.o(i.main) refers to stm32h7xx_hal.o(i.HAL_Init) for HAL_Init
    main.o(i.main) refers to main.o(i.SystemClock_Config) for SystemClock_Config
    main.o(i.main) refers to gpio.o(i.MX_GPIO_Init) for MX_GPIO_Init
    main.o(i.main) refers to dma.o(i.MX_DMA_Init) for MX_DMA_Init
    main.o(i.main) refers to i2c.o(i.MX_I2C2_Init) for MX_I2C2_Init
    main.o(i.main) refers to spi.o(i.MX_SPI1_Init) for MX_SPI1_Init
    main.o(i.main) refers to spi.o(i.MX_SPI2_Init) for MX_SPI2_Init
    main.o(i.main) refers to spi.o(i.MX_SPI3_Init) for MX_SPI3_Init
    main.o(i.main) refers to tim.o(i.MX_TIM1_Init) for MX_TIM1_Init
    main.o(i.main) refers to tim.o(i.MX_TIM3_Init) for MX_TIM3_Init
    main.o(i.main) refers to tim.o(i.MX_TIM4_Init) for MX_TIM4_Init
    main.o(i.main) refers to tim.o(i.MX_TIM15_Init) for MX_TIM15_Init
    main.o(i.main) refers to usart.o(i.MX_UART4_Init) for MX_UART4_Init
    main.o(i.main) refers to usart.o(i.MX_UART5_Init) for MX_UART5_Init
    main.o(i.main) refers to usart.o(i.MX_UART8_Init) for MX_UART8_Init
    main.o(i.main) refers to usart.o(i.MX_USART1_UART_Init) for MX_USART1_UART_Init
    main.o(i.main) refers to usart.o(i.MX_USART2_UART_Init) for MX_USART2_UART_Init
    main.o(i.main) refers to usart.o(i.MX_USART3_UART_Init) for MX_USART3_UART_Init
    main.o(i.main) refers to usart.o(i.MX_USART6_UART_Init) for MX_USART6_UART_Init
    main.o(i.main) refers to adc.o(i.MX_ADC1_Init) for MX_ADC1_Init
    main.o(i.main) refers to system.o(i.systemInit) for systemInit
    main.o(i.main) refers to system.o(i.systemLoop) for systemLoop
    gpio.o(i.MX_GPIO_Init) refers to rt_memclr_w.o(.text) for __aeabi_memclr4
    gpio.o(i.MX_GPIO_Init) refers to stm32h7xx_hal_gpio.o(i.HAL_GPIO_WritePin) for HAL_GPIO_WritePin
    gpio.o(i.MX_GPIO_Init) refers to stm32h7xx_hal_gpio.o(i.HAL_GPIO_Init) for HAL_GPIO_Init
    gpio.o(i.MX_GPIO_Init) refers to stm32h7xx_hal_cortex.o(i.HAL_NVIC_SetPriority) for HAL_NVIC_SetPriority
    gpio.o(i.MX_GPIO_Init) refers to stm32h7xx_hal_cortex.o(i.HAL_NVIC_EnableIRQ) for HAL_NVIC_EnableIRQ
[...]
    LPTIM1_IRQHandler                        0x080003ff   Thumb Code     0  startup_stm32h743xx.o(.text)
    LPTIM2_IRQHandler                        0x080003ff   Thumb Code     0  startup_stm32h743xx.o(.text)
    LPTIM3_IRQHandler                        0x080003ff   Thumb Code     0  startup_stm32h743xx.o(.text)
    LPTIM4_IRQHandler                        0x080003ff   Thumb Code     0  startup_stm32h743xx.o(.text)
    LPTIM5_IRQHandler                        0x080003ff   Thumb Code     0  startup_stm32h743xx.o(.text)
    LPUART1_IRQHandler                       0x080003ff   Thumb Code     0  startup_stm32h743xx.o(.text)
    LTDC_ER_IRQHandler                       0x080003ff   Thumb Code     0  startup_stm32h743xx.o(.text)
    LTDC_IRQHandler                          0x080003ff   Thumb Code     0  startup_stm32h743xx.o(.text)
    MDIOS_IRQHandler                         0x080003ff   Thumb Code     0  startup_stm32h743xx.o(.text)
    MDIOS_WKUP_IRQHandler                    0x080003ff   Thumb Code     0  startup_stm32h743xx.o(.text)
    MDMA_IRQHandler                          0x080003ff   Thumb Code     0  startup_stm32h743xx.o(.text)
    OTG_FS_EP1_IN_IRQHandler                 0x080003ff   Thumb Code     0  startup_stm32h743xx.o(.text)
    OTG_FS_EP1_OUT_IRQHandler                0x080003ff   Thumb Code     0  startup_stm32h743xx.o(.text)
    OTG_FS_IRQHandler                        0x080003ff   Thumb Code     0  startup_stm32h743xx.o(.text)
    OTG_FS_WKUP_IRQHandler                   0x080003ff   Thumb Code     0  startup_stm32h743xx.o(.text)
    OTG_HS_EP1_IN_IRQHandler                 0x080003ff   Thumb Code     0  startup_stm32h743xx.o(.text)
    OTG_HS_EP1_OUT_IRQHandler                0x080003ff   Thumb Code     0  startup_stm32h743xx.o(.text)
    OTG_HS_IRQHandler                        0x080003ff   Thumb Code     0  startup_stm32h743xx.o(.text)
    OTG_HS_WKUP_IRQHandler                   0x080003ff   Thumb Code     0  startup_stm32h743xx.o(.text)
    PVD_AVD_IRQHandler                       0x080003ff   Thumb Code     0  startup_stm32h743xx.o(.text)
    QUADSPI_IRQHandler                       0x080003ff   Thumb Code     0  startup_stm32h743xx.o(.text)
    RCC_IRQHandler                           0x080003ff   Thumb Code     0  startup_stm32h743xx.o(.text)
    RNG_IRQHandler                           0x080003ff   Thumb Code     0  startup_stm32h743xx.o(.text)
    RTC_Alarm_IRQHandler                     0x080003ff   Thumb Code     0  startup_stm32h743xx.o(.text)
    RTC_WKUP_IRQHandler                      0x080003ff   Thumb Code     0  startup_stm32h743xx.o(.text)
    SAI1_IRQHandler                          0x080003ff   Thumb Code     0  startup_stm32h743xx.o(.text)
    SAI2_IRQHandler                          0x080003ff   Thumb Code     0  startup_stm32h743xx.o(.text)
    SAI3_IRQHandler                          0x080003ff   Thumb Code     0  startup_stm32h743xx.o(.text)
    SAI4_IRQHandler                          0x080003ff   Thumb Code     0  startup_stm32h743xx.o(.text)
    SDMMC1_IRQHandler                        0x080003ff   Thumb Code     0  startup_stm32h743xx.o(.text)
    SDMMC2_IRQHandler                        0x080003ff   Thumb Code     0  startup_stm32h743xx.o(.text)
    SPDIF_RX_IRQHandler                      0x080003ff   Thumb Code     0  startup_stm32h743xx.o(.text)
    SPI1_IRQHandler                          0x080003ff   Thumb Code     0  startup_stm32h743xx.o(.text)
    SPI2_IRQHandler                          0x080003ff   Thumb Code     0  startup_stm32h743xx.o(.text)
    SPI3_IRQHandler                          0x080003ff   Thumb Code     0  startup_stm32h743xx.o(.text)
    SPI4_IRQHandler                          0x080003ff   Thumb Code     0  startup_stm32h743xx.o(.text)
    SPI5_IRQHandler                          0x080003ff   Thumb Code     0  startup_stm32h743xx.o(.text)
    SPI6_IRQHandler                          0x080003ff   Thumb Code     0  startup_stm32h743xx.o(.text)
    SWPMI1_IRQHandler                        0x080003ff   Thumb Code     0  startup_stm32h743xx.o(.text)
    TAMP_STAMP_IRQHandler                    0x080003ff   Thumb Code     0  startup_stm32h743xx.o(.text)
    TIM15_IRQHandler                         0x080003ff   Thumb Code     0  startup_stm32h743xx.o(.text)
    TIM16_IRQHandler                         0x080003ff   Thumb Code     0  startup_stm32h743xx.o(.text)
    TIM17_IRQHandler                         0x080003ff   Thumb Code     0  startup_stm32h743xx.o(.text)
    TIM1_BRK_IRQHandler                      0x080003ff   Thumb Code     0  startup_stm32h743xx.o(.text)
    TIM1_CC_IRQHandler                       0x080003ff   Thumb Code     0  startup_stm32h743xx.o(.text)
    TIM1_TRG_COM_IRQHandler                  0x080003ff   Thumb Code     0  startup_stm32h743xx.o(.text)
    TIM1_UP_IRQHandler                       0x080003ff   Thumb Code     0  startup_stm32h743xx.o(.text)
    TIM2_IRQHandler                          0x080003ff   Thumb Code     0  startup_stm32h743xx.o(.text)
    TIM3_IRQHandler                          0x080003ff   Thumb Code     0  startup_stm32h743xx.o(.text)
    TIM4_IRQHandler                          0x080003ff   Thumb Code     0  startup_stm32h743xx.o(.text)
    TIM5_IRQHandler                          0x080003ff   Thumb Code     0  startup_stm32h743xx.o(.text)
    TIM6_DAC_IRQHandler                      0x080003ff   Thumb Code     0  startup_stm32h743xx.o(.text)
    TIM7_IRQHandler                          0x080003ff   Thumb Code     0  startup_stm32h743xx.o(.text)
    TIM8_BRK_TIM12_IRQHandler                0x080003ff   Thumb Code     0  startup_stm32h743xx.o(.text)
    TIM8_CC_IRQHandler                       0x080003ff   Thumb Code     0  startup_stm32h743xx.o(.text)
    TIM8_TRG_COM_TIM14_IRQHandler            0x080003ff   Thumb Code     0  startup_stm32h743xx.o(.text)
    TIM8_UP_TIM13_IRQHandler                 0x080003ff   Thumb Code     0  startup_stm32h743xx.o(.text)
    UART4_IRQHandler                         0x080003ff   Thumb Code     0  startup_stm32h743xx.o(.text)
    UART5_IRQHandler                         0x080003ff   Thumb Code     0  startup_stm32h743xx.o(.text)
    UART7_IRQHandler                         0x080003ff   Thumb Code     0  startup_stm32h743xx.o(.text)
    UART8_IRQHandler                         0x080003ff   Thumb Code     0  startup_stm32h743xx.o(.text)
    USART2_IRQHandler                        0x080003ff   Thumb Code     0  startup_stm32h743xx.o(.text)
    USART3_IRQHandler                        0x080003ff   Thumb Code     0  startup_stm32h743xx.o(.text)
    USART6_IRQHandler                        0x080003ff   Thumb Code     0  startup_stm32h743xx.o(.text)
    WAKEUP_PIN_IRQHandler                    0x080003ff   Thumb Code     0  startup_stm32h743xx.o(.text)
    WWDG_IRQHandler                          0x080003ff   Thumb Code     0  startup_stm32h743xx.o(.text)
    __user_initial_stackheap                 0x08000401   Thumb Code     0  startup_stm32h743xx.o(.text)
    __aeabi_uldivmod                         0x08000425   Thumb Code     0  lludivv7m.o(.text)
    _ll_udiv                                 0x08000425   Thumb Code   238  lludivv7m.o(.text)
    vsnprintf                                0x08000515   Thumb Code    48  vsnprintf.o(.text)
    strlen                                   0x08000549   Thumb Code    62  strlen.o(.text)
    __aeabi_memclr4                          0x08000587   Thumb Code     0  rt_memclr_w.o(.text)
    __aeabi_memclr8                          0x08000587   Thumb Code     0  rt_memclr_w.o(.text)
    __rt_memclr_w                            0x08000587   Thumb Code    78  rt_memclr_w.o(.text)
    _memset_w                                0x0800058b   Thumb Code     0  rt_memclr_w.o(.text)
    __use_two_region_memory                  0x080005d5   Thumb Code     2  heapauxi.o(.text)
    __rt_heap_escrow$2region                 0x080005d7   Thumb Code     2  heapauxi.o(.text)
    __rt_heap_expand$2region                 0x080005d9   Thumb Code     2  heapauxi.o(.text)
    __read_errno                             0x080005db   Thumb Code    10  _rserrno.o(.text)
    __set_errno                              0x080005e5   Thumb Code    12  _rserrno.o(.text)
    _printf_pre_padding                      0x080005f1   Thumb Code    44  _printf_pad.o(.text)
    _printf_post_padding                     0x0800061d   Thumb Code    34  _printf_pad.o(.text)
    _printf_truncate_signed                  0x0800063f   Thumb Code    18  _printf_truncate.o(.text)
    _printf_truncate_unsigned                0x08000651   Thumb Code    18  _printf_truncate.o(.text)
    _printf_str                              0x08000663   Thumb Code    82  _printf_str.o(.text)
    _printf_int_dec                          0x080006b5   Thumb Code   104  _printf_dec.o(.text)
    _printf_charcount                        0x0800072d   Thumb Code    40  _printf_charcount.o(.text)
    _printf_char_common                      0x0800075f   Thumb Code    32  _printf_char_common.o(.text)
    _sputc                                   0x08000785   Thumb Code    10  _sputc.o(.text)
    _snputc                                  0x0800078f   Thumb Code    16  _snputc.o(.text)
    _printf_wctomb                           0x080007a1   Thumb Code   182  _printf_wctomb.o(.text)
    _printf_longlong_dec                     0x0800085d   Thumb Code   108  _printf_longlong_dec.o(.text)
    _printf_longlong_oct                     0x080008d9   Thumb Code    66  _printf_oct_int_ll.o(.text)
    _printf_int_oct                          0x0800091b   Thumb Code    24  _printf_oct_int_ll.o(.text)
    _printf_ll_oct                           0x08000933   Thumb Code    12  _printf_oct_int_ll.o(.text)
    _printf_longlong_hex                     0x08000949   Thumb Code    86  _printf_hex_int_ll_ptr.o(.text)
    _printf_int_hex                          0x0800099f   Thumb Code    28  _printf_hex_int_ll_ptr.o(.text)
    _printf_ll_hex                           0x080009bb   Thumb Code    12  _printf_hex_int_ll_ptr.o(.text)
    _printf_hex_ptr                          0x080009c7   Thumb Code    18  _printf_hex_int_ll_ptr.o(.text)
    __printf                                 0x080009dd   Thumb Code   388  __printf_flags_ss_wp.o(.text)
    __aeabi_errno_addr                       0x08000b65   Thumb Code     8  rt_errno_addr_intlibspace.o(.text)
    __errno$intlibspace                      0x08000b65   Thumb Code     0  rt_errno_addr_intlibspace.o(.text)
    __rt_errno_addr$intlibspace              0x08000b65   Thumb Code     0  rt_errno_addr_intlibspace.o(.text)
    _ll_udiv10                               0x08000b6d   Thumb Code   138  lludiv10.o(.text)
    _printf_int_common                       0x08000bf7   Thumb Code   178  _printf_intcommon.o(.text)
    __lib_sel_fp_printf                      0x08000ca9   Thumb Code     2  _printf_fp_dec.o(.text)
    _printf_fp_dec_real                      0x08000e5b   Thumb Code   620  _printf_fp_dec.o(.text)
    _printf_fp_hex_real                      0x080010c9   Thumb Code   756  _printf_fp_hex.o(.text)
    _printf_cs_common                        0x080013c5   Thumb Code    20  _printf_char.o(.text)
    _printf_char                             0x080013d9   Thumb Code    16  _printf_char.o(.text)
    _printf_string                           0x080013e9   Thumb Code     8  _printf_char.o(.text)
    _printf_lcs_common                       0x080013f1   Thumb Code    20  _printf_wchar.o(.text)
    _printf_wchar                            0x08001405   Thumb Code    16  _printf_wchar.o(.text)
    _printf_wstring                          0x08001415   Thumb Code     8  _printf_wchar.o(.text)
    _wcrtomb                                 0x0800141d   Thumb Code    64  _wcrtomb.o(.text)
    __user_libspace                          0x0800145d   Thumb Code     8  libspace.o(.text)
    __user_perproc_libspace                  0x0800145d   Thumb Code     0  libspace.o(.text)
    __user_perthread_libspace                0x0800145d   Thumb Code     0  libspace.o(.text)
    __user_setup_stackheap                   0x08001465   Thumb Code    74  sys_stackheap_outer.o(.text)
    __rt_ctype_table                         0x080014b1   Thumb Code    16  rt_ctype_table.o(.text)
    __rt_locale                              0x080014c1   Thumb Code     8  rt_locale_intlibspace.o(.text)
    _printf_fp_infnan                        0x080014c9   Thumb Code   112  _printf_fp_infnan.o(.text)
    _btod_etento                             0x08001549   Thumb Code   224  bigflt0.o(.text)
    exit                                     0x0800162d   Thumb Code    18  exit.o(.text)
    strcmp                                   0x08001641   Thumb Code   104  strcmpv7m_pel.o(.text)
    _sys_exit                                0x080016a9   Thumb Code     8  sys_exit.o(.text)
    __I$use$semihosting                      0x080016b5   Thumb Code     0  use_no_semi.o(.text)
    __use_no_semihosting_swi                 0x080016b5   Thumb Code     2  use_no_semi.o(.text)
    __semihosting_library_function           0x080016b7   Thumb Code     0  indicate_semi.o(.text)
    _btod_d2e                                0x080016b7   Thumb Code    62  btod.o(CL$$btod_d2e)
    _d2e_denorm_low                          0x080016f5   Thumb Code    70  btod.o(CL$$btod_d2e_denorm_low)
    _d2e_norm_op1                            0x0800173b   Thumb Code    96  btod.o(CL$$btod_d2e_norm_op1)
    __btod_div_common                        0x0800179b   Thumb Code   696  btod.o(CL$$btod_div_common)
    _e2e                                     0x08001ad3   Thumb Code   220  btod.o(CL$$btod_e2e)
    _btod_ediv                               0x08001baf   Thumb Code    42  btod.o(CL$$btod_ediv)
    _btod_emul                               0x08001bd9   Thumb Code    42  btod.o(CL$$btod_emul)
    __btod_mult_common                       0x08001c03   Thumb Code   580  btod.o(CL$$btod_mult_common)
    ADC_ConfigureBoostMode                   0x08001e49   Thumb Code   322  stm32h7xx_hal_adc.o(i.ADC_ConfigureBoostMode)
    BusFault_Handler                         0x08001fad   Thumb Code     4  stm32h7xx_it.o(i.BusFault_Handler)
    DMA1_Stream0_IRQHandler                  0x08001fb1   Thumb Code    10  stm32h7xx_it.o(i.DMA1_Stream0_IRQHandler)
    DebugMon_Handler                         0x0800252d   Thumb Code     2  stm32h7xx_it.o(i.DebugMon_Handler)
    EXTI15_10_IRQHandler                     0x0800252f   Thumb Code    20  stm32h7xx_it.o(i.EXTI15_10_IRQHandler)
    EXTI9_5_IRQHandler                       0x08002543   Thumb Code    10  stm32h7xx_it.o(i.EXTI9_5_IRQHandler)
    Error_Handler                            0x0800254d   Thumb Code     6  main.o(i.Error_Handler)
    HAL_ADCEx_MultiModeConfigChannel         0x08002555   Thumb Code   336  stm32h7xx_hal_adc_ex.o(i.HAL_ADCEx_MultiModeConfigChannel)
    HAL_ADC_ConfigChannel                    0x080026b9   Thumb Code  1314  stm32h7xx_hal_adc.o(i.HAL_ADC_ConfigChannel)
    HAL_ADC_Init                             0x08002c05   Thumb Code   608  stm32h7xx_hal_adc.o(i.HAL_ADC_Init)
    HAL_ADC_MspInit                          0x08002e91   Thumb Code   168  adc.o(i.HAL_ADC_MspInit)
    HAL_DMA_Abort                            0x08002f45   Thumb Code  1236  stm32h7xx_hal_dma.o(i.HAL_DMA_Abort)
    HAL_DMA_Abort_IT                         0x08003421   Thumb Code   906  stm32h7xx_hal_dma.o(i.HAL_DMA_Abort_IT)
    HAL_DMA_IRQHandler                       0x080037b9   Thumb Code  2798  stm32h7xx_hal_dma.o(i.HAL_DMA_IRQHandler)
    HAL_DMA_Init                             0x080042b1   Thumb Code  1304  stm32h7xx_hal_dma.o(i.HAL_DMA_Init)
    HAL_DMA_Start_IT                         0x080047d1   Thumb Code   980  stm32h7xx_hal_dma.o(i.HAL_DMA_Start_IT)
    HAL_Delay                                0x08004bb1   Thumb Code    36  stm32h7xx_hal.o(i.HAL_Delay)
    HAL_GPIO_EXTI_Callback                   0x08004bd9   Thumb Code    22  system.o(i.HAL_GPIO_EXTI_Callback)
    HAL_GPIO_EXTI_IRQHandler                 0x08004bf9   Thumb Code    24  stm32h7xx_hal_gpio.o(i.HAL_GPIO_EXTI_IRQHandler)
    HAL_GPIO_Init                            0x08004c15   Thumb Code   456  stm32h7xx_hal_gpio.o(i.HAL_GPIO_Init)
    HAL_GPIO_WritePin                        0x08004e11   Thumb Code    12  stm32h7xx_hal_gpio.o(i.HAL_GPIO_WritePin)
    HAL_GetREVID                             0x08004e1d   Thumb Code     8  stm32h7xx_hal.o(i.HAL_GetREVID)
    HAL_GetTick                              0x08004e29   Thumb Code     6  stm32h7xx_hal.o(i.HAL_GetTick)
    HAL_I2CEx_ConfigAnalogFilter             0x08004e35   Thumb Code   106  stm32h7xx_hal_i2c_ex.o(i.HAL_I2CEx_ConfigAnalogFilter)
    HAL_I2CEx_ConfigDigitalFilter            0x08004e9f   Thumb Code   104  stm32h7xx_hal_i2c_ex.o(i.HAL_I2CEx_ConfigDigitalFilter)
    HAL_I2C_Init                             0x08004f09   Thumb Code   212  stm32h7xx_hal_i2c.o(i.HAL_I2C_Init)
    HAL_I2C_MspInit                          0x08004fe1   Thumb Code   144  i2c.o(i.HAL_I2C_MspInit)
    HAL_IncTick                              0x0800507d   Thumb Code    16  stm32h7xx_hal.o(i.HAL_IncTick)
    HAL_Init                                 0x08005095   Thumb Code    80  stm32h7xx_hal.o(i.HAL_Init)
    HAL_InitTick                             0x080050f5   Thumb Code    74  stm32h7xx_hal.o(i.HAL_InitTick)
    HAL_MspInit                              0x0800514d   Thumb Code    32  stm32h7xx_hal_msp.o(i.HAL_MspInit)
    HAL_NVIC_EnableIRQ                       0x08005171   Thumb Code    40  stm32h7xx_hal_cortex.o(i.HAL_NVIC_EnableIRQ)
    HAL_NVIC_SetPriority                     0x08005199   Thumb Code   122  stm32h7xx_hal_cortex.o(i.HAL_NVIC_SetPriority)
    HAL_NVIC_SetPriorityGrouping             0x08005215   Thumb Code    32  stm32h7xx_hal_cortex.o(i.HAL_NVIC_SetPriorityGrouping)
    HAL_PWREx_ConfigSupply                   0x0800523d   Thumb Code    90  stm32h7xx_hal_pwr_ex.o(i.HAL_PWREx_ConfigSupply)
    HAL_RCCEx_GetD3PCLK1Freq                 0x0800529d   Thumb Code    26  stm32h7xx_hal_rcc_ex.o(i.HAL_RCCEx_GetD3PCLK1Freq)
    HAL_RCCEx_GetPLL1ClockFreq               0x080052c1   Thumb Code   536  stm32h7xx_hal_rcc_ex.o(i.HAL_RCCEx_GetPLL1ClockFreq)
    HAL_RCCEx_GetPLL2ClockFreq               0x080054f1   Thumb Code   536  stm32h7xx_hal_rcc_ex.o(i.HAL_RCCEx_GetPLL2ClockFreq)
    HAL_RCCEx_GetPLL3ClockFreq               0x08005721   Thumb Code   536  stm32h7xx_hal_rcc_ex.o(i.HAL_RCCEx_GetPLL3ClockFreq)
    HAL_RCCEx_GetPeriphCLKFreq               0x08005951   Thumb Code  2216  stm32h7xx_hal_rcc_ex.o(i.HAL_RCCEx_GetPeriphCLKFreq)
    HAL_RCCEx_PeriphCLKConfig                0x08006201   Thumb Code  3432  stm32h7xx_hal_rcc_ex.o(i.HAL_RCCEx_PeriphCLKConfig)
    HAL_RCC_ClockConfig                      0x08006f69   Thumb Code   774  stm32h7xx_hal_rcc.o(i.HAL_RCC_ClockConfig)
    HAL_RCC_GetHCLKFreq                      0x08007289   Thumb Code    60  stm32h7xx_hal_rcc.o(i.HAL_RCC_GetHCLKFreq)
    HAL_RCC_GetPCLK1Freq                     0x080072d5   Thumb Code    26  stm32h7xx_hal_rcc.o(i.HAL_RCC_GetPCLK1Freq)
    HAL_RCC_GetPCLK2Freq                     0x080072f9   Thumb Code    26  stm32h7xx_hal_rcc.o(i.HAL_RCC_GetPCLK2Freq)
    HAL_RCC_GetSysClockFreq                  0x0800731d   Thumb Code   524  stm32h7xx_hal_rcc.o(i.HAL_RCC_GetSysClockFreq)
    HAL_RCC_OscConfig                        0x08007549   Thumb Code  2130  stm32h7xx_hal_rcc.o(i.HAL_RCC_OscConfig)
    HAL_SPI_Init                             0x08007da1   Thumb Code   420  stm32h7xx_hal_spi.o(i.HAL_SPI_Init)
    HAL_SPI_MspInit                          0x08007f51   Thumb Code   490  spi.o(i.HAL_SPI_MspInit)
    HAL_SPI_Receive                          0x0800815d   Thumb Code   836  stm32h7xx_hal_spi.o(i.HAL_SPI_Receive)
    HAL_SPI_Transmit                         0x080084a1   Thumb Code   692  stm32h7xx_hal_spi.o(i.HAL_SPI_Transmit)
    HAL_SYSTICK_Config                       0x08008755   Thumb Code    52  stm32h7xx_hal_cortex.o(i.HAL_SYSTICK_Config)
    HAL_TIMEx_ConfigBreakDeadTime            0x08008789   Thumb Code   172  stm32h7xx_hal_tim_ex.o(i.HAL_TIMEx_ConfigBreakDeadTime)
    HAL_TIMEx_MasterConfigSynchronization    0x0800883d   Thumb Code   174  stm32h7xx_hal_tim_ex.o(i.HAL_TIMEx_MasterConfigSynchronization)
    HAL_TIM_Base_Init                        0x08008909   Thumb Code   110  stm32h7xx_hal_tim.o(i.HAL_TIM_Base_Init)
    HAL_TIM_Base_MspInit                     0x08008979   Thumb Code   156  tim.o(i.HAL_TIM_Base_MspInit)
    HAL_TIM_ConfigClockSource                0x08008a29   Thumb Code   304  stm32h7xx_hal_tim.o(i.HAL_TIM_ConfigClockSource)
    HAL_TIM_MspPostInit                      0x08008b5d   Thumb Code   276  tim.o(i.HAL_TIM_MspPostInit)
    HAL_TIM_PWM_ConfigChannel                0x08008c91   Thumb Code   368  stm32h7xx_hal_tim.o(i.HAL_TIM_PWM_ConfigChannel)
    HAL_TIM_PWM_Init                         0x08008e01   Thumb Code   110  stm32h7xx_hal_tim.o(i.HAL_TIM_PWM_Init)
    HAL_TIM_PWM_MspInit                      0x08008e6f   Thumb Code     2  stm32h7xx_hal_tim.o(i.HAL_TIM_PWM_MspInit)
    HAL_UARTEx_DisableFifoMode               0x08008e71   Thumb Code    78  stm32h7xx_hal_uart_ex.o(i.HAL_UARTEx_DisableFifoMode)
    HAL_UARTEx_RxEventCallback               0x08008ebf   Thumb Code     2  stm32h7xx_hal_uart.o(i.HAL_UARTEx_RxEventCallback)
    HAL_UARTEx_RxFifoFullCallback            0x08008ec1   Thumb Code     2  stm32h7xx_hal_uart_ex.o(i.HAL_UARTEx_RxFifoFullCallback)
    HAL_UARTEx_SetRxFifoThreshold            0x08008ec3   Thumb Code    94  stm32h7xx_hal_uart_ex.o(i.HAL_UARTEx_SetRxFifoThreshold)
    HAL_UARTEx_SetTxFifoThreshold            0x08008f21   Thumb Code    94  stm32h7xx_hal_uart_ex.o(i.HAL_UARTEx_SetTxFifoThreshold)
    HAL_UARTEx_TxFifoEmptyCallback           0x08008f7f   Thumb Code     2  stm32h7xx_hal_uart_ex.o(i.HAL_UARTEx_TxFifoEmptyCallback)
    HAL_UARTEx_WakeupCallback                0x08008f81   Thumb Code     2  stm32h7xx_hal_uart_ex.o(i.HAL_UARTEx_WakeupCallback)
    HAL_UART_ErrorCallback                   0x08008f83   Thumb Code     2  stm32h7xx_hal_uart.o(i.HAL_UART_ErrorCallback)
    HAL_UART_IRQHandler                      0x08008f85   Thumb Code  1172  stm32h7xx_hal_uart.o(i.HAL_UART_IRQHandler)
    HAL_UART_Init                            0x08009419   Thumb Code   120  stm32h7xx_hal_uart.o(i.HAL_UART_Init)
    HAL_UART_MspInit                         0x08009491   Thumb Code   946  usart.o(i.HAL_UART_MspInit)
    HAL_UART_Transmit                        0x08009881   Thumb Code   194  stm32h7xx_hal_uart.o(i.HAL_UART_Transmit)
    HAL_UART_Transmit_DMA                    0x08009945   Thumb Code   148  stm32h7xx_hal_uart.o(i.HAL_UART_Transmit_DMA)
    HAL_UART_TxCpltCallback                  0x080099e5   Thumb Code     2  stm32h7xx_hal_uart.o(i.HAL_UART_TxCpltCallback)
    HAL_UART_TxHalfCpltCallback              0x080099e7   Thumb Code     2  stm32h7xx_hal_uart.o(i.HAL_UART_TxHalfCpltCallback)
    HardFault_Handler                        0x080099e9   Thumb Code     4  stm32h7xx_it.o(i.HardFault_Handler)
    MX_ADC1_Init                             0x08009a5d   Thumb Code   146  adc.o(i.MX_ADC1_Init)
    MX_DMA_Init                              0x08009afd   Thumb Code    48  dma.o(i.MX_DMA_Init)
    MX_GPIO_Init                             0x08009b31   Thumb Code   446  gpio.o(i.MX_GPIO_Init)
    MX_I2C2_Init                             0x08009d09   Thumb Code    74  i2c.o(i.MX_I2C2_Init)
    MX_SPI1_Init                             0x08009d61   Thumb Code    88  spi.o(i.MX_SPI1_Init)
    MX_SPI2_Init                             0x08009dc1   Thumb Code    90  spi.o(i.MX_SPI2_Init)
    MX_SPI3_Init                             0x08009e25   Thumb Code    90  spi.o(i.MX_SPI3_Init)
    MX_TIM15_Init                            0x08009e89   Thumb Code   226  tim.o(i.MX_TIM15_Init)
    MX_TIM1_Init                             0x08009f75   Thumb Code   272  tim.o(i.MX_TIM1_Init)
    MX_TIM3_Init                             0x0800a08d   Thumb Code   172  tim.o(i.MX_TIM3_Init)
    MX_TIM4_Init                             0x0800a141   Thumb Code   188  tim.o(i.MX_TIM4_Init)
    MX_UART4_Init                            0x0800a205   Thumb Code    98  usart.o(i.MX_UART4_Init)
    MX_UART5_Init                            0x0800a271   Thumb Code    98  usart.o(i.MX_UART5_Init)
    MX_UART8_Init                            0x0800a2dd   Thumb Code    98  usart.o(i.MX_UART8_Init)
    MX_USART1_UART_Init                      0x0800a349   Thumb Code    96  usart.o(i.MX_USART1_UART_Init)
    MX_USART2_UART_Init                      0x0800a3b5   Thumb Code    98  usart.o(i.MX_USART2_UART_Init)
    MX_USART3_UART_Init                      0x0800a421   Thumb Code    98  usart.o(i.MX_USART3_UART_Init)
    MX_USART6_UART_Init                      0x0800a48d   Thumb Code    98  usart.o(i.MX_USART6_UART_Init)
    MemManage_Handler                        0x0800a4f9   Thumb Code     4  stm32h7xx_it.o(i.MemManage_Handler)
    NMI_Handler                              0x0800a4fd   Thumb Code     4  stm32h7xx_it.o(i.NMI_Handler)
    PendSV_Handler                           0x0800a501   Thumb Code     2  stm32h7xx_it.o(i.PendSV_Handler)
    SVC_Handler                              0x0800a8ff   Thumb Code     2  stm32h7xx_it.o(i.SVC_Handler)
    SysTick_Handler                          0x0800a901   Thumb Code     8  stm32h7xx_it.o(i.SysTick_Handler)
    SystemClock_Config                       0x0800a909   Thumb Code   300  main.o(i.SystemClock_Config)
    SystemInit                               0x0800aa41   Thumb Code   212  system_stm32h7xx.o(i.SystemInit)
    TIM_Base_SetConfig                       0x0800ab3d   Thumb Code   186  stm32h7xx_hal_tim.o(i.TIM_Base_SetConfig)
    TIM_ETR_SetConfig                        0x0800ac19   Thumb Code    22  stm32h7xx_hal_tim.o(i.TIM_ETR_SetConfig)
    TIM_OC2_SetConfig                        0x0800acf5   Thumb Code   156  stm32h7xx_hal_tim.o(i.TIM_OC2_SetConfig)
    UART_AdvFeatureConfig                    0x0800b059   Thumb Code   248  stm32h7xx_hal_uart.o(i.UART_AdvFeatureConfig)
    UART_CheckIdleState                      0x0800b151   Thumb Code   234  stm32h7xx_hal_uart.o(i.UART_CheckIdleState)
    UART_SetConfig                           0x0800b3f1   Thumb Code  1402  stm32h7xx_hal_uart.o(i.UART_SetConfig)
    UART_WaitOnFlagUntilTimeout              0x0800b97d   Thumb Code   172  stm32h7xx_hal_uart.o(i.UART_WaitOnFlagUntilTimeout)
    USART1_IRQHandler                        0x0800ba29   Thumb Code    10  stm32h7xx_it.o(i.USART1_IRQHandler)
    UsageFault_Handler                       0x0800ba39   Thumb Code     4  stm32h7xx_it.o(i.UsageFault_Handler)
    __ARM_fpclassify                         0x0800ba3d   Thumb Code    48  fpclassify.o(i.__ARM_fpclassify)
    __hardfp_pow                             0x0800baa9   Thumb Code  2140  pow.o(i.__hardfp_pow)
    __kernel_poly                            0x0800c3a1   Thumb Code   112  poly.o(i.__kernel_poly)
    __mathlib_dbl_divzero                    0x0800c411   Thumb Code    14  dunder.o(i.__mathlib_dbl_divzero)
    __mathlib_dbl_infnan2                    0x0800c431   Thumb Code     6  dunder.o(i.__mathlib_dbl_infnan2)
    __mathlib_dbl_invalid                    0x0800c439   Thumb Code    10  dunder.o(i.__mathlib_dbl_invalid)
    __mathlib_dbl_overflow                   0x0800c451   Thumb Code    10  dunder.o(i.__mathlib_dbl_overflow)
    __mathlib_dbl_underflow                  0x0800c469   Thumb Code    10  dunder.o(i.__mathlib_dbl_underflow)
    _is_digit                                0x0800c481   Thumb Code    14  __printf_wp.o(i._is_digit)
    bmi270_init                              0x0800c491   Thumb Code   106  bmi270.o(i.bmi270_init)
    bmi2_delay_us                            0x0800c50d   Thumb Code    36  system.o(i.bmi2_delay_us)
    bmi2_extract_input_feat_config           0x0800c531   Thumb Code    58  bmi2.o(i.bmi2_extract_input_feat_config)
    bmi2_get_data                            0x0800c56b   Thumb Code    34  system.o(i.bmi2_get_data)
    bmi2_get_feat_config                     0x0800c58d   Thumb Code   204  bmi2.o(i.bmi2_get_feat_config)
    bmi2_get_feature_data                    0x0800c659   Thumb Code   174  bmi2.o(i.bmi2_get_feature_data)
    bmi2_get_gyro_cross_sense                0x0800c707   Thumb Code    74  bmi2.o(i.bmi2_get_gyro_cross_sense)
    bmi2_get_int_pin_config                  0x0800c751   Thumb Code   164  bmi2.o(i.bmi2_get_int_pin_config)
    bmi2_get_internal_status                 0x0800c7f5   Thumb Code    52  bmi2.o(i.bmi2_get_internal_status)
    bmi2_get_regs                            0x0800c829   Thumb Code   130  bmi2.o(i.bmi2_get_regs)
    bmi2_get_regs_my                         0x0800c8ab   Thumb Code    74  system.o(i.bmi2_get_regs_my)
    bmi2_get_sensor_config                   0x0800c8f5   Thumb Code   268  bmi2.o(i.bmi2_get_sensor_config)
    bmi2_get_status                          0x0800ca01   Thumb Code    42  bmi2.o(i.bmi2_get_status)
    bmi2_interface_init                      0x0800ca2d   Thumb Code    38  system.o(i.bmi2_interface_init)
    bmi2_map_data_int                        0x0800ca61   Thumb Code   138  bmi2.o(i.bmi2_map_data_int)
    bmi2_parse_sensor_data                   0x0800caeb   Thumb Code   168  bmi2.o(i.bmi2_parse_sensor_data)
    bmi2_sec_init                            0x0800cb95   Thumb Code   120  bmi2.o(i.bmi2_sec_init)
    bmi2_sensor_enable                       0x0800cc11   Thumb Code    66  bmi2.o(i.bmi2_sensor_enable)
    bmi2_set_adv_power_save                  0x0800cc53   Thumb Code    84  bmi2.o(i.bmi2_set_adv_power_save)
    bmi2_set_int_pin_config                  0x0800cca7   Thumb Code   218  bmi2.o(i.bmi2_set_int_pin_config)
    bmi2_set_regs                            0x0800cd81   Thumb Code   164  bmi2.o(i.bmi2_set_regs)
    bmi2_set_sensor_config                   0x0800ce25   Thumb Code   234  bmi2.o(i.bmi2_set_sensor_config)
    bmi2_soft_reset                          0x0800cf0f   Thumb Code    94  bmi2.o(i.bmi2_soft_reset)
    bmi2_spi_read                            0x0800cf6d   Thumb Code    64  system.o(i.bmi2_spi_read)
    bmi2_spi_write                           0x0800cfb5   Thumb Code    64  system.o(i.bmi2_spi_write)
    bmi2_write_config_file                   0x0800cffd   Thumb Code   114  bmi2.o(i.bmi2_write_config_file)
    debugUartTx                              0x0800d255   Thumb Code    22  system.o(i.debugUartTx)
    debugUartTxDma                           0x0800d271   Thumb Code    18  system.o(i.debugUartTxDma)
    fabs                                     0x0800d2c3   Thumb Code    24  fabs.o(i.fabs)
    main                                     0x0800d7d5   Thumb Code    92  main.o(i.main)
    slog                                     0x0800dca5   Thumb Code    46  system.o(i.slog)
    slogDma                                  0x0800dcd9   Thumb Code    46  system.o(i.slogDma)
    sqrt                                     0x0800dd0d   Thumb Code   106  sqrt.o(i.sqrt)
    systemInit                               0x0800dd79   Thumb Code   128  system.o(i.systemInit)
    systemLoop                               0x0800de99   Thumb Code   216  system.o(i.systemLoop)
    _get_lc_numeric                          0x0800e1cd   Thumb Code    44  lc_numeric_c.o(locale$$code)
    _get_lc_ctype                            0x0800e1f9   Thumb Code    44  lc_ctype_c.o(locale$$code)
    __fpl_dcheck_NaN1                        0x0800e225   Thumb Code    10  dcheck1.o(x$fpl$dcheck1)
    _fp_init                                 0x0800e235   Thumb Code    10  fpinit.o(x$fpl$fpinit)
    __fplib_config_fpu_vfp                   0x0800e23d   Thumb Code     0  fpinit.o(x$fpl$fpinit)
    __fplib_config_pureend_doubles           0x0800e23d   Thumb Code     0  fpinit.o(x$fpl$fpinit)
    _printf_fp_dec                           0x0800e23f   Thumb Code     4  printf1.o(x$fpl$printf1)
    _printf_fp_hex                           0x0800e243   Thumb Code     4  printf2.o(x$fpl$printf2)
    __fpl_return_NaN                         0x0800e247   Thumb Code   100  retnan.o(x$fpl$retnan)
    __ARM_scalbn                             0x0800e2ab   Thumb Code    92  scalbn.o(x$fpl$scalbn)
    __fpl_cmpreturn                          0x0800e307   Thumb Code    48  trapv.o(x$fpl$trapveneer)
    __I$use$fp                               0x0800e336   Number         0  usenofp.o(x$fpl$usenofp)
    UARTPrescTable                           0x0800e33e   Data          24  stm32h7xx_hal_uart.o(.constdata)
    D1CorePrescTable                         0x0800e366   Data          16  system_stm32h7xx.o(.constdata)
    bmi270_config_file                       0x0800e37e   Data        8192  bmi270.o(.constdata)
    bmi270_feat_in                           0x0801037e   Data          51  bmi270.o(.constdata)
    bmi270_feat_out                          0x080103b1   Data          21  bmi270.o(.constdata)
    __mathlib_zero                           0x08010498   Data           8  qnan.o(.constdata)
    Region$$Table$$Base                      0x0801055c   Number         0  anon$$obj.o(Region$$Table)
    Region$$Table$$Limit                     0x0801057c   Number         0  anon$$obj.o(Region$$Table)
    __ctype                                  0x080105a5   Data           0  lc_ctype_c.o(locale$$data)
    uwTick                                   0x24000000   Data           4  stm32h7xx_hal.o(.data)
    uwTickPrio                               0x24000004   Data           4  stm32h7xx_hal.o(.data)
    uwTickFreq                               0x24000008   Data           1  stm32h7xx_hal.o(.data)
    SystemCoreClock                          0x2400000c   Data           4  system_stm32h7xx.o(.data)
    SystemD2Clock                            0x24000010   Data           4  system_stm32h7xx.o(.data)
    drdy_int_status                          0x24000014   Data           1  system.o(.data)
    drdy_int_cnt                             0x24000018   Data           4  system.o(.data)
    rslt                                     0x2400001c   Data           1  system.o(.data)
    sensor_list                              0x2400001d   Data           2  system.o(.data)
    acc_x                                    0x24000020   Data           4  system.o(.data)
    acc_y                                    0x24000024   Data           4  system.o(.data)
    acc_z                                    0x24000028   Data           4  system.o(.data)
    gyr_x                                    0x2400002c   Data           4  system.o(.data)
    gyr_y                                    0x24000030   Data           4  system.o(.data)
    gyr_z                                    0x24000034   Data           4  system.o(.data)
    bmi270_map_int                           0x24000038   Data          16  bmi270.o(.data)
    hadc1                                    0x24000048   Data         100  adc.o(.bss)
    hi2c2                                    0x240000ac   Data          84  i2c.o(.bss)
    hspi1                                    0x24000100   Data         136  spi.o(.bss)
    hspi2                                    0x24000188   Data         136  spi.o(.bss)
    hspi3                                    0x24000210   Data         136  spi.o(.bss)
    htim1                                    0x24000298   Data          76  tim.o(.bss)
    htim3                                    0x240002e4   Data          76  tim.o(.bss)
    htim4                                    0x24000330   Data          76  tim.o(.bss)
    htim15                                   0x2400037c   Data          76  tim.o(.bss)
    huart4                                   0x240003c8   Data         148  usart.o(.bss)
    huart5                                   0x2400045c   Data         148  usart.o(.bss)
    huart8                                   0x240004f0   Data         148  usart.o(.bss)
    huart1                                   0x24000584   Data         148  usart.o(.bss)
    huart2                                   0x24000618   Data         148  usart.o(.bss)
    huart3                                   0x240006ac   Data         148  usart.o(.bss)
    huart6                                   0x24000740   Data         148  usart.o(.bss)
    hdma_usart1_tx                           0x240007d4   Data         120  usart.o(.bss)
    log_buffer                               0x24000850   Data         128  system.o(.bss)
    bmi                                      0x240008d0   Data         104  system.o(.bss)
    sensor_data                              0x24000938   Data          40  system.o(.bss)
    __libspace_start                         0x24000960   Data          96  libspace.o(.bss)
    __temporary_stack_top$libspace           0x240009c0   Data           0  libspace.o(.bss)



==============================================================================

Memory Map of the image

  Image Entry point : 0x08000299

  Load Region LR_IROM1 (Base: 0x08000000, Size: 0x000106f0, Max: 0x00200000, ABSOLUTE)

    Execution Region ER_IROM1 (Exec base: 0x08000000, Load base: 0x08000000, Size: 0x000106a8, Max: 0x00200000, ABSOLUTE)

    Exec Addr    Load Addr    Size         Type   Attr      Idx    E Section Name        Object

    0x08000000   0x08000000   0x00000298   Data   RO            3    RESET               startup_stm32h743xx.o
    0x08000298   0x08000298   0x00000008   Code   RO         1216  * !!!main             c_w.l(__main.o)
    0x080002a0   0x080002a0   0x00000034   Code   RO         1487    !!!scatter          c_w.l(__scatter.o)
    0x080002d4   0x080002d4   0x0000001a   Code   RO         1488    !!handler_copy      c_w.l(__scatter_copy.o)
    0x080002ee   0x080002ee   0x00000002   PAD
    0x080002f0   0x080002f0   0x0000001c   Code   RO         1489    !!handler_zi        c_w.l(__scatter_zi.o)
    0x0800030c   0x0800030c   0x00000000   Code   RO         1284    .ARM.Collect$$_printf_percent$$00000000  c_w.l(_printf_percent.o)
    0x0800030c   0x0800030c   0x00000006   Code   RO         1273    .ARM.Collect$$_printf_percent$$00000001  c_w.l(_printf_n.o)
    0x08000312   0x08000312   0x00000006   Code   RO         1275    .ARM.Collect$$_printf_percent$$00000002  c_w.l(_printf_p.o)
    0x08000318   0x08000318   0x00000006   Code   RO         1280    .ARM.Collect$$_printf_percent$$00000003  c_w.l(_printf_f.o)
    0x0800031e   0x0800031e   0x00000006   Code   RO         1281    .ARM.Collect$$_printf_percent$$00000004  c_w.l(_printf_e.o)
    0x08000324   0x08000324   0x00000006   Code   RO         1282    .ARM.Collect$$_printf_percent$$00000005  c_w.l(_printf_g.o)
    0x0800032a   0x0800032a   0x00000006   Code   RO         1283    .ARM.Collect$$_printf_percent$$00000006  c_w.l(_printf_a.o)
    0x08000330   0x08000330   0x0000000a   Code   RO         1288    .ARM.Collect$$_printf_percent$$00000007  c_w.l(_printf_ll.o)
    0x0800033a   0x0800033a   0x00000006   Code   RO         1277    .ARM.Collect$$_printf_percent$$00000008  c_w.l(_printf_i.o)
    0x08000340   0x08000340   0x00000006   Code   RO         1278    .ARM.Collect$$_printf_percent$$00000009  c_w.l(_printf_d.o)
    0x08000346   0x08000346   0x00000006   Code   RO         1279    .ARM.Collect$$_printf_percent$$0000000A  c_w.l(_printf_u.o)
    0x0800034c   0x0800034c   0x00000006   Code   RO         1276    .ARM.Collect$$_printf_percent$$0000000B  c_w.l(_printf_o.o)
    0x08000352   0x08000352   0x00000006   Code   RO         1274    .ARM.Collect$$_printf_percent$$0000000C  c_w.l(_printf_x.o)
    0x08000358   0x08000358   0x00000006   Code   RO         1285    .ARM.Collect$$_printf_percent$$0000000D  c_w.l(_printf_lli.o)
    0x0800035e   0x0800035e   0x00000006   Code   RO         1286    .ARM.Collect$$_printf_percent$$0000000E  c_w.l(_printf_lld.o)
    0x08000364   0x08000364   0x00000006   Code   RO         1287    .ARM.Collect$$_printf_percent$$0000000F  c_w.l(_printf_llu.o)
    0x0800036a   0x0800036a   0x00000006   Code   RO         1292    .ARM.Collect$$_printf_percent$$00000010  c_w.l(_printf_llo.o)
    0x08000370   0x08000370   0x00000006   Code   RO         1293    .ARM.Collect$$_printf_percent$$00000011  c_w.l(_printf_llx.o)
    0x08000376   0x08000376   0x0000000a   Code   RO         1289    .ARM.Collect$$_printf_percent$$00000012  c_w.l(_printf_l.o)
    0x08000380   0x08000380   0x00000006   Code   RO         1271    .ARM.Collect$$_printf_percent$$00000013  c_w.l(_printf_c.o)
    0x08000386   0x08000386   0x00000006   Code   RO         1272    .ARM.Collect$$_printf_percent$$00000014  c_w.l(_printf_s.o)
    0x0800038c   0x0800038c   0x00000006   Code   RO         1290    .ARM.Collect$$_printf_percent$$00000015  c_w.l(_printf_lc.o)
    0x08000392   0x08000392   0x00000006   Code   RO         1291    .ARM.Collect$$_printf_percent$$00000016  c_w.l(_printf_ls.o)
    0x08000398   0x08000398   0x00000004   Code   RO         1346    .ARM.Collect$$_printf_percent$$00000017  c_w.l(_printf_percent_end.o)
    0x0800039c   0x0800039c   0x00000002   Code   RO         1378    .ARM.Collect$$libinit$$00000000  c_w.l(libinit.o)
    0x0800039e   0x0800039e   0x00000004   Code   RO         1389    .ARM.Collect$$libinit$$00000001  c_w.l(libinit2.o)
    0x080003a2   0x080003a2   0x00000000   Code   RO         1392    .ARM.Collect$$libinit$$00000004  c_w.l(libinit2.o)
    0x080003a2   0x080003a2   0x00000000   Code   RO         1395    .ARM.Collect$$libinit$$0000000A  c_w.l(libinit2.o)
    0x080003a2   0x080003a2   0x00000000   Code   RO         1397    .ARM.Collect$$libinit$$0000000C  c_w.l(libinit2.o)
    0x080003a2   0x080003a2   0x00000000   Code   RO         1399    .ARM.Collect$$libinit$$0000000E  c_w.l(libinit2.o)
    0x080003a2   0x080003a2   0x00000006   Code   RO         1400    .ARM.Collect$$libinit$$0000000F  c_w.l(libinit2.o)
    0x080003a8   0x080003a8   0x00000000   Code   RO         1402    .ARM.Collect$$libinit$$00000011  c_w.l(libinit2.o)
    0x080003a8   0x080003a8   0x0000000c   Code   RO         1403    .ARM.Collect$$libinit$$00000012  c_w.l(libinit2.o)
    0x080003b4   0x080003b4   0x00000000   Code   RO         1404    .ARM.Collect$$libinit$$00000013  c_w.l(libinit2.o)
    0x080003b4   0x080003b4   0x00000000   Code   RO         1406    .ARM.Collect$$libinit$$00000015  c_w.l(libinit2.o)
    0x080003b4   0x080003b4   0x0000000a   Code   RO         1407    .ARM.Collect$$libinit$$00000016  c_w.l(libinit2.o)
    0x080003be   0x080003be   0x00000000   Code   RO         1408    .ARM.Collect$$libinit$$00000017  c_w.l(libinit2.o)
    0x080003be   0x080003be   0x00000000   Code   RO         1410    .ARM.Collect$$libinit$$00000019  c_w.l(libinit2.o)
    0x080003be   0x080003be   0x00000000   Code   RO         1412    .ARM.Collect$$libinit$$0000001B  c_w.l(libinit2.o)
    0x080003be   0x080003be   0x00000000   Code   RO         1414    .ARM.Collect$$libinit$$0000001D  c_w.l(libinit2.o)
    0x080003be   0x080003be   0x00000000   Code   RO         1416    .ARM.Collect$$libinit$$0000001F  c_w.l(libinit2.o)
    0x080003be   0x080003be   0x00000000   Code   RO         1418    .ARM.Collect$$libinit$$00000021  c_w.l(libinit2.o)
    0x080003be   0x080003be   0x00000000   Code   RO         1420    .ARM.Collect$$libinit$$00000023  c_w.l(libinit2.o)
    0x080003be   0x080003be   0x00000000   Code   RO         1422    .ARM.Collect$$libinit$$00000025  c_w.l(libinit2.o)
    0x080003be   0x080003be   0x00000000   Code   RO         1426    .ARM.Collect$$libinit$$0000002C  c_w.l(libinit2.o)
    0x080003be   0x080003be   0x00000000   Code   RO         1428    .ARM.Collect$$libinit$$0000002E  c_w.l(libinit2.o)
    0x080003be   0x080003be   0x00000000   Code   RO         1430    .ARM.Collect$$libinit$$00000030  c_w.l(libinit2.o)
    0x080003be   0x080003be   0x00000000   Code   RO         1432    .ARM.Collect$$libinit$$00000032  c_w.l(libinit2.o)
    0x080003be   0x080003be   0x00000002   Code   RO         1433    .ARM.Collect$$libinit$$00000033  c_w.l(libinit2.o)
    0x080003c0   0x080003c0   0x00000002   Code   RO         1454    .ARM.Collect$$libshutdown$$00000000  c_w.l(libshutdown.o)
    0x080003c2   0x080003c2   0x00000000   Code   RO         1468    .ARM.Collect$$libshutdown$$00000002  c_w.l(libshutdown2.o)
    0x080003c2   0x080003c2   0x00000000   Code   RO         1470    .ARM.Collect$$libshutdown$$00000004  c_w.l(libshutdown2.o)
    0x080003c2   0x080003c2   0x00000000   Code   RO         1472    .ARM.Collect$$libshutdown$$00000006  c_w.l(libshutdown2.o)
    0x080003c2   0x080003c2   0x00000000   Code   RO         1475    .ARM.Collect$$libshutdown$$00000009  c_w.l(libshutdown2.o)
    0x080003c2   0x080003c2   0x00000000   Code   RO         1478    .ARM.Collect$$libshutdown$$0000000C  c_w.l(libshutdown2.o)
    0x080003c2   0x080003c2   0x00000000   Code   RO         1480    .ARM.Collect$$libshutdown$$0000000E  c_w.l(libshutdown2.o)
    0x080003c2   0x080003c2   0x00000000   Code   RO         1483    .ARM.Collect$$libshutdown$$00000011  c_w.l(libshutdown2.o)
    0x080003c2   0x080003c2   0x00000002   Code   RO         1484    .ARM.Collect$$libshutdown$$00000012  c_w.l(libshutdown2.o)
    0x080003c4   0x080003c4   0x00000000   Code   RO         1225    .ARM.Collect$$rtentry$$00000000  c_w.l(__rtentry.o)
    0x080003c4   0x080003c4   0x00000000   Code   RO         1320    .ARM.Collect$$rtentry$$00000002  c_w.l(__rtentry2.o)
    0x080003c4   0x080003c4   0x00000006   Code   RO         1332    .ARM.Collect$$rtentry$$00000004  c_w.l(__rtentry4.o)
    0x080003ca   0x080003ca   0x00000000   Code   RO         1322    .ARM.Collect$$rtentry$$00000009  c_w.l(__rtentry2.o)
    0x080003ca   0x080003ca   0x00000004   Code   RO         1323    .ARM.Collect$$rtentry$$0000000A  c_w.l(__rtentry2.o)
    0x080003ce   0x080003ce   0x00000000   Code   RO         1325    .ARM.Collect$$rtentry$$0000000C  c_w.l(__rtentry2.o)
    0x080003ce   0x080003ce   0x00000008   Code   RO         1326    .ARM.Collect$$rtentry$$0000000D  c_w.l(__rtentry2.o)
    0x080003d6   0x080003d6   0x00000002   Code   RO         1381    .ARM.Collect$$rtexit$$00000000  c_w.l(rtexit.o)
    0x080003d8   0x080003d8   0x00000000   Code   RO         1437    .ARM.Collect$$rtexit$$00000002  c_w.l(rtexit2.o)
    0x080003d8   0x080003d8   0x00000004   Code   RO         1438    .ARM.Collect$$rtexit$$00000003  c_w.l(rtexit2.o)
    0x080003dc   0x080003dc   0x00000006   Code   RO         1439    .ARM.Collect$$rtexit$$00000004  c_w.l(rtexit2.o)
    0x080003e2   0x080003e2   0x00000002   PAD
    0x080003e4   0x080003e4   0x00000040   Code   RO            4    .text               startup_stm32h743xx.o
    0x08000424   0x08000424   0x000000ee   Code   RO         1211    .text               c_w.l(lludivv7m.o)
    0x08000512   0x08000512   0x00000002   PAD
    0x08000514   0x08000514   0x00000034   Code   RO         1212    .text               c_w.l(vsnprintf.o)
    0x08000548   0x08000548   0x0000003e   Code   RO         1213    .text               c_w.l(strlen.o)
    0x08000586   0x08000586   0x0000004e   Code   RO         1214    .text               c_w.l(rt_memclr_w.o)
    0x080005d4   0x080005d4   0x00000006   Code   RO         1215    .text               c_w.l(heapauxi.o)
    0x080005da   0x080005da   0x00000016   Code   RO         1228    .text               c_w.l(_rserrno.o)
    0x080005f0   0x080005f0   0x0000004e   Code   RO         1230    .text               c_w.l(_printf_pad.o)
    0x0800063e   0x0800063e   0x00000024   Code   RO         1231    .text               c_w.l(_printf_truncate.o)
    0x08000662   0x08000662   0x00000052   Code   RO         1232    .text               c_w.l(_printf_str.o)
    0x080006b4   0x080006b4   0x00000078   Code   RO         1233    .text               c_w.l(_printf_dec.o)
    0x0800072c   0x0800072c   0x00000028   Code   RO         1234    .text               c_w.l(_printf_charcount.o)
    0x08000754   0x08000754   0x00000030   Code   RO         1235    .text               c_w.l(_printf_char_common.o)
    0x08000784   0x08000784   0x0000000a   Code   RO         1236    .text               c_w.l(_sputc.o)
    0x0800078e   0x0800078e   0x00000010   Code   RO         1237    .text               c_w.l(_snputc.o)
    0x0800079e   0x0800079e   0x00000002   PAD
    0x080007a0   0x080007a0   0x000000bc   Code   RO         1238    .text               c_w.l(_printf_wctomb.o)
    0x0800085c   0x0800085c   0x0000007c   Code   RO         1240    .text               c_w.l(_printf_longlong_dec.o)
    0x080008d8   0x080008d8   0x00000070   Code   RO         1243    .text               c_w.l(_printf_oct_int_ll.o)
    0x08000948   0x08000948   0x00000094   Code   RO         1256    .text               c_w.l(_printf_hex_int_ll_ptr.o)
    0x080009dc   0x080009dc   0x00000188   Code   RO         1269    .text               c_w.l(__printf_flags_ss_wp.o)
    0x08000b64   0x08000b64   0x00000008   Code   RO         1337    .text               c_w.l(rt_errno_addr_intlibspace.o)
    0x08000b6c   0x08000b6c   0x0000008a   Code   RO         1338    .text               c_w.l(lludiv10.o)
    0x08000bf6   0x08000bf6   0x000000b2   Code   RO         1339    .text               c_w.l(_printf_intcommon.o)
    0x08000ca8   0x08000ca8   0x0000041e   Code   RO         1340    .text               c_w.l(_printf_fp_dec.o)
    0x080010c6   0x080010c6   0x00000002   PAD
    0x080010c8   0x080010c8   0x000002fc   Code   RO         1341    .text               c_w.l(_printf_fp_hex.o)
    0x080013c4   0x080013c4   0x0000002c   Code   RO         1344    .text               c_w.l(_printf_char.o)
    0x080013f0   0x080013f0   0x0000002c   Code   RO         1345    .text               c_w.l(_printf_wchar.o)
    0x0800141c   0x0800141c   0x00000040   Code   RO         1347    .text               c_w.l(_wcrtomb.o)
    0x0800145c   0x0800145c   0x00000008   Code   RO         1349    .text               c_w.l(libspace.o)
    0x08001464   0x08001464   0x0000004a   Code   RO         1351    .text               c_w.l(sys_stackheap_outer.o)
    0x080014ae   0x080014ae   0x00000002   PAD
    0x080014b0   0x080014b0   0x00000010   Code   RO         1352    .text               c_w.l(rt_ctype_table.o)
    0x080014c0   0x080014c0   0x00000008   Code   RO         1355    .text               c_w.l(rt_locale_intlibspace.o)
    0x080014c8   0x080014c8   0x00000080   Code   RO         1356    .text               c_w.l(_printf_fp_infnan.o)
    0x08001548   0x08001548   0x000000e4   Code   RO         1357    .text               c_w.l(bigflt0.o)
    0x0800162c   0x0800162c   0x00000012   Code   RO         1372    .text               c_w.l(exit.o)
    0x0800163e   0x0800163e   0x00000002   PAD
    0x08001640   0x08001640   0x00000068   Code   RO         1388    .text               c_w.l(strcmpv7m_pel.o)
    0x080016a8   0x080016a8   0x0000000c   Code   RO         1435    .text               c_w.l(sys_exit.o)
    0x080016b4   0x080016b4   0x00000002   Code   RO         1448    .text               c_w.l(use_no_semi.o)
    0x080016b6   0x080016b6   0x00000000   Code   RO         1449    .text               c_w.l(indicate_semi.o)
    0x080016b6   0x080016b6   0x0000003e   Code   RO         1359    CL$$btod_d2e        c_w.l(btod.o)
    0x080016f4   0x080016f4   0x00000046   Code   RO         1361    CL$$btod_d2e_denorm_low  c_w.l(btod.o)
    0x0800173a   0x0800173a   0x00000060   Code   RO         1360    CL$$btod_d2e_norm_op1  c_w.l(btod.o)
    0x0800179a   0x0800179a   0x00000338   Code   RO         1369    CL$$btod_div_common  c_w.l(btod.o)
    0x08001ad2   0x08001ad2   0x000000dc   Code   RO         1366    CL$$btod_e2e        c_w.l(btod.o)
    0x08001bae   0x08001bae   0x0000002a   Code   RO         1363    CL$$btod_ediv       c_w.l(btod.o)
    0x08001bd8   0x08001bd8   0x0000002a   Code   RO         1362    CL$$btod_emul       c_w.l(btod.o)
    0x08001c02   0x08001c02   0x00000244   Code   RO         1368    CL$$btod_mult_common  c_w.l(btod.o)
    0x08001e46   0x08001e46   0x00000002   PAD
    0x08001e48   0x08001e48   0x00000164   Code   RO           89    i.ADC_ConfigureBoostMode  stm32h7xx_hal_adc.o
    0x08001fac   0x08001fac   0x00000004   Code   RO           69    i.BusFault_Handler  stm32h7xx_it.o
    0x08001fb0   0x08001fb0   0x00000010   Code   RO           70    i.DMA1_Stream0_IRQHandler  stm32h7xx_it.o
    0x08001fc0   0x08001fc0   0x000000ec   Code   RO          302    i.DMA_CalcBaseAndBitshift  stm32h7xx_hal_dma.o
    0x080020ac   0x080020ac   0x000000c4   Code   RO          303    i.DMA_CalcDMAMUXChannelBaseAndMask  stm32h7xx_hal_dma.o
    0x08002170   0x08002170   0x00000098   Code   RO          304    i.DMA_CalcDMAMUXRequestGenBaseAndMask  stm32h7xx_hal_dma.o
    0x08002208   0x08002208   0x000000ae   Code   RO          305    i.DMA_CheckFifoParam  stm32h7xx_hal_dma.o
    0x080022b6   0x080022b6   0x00000002   PAD
    0x080022b8   0x080022b8   0x00000274   Code   RO          306    i.DMA_SetConfig     stm32h7xx_hal_dma.o
    0x0800252c   0x0800252c   0x00000002   Code   RO           71    i.DebugMon_Handler  stm32h7xx_it.o
    0x0800252e   0x0800252e   0x00000014   Code   RO           72    i.EXTI15_10_IRQHandler  stm32h7xx_it.o
    0x08002542   0x08002542   0x0000000a   Code   RO           73    i.EXTI9_5_IRQHandler  stm32h7xx_it.o
    0x0800254c   0x0800254c   0x00000006   Code   RO            8    i.Error_Handler     main.o
    0x08002552   0x08002552   0x00000002   PAD
    0x08002554   0x08002554   0x00000164   Code   RO          156    i.HAL_ADCEx_MultiModeConfigChannel  stm32h7xx_hal_adc_ex.o
    0x080026b8   0x080026b8   0x0000054c   Code   RO           97    i.HAL_ADC_ConfigChannel  stm32h7xx_hal_adc.o
    0x08002c04   0x08002c04   0x0000028c   Code   RO          106    i.HAL_ADC_Init      stm32h7xx_hal_adc.o
    0x08002e90   0x08002e90   0x000000b4   Code   RO           19    i.HAL_ADC_MspInit   adc.o
    0x08002f44   0x08002f44   0x000004dc   Code   RO          307    i.HAL_DMA_Abort     stm32h7xx_hal_dma.o
    0x08003420   0x08003420   0x00000398   Code   RO          308    i.HAL_DMA_Abort_IT  stm32h7xx_hal_dma.o
    0x080037b8   0x080037b8   0x00000af8   Code   RO          312    i.HAL_DMA_IRQHandler  stm32h7xx_hal_dma.o
    0x080042b0   0x080042b0   0x00000520   Code   RO          313    i.HAL_DMA_Init      stm32h7xx_hal_dma.o
    0x080047d0   0x080047d0   0x000003e0   Code   RO          317    i.HAL_DMA_Start_IT  stm32h7xx_hal_dma.o
    0x08004bb0   0x08004bb0   0x00000028   Code   RO          455    i.HAL_Delay         stm32h7xx_hal.o
    0x08004bd8   0x08004bd8   0x00000020   Code   RO          940    i.HAL_GPIO_EXTI_Callback  system.o
    0x08004bf8   0x08004bf8   0x0000001c   Code   RO          279    i.HAL_GPIO_EXTI_IRQHandler  stm32h7xx_hal_gpio.o
    0x08004c14   0x08004c14   0x000001fc   Code   RO          280    i.HAL_GPIO_Init     stm32h7xx_hal_gpio.o
    0x08004e10   0x08004e10   0x0000000c   Code   RO          284    i.HAL_GPIO_WritePin  stm32h7xx_hal_gpio.o
    0x08004e1c   0x08004e1c   0x0000000c   Code   RO          466    i.HAL_GetREVID      stm32h7xx_hal.o
    0x08004e28   0x08004e28   0x0000000c   Code   RO          467    i.HAL_GetTick       stm32h7xx_hal.o
    0x08004e34   0x08004e34   0x0000006a   Code   RO          584    i.HAL_I2CEx_ConfigAnalogFilter  stm32h7xx_hal_i2c_ex.o
    0x08004e9e   0x08004e9e   0x00000068   Code   RO          585    i.HAL_I2CEx_ConfigDigitalFilter  stm32h7xx_hal_i2c_ex.o
    0x08004f06   0x08004f06   0x00000002   PAD
    0x08004f08   0x08004f08   0x000000d8   Code   RO          511    i.HAL_I2C_Init      stm32h7xx_hal_i2c.o
    0x08004fe0   0x08004fe0   0x0000009c   Code   RO           30    i.HAL_I2C_MspInit   i2c.o
    0x0800507c   0x0800507c   0x00000018   Code   RO          473    i.HAL_IncTick       stm32h7xx_hal.o
    0x08005094   0x08005094   0x00000060   Code   RO          474    i.HAL_Init          stm32h7xx_hal.o
    0x080050f4   0x080050f4   0x00000058   Code   RO          475    i.HAL_InitTick      stm32h7xx_hal.o
    0x0800514c   0x0800514c   0x00000024   Code   RO           85    i.HAL_MspInit       stm32h7xx_hal_msp.o
    0x08005170   0x08005170   0x00000028   Code   RO          430    i.HAL_NVIC_EnableIRQ  stm32h7xx_hal_cortex.o
    0x08005198   0x08005198   0x0000007a   Code   RO          436    i.HAL_NVIC_SetPriority  stm32h7xx_hal_cortex.o
    0x08005212   0x08005212   0x00000002   PAD
    0x08005214   0x08005214   0x00000028   Code   RO          437    i.HAL_NVIC_SetPriorityGrouping  stm32h7xx_hal_cortex.o
    0x0800523c   0x0800523c   0x00000060   Code   RO          384    i.HAL_PWREx_ConfigSupply  stm32h7xx_hal_pwr_ex.o
    0x0800529c   0x0800529c   0x00000024   Code   RO          211    i.HAL_RCCEx_GetD3PCLK1Freq  stm32h7xx_hal_rcc_ex.o
    0x080052c0   0x080052c0   0x00000230   Code   RO          212    i.HAL_RCCEx_GetPLL1ClockFreq  stm32h7xx_hal_rcc_ex.o
    0x080054f0   0x080054f0   0x00000230   Code   RO          213    i.HAL_RCCEx_GetPLL2ClockFreq  stm32h7xx_hal_rcc_ex.o
    0x08005720   0x08005720   0x00000230   Code   RO          214    i.HAL_RCCEx_GetPLL3ClockFreq  stm32h7xx_hal_rcc_ex.o
    0x08005950   0x08005950   0x000008b0   Code   RO          216    i.HAL_RCCEx_GetPeriphCLKFreq  stm32h7xx_hal_rcc_ex.o
    0x08006200   0x08006200   0x00000d68   Code   RO          220    i.HAL_RCCEx_PeriphCLKConfig  stm32h7xx_hal_rcc_ex.o
    0x08006f68   0x08006f68   0x00000320   Code   RO          181    i.HAL_RCC_ClockConfig  stm32h7xx_hal_rcc.o
    0x08007288   0x08007288   0x0000004c   Code   RO          186    i.HAL_RCC_GetHCLKFreq  stm32h7xx_hal_rcc.o
    0x080072d4   0x080072d4   0x00000024   Code   RO          188    i.HAL_RCC_GetPCLK1Freq  stm32h7xx_hal_rcc.o
    0x080072f8   0x080072f8   0x00000024   Code   RO          189    i.HAL_RCC_GetPCLK2Freq  stm32h7xx_hal_rcc.o
    0x0800731c   0x0800731c   0x0000022c   Code   RO          190    i.HAL_RCC_GetSysClockFreq  stm32h7xx_hal_rcc.o
    0x08007548   0x08007548   0x00000858   Code   RO          193    i.HAL_RCC_OscConfig  stm32h7xx_hal_rcc.o
    0x08007da0   0x08007da0   0x000001b0   Code   RO          616    i.HAL_SPI_Init      stm32h7xx_hal_spi.o
    0x08007f50   0x08007f50   0x0000020c   Code   RO           37    i.HAL_SPI_MspInit   spi.o
    0x0800815c   0x0800815c   0x00000344   Code   RO          619    i.HAL_SPI_Receive   stm32h7xx_hal_spi.o
    0x080084a0   0x080084a0   0x000002b4   Code   RO          625    i.HAL_SPI_Transmit  stm32h7xx_hal_spi.o
    0x08008754   0x08008754   0x00000034   Code   RO          441    i.HAL_SYSTICK_Config  stm32h7xx_hal_cortex.o
    0x08008788   0x08008788   0x000000b4   Code   RO          792    i.HAL_TIMEx_ConfigBreakDeadTime  stm32h7xx_hal_tim_ex.o
    0x0800883c   0x0800883c   0x000000cc   Code   RO          810    i.HAL_TIMEx_MasterConfigSynchronization  stm32h7xx_hal_tim_ex.o
    0x08008908   0x08008908   0x0000006e   Code   RO          666    i.HAL_TIM_Base_Init  stm32h7xx_hal_tim.o
    0x08008976   0x08008976   0x00000002   PAD
    0x08008978   0x08008978   0x000000b0   Code   RO           46    i.HAL_TIM_Base_MspInit  tim.o
    0x08008a28   0x08008a28   0x00000134   Code   RO          675    i.HAL_TIM_ConfigClockSource  stm32h7xx_hal_tim.o
    0x08008b5c   0x08008b5c   0x00000134   Code   RO           47    i.HAL_TIM_MspPostInit  tim.o
    0x08008c90   0x08008c90   0x00000170   Code   RO          738    i.HAL_TIM_PWM_ConfigChannel  stm32h7xx_hal_tim.o
    0x08008e00   0x08008e00   0x0000006e   Code   RO          741    i.HAL_TIM_PWM_Init  stm32h7xx_hal_tim.o
    0x08008e6e   0x08008e6e   0x00000002   Code   RO          743    i.HAL_TIM_PWM_MspInit  stm32h7xx_hal_tim.o
    0x08008e70   0x08008e70   0x0000004e   Code   RO          913    i.HAL_UARTEx_DisableFifoMode  stm32h7xx_hal_uart_ex.o
    0x08008ebe   0x08008ebe   0x00000002   Code   RO          846    i.HAL_UARTEx_RxEventCallback  stm32h7xx_hal_uart.o
    0x08008ec0   0x08008ec0   0x00000002   Code   RO          921    i.HAL_UARTEx_RxFifoFullCallback  stm32h7xx_hal_uart_ex.o
    0x08008ec2   0x08008ec2   0x0000005e   Code   RO          922    i.HAL_UARTEx_SetRxFifoThreshold  stm32h7xx_hal_uart_ex.o
    0x08008f20   0x08008f20   0x0000005e   Code   RO          923    i.HAL_UARTEx_SetTxFifoThreshold  stm32h7xx_hal_uart_ex.o
    0x08008f7e   0x08008f7e   0x00000002   Code   RO          925    i.HAL_UARTEx_TxFifoEmptyCallback  stm32h7xx_hal_uart_ex.o
    0x08008f80   0x08008f80   0x00000002   Code   RO          926    i.HAL_UARTEx_WakeupCallback  stm32h7xx_hal_uart_ex.o
    0x08008f82   0x08008f82   0x00000002   Code   RO          862    i.HAL_UART_ErrorCallback  stm32h7xx_hal_uart.o
    0x08008f84   0x08008f84   0x00000494   Code   RO          865    i.HAL_UART_IRQHandler  stm32h7xx_hal_uart.o
    0x08009418   0x08009418   0x00000078   Code   RO          866    i.HAL_UART_Init     stm32h7xx_hal_uart.o
    0x08009490   0x08009490   0x000003f0   Code   RO           57    i.HAL_UART_MspInit  usart.o
    0x08009880   0x08009880   0x000000c2   Code   RO          875    i.HAL_UART_Transmit  stm32h7xx_hal_uart.o
    0x08009942   0x08009942   0x00000002   PAD
    0x08009944   0x08009944   0x000000a0   Code   RO          876    i.HAL_UART_Transmit_DMA  stm32h7xx_hal_uart.o
    0x080099e4   0x080099e4   0x00000002   Code   RO          878    i.HAL_UART_TxCpltCallback  stm32h7xx_hal_uart.o
    0x080099e6   0x080099e6   0x00000002   Code   RO          879    i.HAL_UART_TxHalfCpltCallback  stm32h7xx_hal_uart.o
    0x080099e8   0x080099e8   0x00000004   Code   RO           74    i.HardFault_Handler  stm32h7xx_it.o
    0x080099ec   0x080099ec   0x0000000a   Code   RO          121    i.LL_ADC_INJ_IsConversionOngoing  stm32h7xx_hal_adc.o
    0x080099f6   0x080099f6   0x0000000a   Code   RO          123    i.LL_ADC_IsEnabled  stm32h7xx_hal_adc.o
    0x08009a00   0x08009a00   0x0000000a   Code   RO          169    i.LL_ADC_IsEnabled  stm32h7xx_hal_adc_ex.o
    0x08009a0a   0x08009a0a   0x0000000a   Code   RO          124    i.LL_ADC_IsInternalRegulatorEnabled  stm32h7xx_hal_adc.o
    0x08009a14   0x08009a14   0x0000000a   Code   RO          125    i.LL_ADC_REG_IsConversionOngoing  stm32h7xx_hal_adc.o
    0x08009a1e   0x08009a1e   0x0000000a   Code   RO          170    i.LL_ADC_REG_IsConversionOngoing  stm32h7xx_hal_adc_ex.o
    0x08009a28   0x08009a28   0x00000028   Code   RO          129    i.LL_ADC_SetChannelSamplingTime  stm32h7xx_hal_adc.o
    0x08009a50   0x08009a50   0x0000000c   Code   RO          130    i.LL_ADC_SetCommonPathInternalCh  stm32h7xx_hal_adc.o
    0x08009a5c   0x08009a5c   0x000000a0   Code   RO           20    i.MX_ADC1_Init      adc.o
    0x08009afc   0x08009afc   0x00000034   Code   RO           25    i.MX_DMA_Init       dma.o
    0x08009b30   0x08009b30   0x000001d8   Code   RO           14    i.MX_GPIO_Init      gpio.o
    0x08009d08   0x08009d08   0x00000058   Code   RO           31    i.MX_I2C2_Init      i2c.o
    0x08009d60   0x08009d60   0x00000060   Code   RO           38    i.MX_SPI1_Init      spi.o
    0x08009dc0   0x08009dc0   0x00000064   Code   RO           39    i.MX_SPI2_Init      spi.o
    0x08009e24   0x08009e24   0x00000064   Code   RO           40    i.MX_SPI3_Init      spi.o
    0x08009e88   0x08009e88   0x000000ec   Code   RO           48    i.MX_TIM15_Init     tim.o
    0x08009f74   0x08009f74   0x00000118   Code   RO           49    i.MX_TIM1_Init      tim.o
    0x0800a08c   0x0800a08c   0x000000b4   Code   RO           50    i.MX_TIM3_Init      tim.o
    0x0800a140   0x0800a140   0x000000c4   Code   RO           51    i.MX_TIM4_Init      tim.o
    0x0800a204   0x0800a204   0x0000006c   Code   RO           58    i.MX_UART4_Init     usart.o
    0x0800a270   0x0800a270   0x0000006c   Code   RO           59    i.MX_UART5_Init     usart.o
    0x0800a2dc   0x0800a2dc   0x0000006c   Code   RO           60    i.MX_UART8_Init     usart.o
    0x0800a348   0x0800a348   0x0000006c   Code   RO           61    i.MX_USART1_UART_Init  usart.o
    0x0800a3b4   0x0800a3b4   0x0000006c   Code   RO           62    i.MX_USART2_UART_Init  usart.o
    0x0800a420   0x0800a420   0x0000006c   Code   RO           63    i.MX_USART3_UART_Init  usart.o
    0x0800a48c   0x0800a48c   0x0000006c   Code   RO           64    i.MX_USART6_UART_Init  usart.o
    0x0800a4f8   0x0800a4f8   0x00000004   Code   RO           75    i.MemManage_Handler  stm32h7xx_it.o
    0x0800a4fc   0x0800a4fc   0x00000004   Code   RO           76    i.NMI_Handler       stm32h7xx_it.o
    0x0800a500   0x0800a500   0x00000002   Code   RO           77    i.PendSV_Handler    stm32h7xx_it.o
    0x0800a502   0x0800a502   0x00000002   PAD
    0x0800a504   0x0800a504   0x00000164   Code   RO          223    i.RCCEx_PLL2_Config  stm32h7xx_hal_rcc_ex.o
    0x0800a668   0x0800a668   0x00000164   Code   RO          224    i.RCCEx_PLL3_Config  stm32h7xx_hal_rcc_ex.o
    0x0800a7cc   0x0800a7cc   0x000000d6   Code   RO          636    i.SPI_CloseTransfer  stm32h7xx_hal_spi.o
    0x0800a8a2   0x0800a8a2   0x0000001a   Code   RO          647    i.SPI_GetPacketSize  stm32h7xx_hal_spi.o
    0x0800a8bc   0x0800a8bc   0x00000042   Code   RO          654    i.SPI_WaitOnFlagUntilTimeout  stm32h7xx_hal_spi.o
    0x0800a8fe   0x0800a8fe   0x00000002   Code   RO           78    i.SVC_Handler       stm32h7xx_it.o
    0x0800a900   0x0800a900   0x00000008   Code   RO           79    i.SysTick_Handler   stm32h7xx_it.o
    0x0800a908   0x0800a908   0x00000138   Code   RO            9    i.SystemClock_Config  main.o
    0x0800aa40   0x0800aa40   0x000000fc   Code   RO          934    i.SystemInit        system_stm32h7xx.o
    0x0800ab3c   0x0800ab3c   0x000000dc   Code   RO          759    i.TIM_Base_SetConfig  stm32h7xx_hal_tim.o
    0x0800ac18   0x0800ac18   0x00000016   Code   RO          770    i.TIM_ETR_SetConfig  stm32h7xx_hal_tim.o
    0x0800ac2e   0x0800ac2e   0x00000002   PAD
    0x0800ac30   0x0800ac30   0x00000018   Code   RO          771    i.TIM_ITRx_SetConfig  stm32h7xx_hal_tim.o
    0x0800ac48   0x0800ac48   0x000000ac   Code   RO          772    i.TIM_OC1_SetConfig  stm32h7xx_hal_tim.o
    0x0800acf4   0x0800acf4   0x000000b4   Code   RO          773    i.TIM_OC2_SetConfig  stm32h7xx_hal_tim.o
    0x0800ada8   0x0800ada8   0x000000b4   Code   RO          774    i.TIM_OC3_SetConfig  stm32h7xx_hal_tim.o
    0x0800ae5c   0x0800ae5c   0x00000074   Code   RO          775    i.TIM_OC4_SetConfig  stm32h7xx_hal_tim.o
    0x0800aed0   0x0800aed0   0x00000070   Code   RO          776    i.TIM_OC5_SetConfig  stm32h7xx_hal_tim.o
    0x0800af40   0x0800af40   0x00000070   Code   RO          777    i.TIM_OC6_SetConfig  stm32h7xx_hal_tim.o
    0x0800afb0   0x0800afb0   0x00000026   Code   RO          779    i.TIM_TI1_ConfigInputStage  stm32h7xx_hal_tim.o
    0x0800afd6   0x0800afd6   0x00000028   Code   RO          781    i.TIM_TI2_ConfigInputStage  stm32h7xx_hal_tim.o
    0x0800affe   0x0800affe   0x00000002   PAD
    0x0800b000   0x0800b000   0x00000058   Code   RO          927    i.UARTEx_SetNbDataToProcess  stm32h7xx_hal_uart_ex.o
    0x0800b058   0x0800b058   0x000000f8   Code   RO          880    i.UART_AdvFeatureConfig  stm32h7xx_hal_uart.o
    0x0800b150   0x0800b150   0x000000ea   Code   RO          881    i.UART_CheckIdleState  stm32h7xx_hal_uart.o
    0x0800b23a   0x0800b23a   0x00000018   Code   RO          882    i.UART_DMAAbortOnError  stm32h7xx_hal_uart.o
    0x0800b252   0x0800b252   0x0000005e   Code   RO          883    i.UART_DMAError     stm32h7xx_hal_uart.o
    0x0800b2b0   0x0800b2b0   0x00000054   Code   RO          888    i.UART_DMATransmitCplt  stm32h7xx_hal_uart.o
    0x0800b304   0x0800b304   0x0000000e   Code   RO          890    i.UART_DMATxHalfCplt  stm32h7xx_hal_uart.o
    0x0800b312   0x0800b312   0x00000002   PAD
    0x0800b314   0x0800b314   0x0000006c   Code   RO          892    i.UART_EndRxTransfer  stm32h7xx_hal_uart.o
    0x0800b380   0x0800b380   0x00000030   Code   RO          893    i.UART_EndTransmit_IT  stm32h7xx_hal_uart.o
    0x0800b3b0   0x0800b3b0   0x00000040   Code   RO          894    i.UART_EndTxTransfer  stm32h7xx_hal_uart.o
    0x0800b3f0   0x0800b3f0   0x0000058c   Code   RO          899    i.UART_SetConfig    stm32h7xx_hal_uart.o
    0x0800b97c   0x0800b97c   0x000000ac   Code   RO          906    i.UART_WaitOnFlagUntilTimeout  stm32h7xx_hal_uart.o
    0x0800ba28   0x0800ba28   0x00000010   Code   RO           80    i.USART1_IRQHandler  stm32h7xx_it.o
    0x0800ba38   0x0800ba38   0x00000004   Code   RO           81    i.UsageFault_Handler  stm32h7xx_it.o
    0x0800ba3c   0x0800ba3c   0x00000030   Code   RO         1310    i.__ARM_fpclassify  m_wv.l(fpclassify.o)
    0x0800ba6c   0x0800ba6c   0x00000010   Code   RO          443    i.__NVIC_GetPriorityGrouping  stm32h7xx_hal_cortex.o
    0x0800ba7c   0x0800ba7c   0x00000028   Code   RO          444    i.__NVIC_SetPriority  stm32h7xx_hal_cortex.o
    0x0800baa4   0x0800baa4   0x00000004   PAD
    0x0800baa8   0x0800baa8   0x000008f8   Code   RO         1217    i.__hardfp_pow      m_wv.l(pow.o)
    0x0800c3a0   0x0800c3a0   0x00000070   Code   RO         1311    i.__kernel_poly     m_wv.l(poly.o)
    0x0800c410   0x0800c410   0x00000020   Code   RO         1300    i.__mathlib_dbl_divzero  m_wv.l(dunder.o)
    0x0800c430   0x0800c430   0x00000006   Code   RO         1302    i.__mathlib_dbl_infnan2  m_wv.l(dunder.o)
    0x0800c436   0x0800c436   0x00000002   PAD
    0x0800c438   0x0800c438   0x00000018   Code   RO         1303    i.__mathlib_dbl_invalid  m_wv.l(dunder.o)
    0x0800c450   0x0800c450   0x00000018   Code   RO         1304    i.__mathlib_dbl_overflow  m_wv.l(dunder.o)
    0x0800c468   0x0800c468   0x00000018   Code   RO         1306    i.__mathlib_dbl_underflow  m_wv.l(dunder.o)
    0x0800c480   0x0800c480   0x0000000e   Code   RO         1265    i._is_digit         c_w.l(__printf_wp.o)
    0x0800c48e   0x0800c48e   0x00000002   PAD
    0x0800c490   0x0800c490   0x0000007c   Code   RO         1158    i.bmi270_init       bmi270.o
    0x0800c50c   0x0800c50c   0x00000024   Code   RO          941    i.bmi2_delay_us     system.o
    0x0800c530   0x0800c530   0x0000003a   Code   RO          965    i.bmi2_extract_input_feat_config  bmi2.o
    0x0800c56a   0x0800c56a   0x00000022   Code   RO          942    i.bmi2_get_data     system.o
    0x0800c58c   0x0800c58c   0x000000cc   Code   RO          972    i.bmi2_get_feat_config  bmi2.o
    0x0800c658   0x0800c658   0x000000ae   Code   RO          973    i.bmi2_get_feature_data  bmi2.o
    0x0800c706   0x0800c706   0x0000004a   Code   RO          980    i.bmi2_get_gyro_cross_sense  bmi2.o
    0x0800c750   0x0800c750   0x000000a4   Code   RO          985    i.bmi2_get_int_pin_config  bmi2.o
    0x0800c7f4   0x0800c7f4   0x00000034   Code   RO          988    i.bmi2_get_internal_status  bmi2.o
    0x0800c828   0x0800c828   0x00000082   Code   RO          989    i.bmi2_get_regs     bmi2.o
    0x0800c8aa   0x0800c8aa   0x0000004a   Code   RO          943    i.bmi2_get_regs_my  system.o
    0x0800c8f4   0x0800c8f4   0x0000010c   Code   RO          992    i.bmi2_get_sensor_config  bmi2.o
    0x0800ca00   0x0800ca00   0x0000002a   Code   RO          997    i.bmi2_get_status   bmi2.o
    0x0800ca2a   0x0800ca2a   0x00000002   PAD
    0x0800ca2c   0x0800ca2c   0x00000034   Code   RO          944    i.bmi2_interface_init  system.o
    0x0800ca60   0x0800ca60   0x0000008a   Code   RO          999    i.bmi2_map_data_int  bmi2.o
    0x0800caea   0x0800caea   0x000000a8   Code   RO         1002    i.bmi2_parse_sensor_data  bmi2.o
    0x0800cb92   0x0800cb92   0x00000002   PAD
    0x0800cb94   0x0800cb94   0x0000007c   Code   RO         1009    i.bmi2_sec_init     bmi2.o
    0x0800cc10   0x0800cc10   0x00000042   Code   RO         1011    i.bmi2_sensor_enable  bmi2.o
    0x0800cc52   0x0800cc52   0x00000054   Code   RO         1013    i.bmi2_set_adv_power_save  bmi2.o
    0x0800cca6   0x0800cca6   0x000000da   Code   RO         1027    i.bmi2_set_int_pin_config  bmi2.o
    0x0800cd80   0x0800cd80   0x000000a4   Code   RO         1029    i.bmi2_set_regs     bmi2.o
    0x0800ce24   0x0800ce24   0x000000ea   Code   RO         1031    i.bmi2_set_sensor_config  bmi2.o
    0x0800cf0e   0x0800cf0e   0x0000005e   Code   RO         1035    i.bmi2_soft_reset   bmi2.o
    0x0800cf6c   0x0800cf6c   0x00000048   Code   RO          945    i.bmi2_spi_read     system.o
    0x0800cfb4   0x0800cfb4   0x00000048   Code   RO          946    i.bmi2_spi_write    system.o
    0x0800cffc   0x0800cffc   0x00000072   Code   RO         1037    i.bmi2_write_config_file  bmi2.o
    0x0800d06e   0x0800d06e   0x00000050   Code   RO         1040    i.cfg_error_status  bmi2.o
    0x0800d0be   0x0800d0be   0x00000030   Code   RO         1041    i.check_boundary_val  bmi2.o
    0x0800d0ee   0x0800d0ee   0x00000032   Code   RO         1045    i.comp_gyro_cross_axis_sensitivity  bmi2.o
    0x0800d120   0x0800d120   0x0000004a   Code   RO         1046    i.config_aux        bmi2.o
    0x0800d16a   0x0800d16a   0x000000e8   Code   RO         1047    i.config_aux_interface  bmi2.o
    0x0800d252   0x0800d252   0x00000002   PAD
    0x0800d254   0x0800d254   0x0000001c   Code   RO          947    i.debugUartTx       system.o
    0x0800d270   0x0800d270   0x00000018   Code   RO          948    i.debugUartTxDma    system.o
    0x0800d288   0x0800d288   0x0000003a   Code   RO         1060    i.extract_output_feat_config  bmi2.o
    0x0800d2c2   0x0800d2c2   0x00000018   Code   RO         1309    i.fabs              m_wv.l(fabs.o)
    0x0800d2da   0x0800d2da   0x00000044   Code   RO         1061    i.get_acc_gyr_data  bmi2.o
    0x0800d31e   0x0800d31e   0x00000056   Code   RO         1062    i.get_accel_config  bmi2.o
    0x0800d374   0x0800d374   0x0000002c   Code   RO         1063    i.get_aux_cfg       bmi2.o
    0x0800d3a0   0x0800d3a0   0x0000003e   Code   RO         1064    i.get_aux_config    bmi2.o
    0x0800d3de   0x0800d3de   0x00000024   Code   RO         1065    i.get_aux_interface  bmi2.o
    0x0800d402   0x0800d402   0x00000060   Code   RO         1066    i.get_aux_interface_config  bmi2.o
    0x0800d462   0x0800d462   0x0000006a   Code   RO         1069    i.get_gyro_config   bmi2.o
    0x0800d4cc   0x0800d4cc   0x000000a8   Code   RO         1070    i.get_gyro_cross_sense  bmi2.o
    0x0800d574   0x0800d574   0x000000ba   Code   RO         1071    i.get_gyro_gain_update_config  bmi2.o
    0x0800d62e   0x0800d62e   0x00000074   Code   RO         1072    i.get_gyro_gain_update_status  bmi2.o
    0x0800d6a2   0x0800d6a2   0x0000008c   Code   RO         1076    i.get_remapped_data  bmi2.o
    0x0800d72e   0x0800d72e   0x0000004c   Code   RO          949    i.lsb_to_dps        system.o
    0x0800d77a   0x0800d77a   0x00000002   PAD
    0x0800d77c   0x0800d77c   0x00000058   Code   RO          950    i.lsb_to_mps2       system.o
    0x0800d7d4   0x0800d7d4   0x0000005c   Code   RO           10    i.main              main.o
    0x0800d830   0x0800d830   0x00000018   Code   RO         1086    i.null_ptr_check    bmi2.o
    0x0800d848   0x0800d848   0x00000018   Code   RO         1185    i.null_ptr_check    bmi270.o
    0x0800d860   0x0800d860   0x0000001c   Code   RO         1101    i.saturate          bmi2.o
    0x0800d87c   0x0800d87c   0x0000006c   Code   RO         1107    i.select_sensor     bmi2.o
    0x0800d8e8   0x0800d8e8   0x000000ae   Code   RO         1110    i.sensor_enable     bmi2.o
    0x0800d996   0x0800d996   0x00000076   Code   RO         1112    i.set_accel_config  bmi2.o
    0x0800da0c   0x0800da0c   0x000000ae   Code   RO          951    i.set_accel_gyro_config  system.o
    0x0800daba   0x0800daba   0x00000038   Code   RO         1116    i.set_aux_config    bmi2.o
    0x0800daf2   0x0800daf2   0x00000034   Code   RO         1117    i.set_aux_interface  bmi2.o
    0x0800db26   0x0800db26   0x00000036   Code   RO         1118    i.set_config_load   bmi2.o
    0x0800db5c   0x0800db5c   0x0000007a   Code   RO         1119    i.set_gyro_config   bmi2.o
    0x0800dbd6   0x0800dbd6   0x000000cc   Code   RO         1121    i.set_gyro_user_gain_config  bmi2.o
    0x0800dca2   0x0800dca2   0x00000002   PAD
    0x0800dca4   0x0800dca4   0x00000034   Code   RO          952    i.slog              system.o
    0x0800dcd8   0x0800dcd8   0x00000034   Code   RO          953    i.slogDma           system.o
    0x0800dd0c   0x0800dd0c   0x0000006a   Code   RO         1315    i.sqrt              m_wv.l(sqrt.o)
    0x0800dd76   0x0800dd76   0x00000002   PAD
    0x0800dd78   0x0800dd78   0x00000120   Code   RO          954    i.systemInit        system.o
    0x0800de98   0x0800de98   0x0000010c   Code   RO          955    i.systemLoop        system.o
    0x0800dfa4   0x0800dfa4   0x0000005a   Code   RO         1140    i.upload_file       bmi2.o
    0x0800dffe   0x0800dffe   0x00000018   Code   RO         1141    i.validate_aux_config  bmi2.o
    0x0800e016   0x0800e016   0x00000044   Code   RO         1142    i.validate_bw_perf_mode  bmi2.o
    0x0800e05a   0x0800e05a   0x00000068   Code   RO         1145    i.validate_gyro_config  bmi2.o
    0x0800e0c2   0x0800e0c2   0x0000002e   Code   RO         1146    i.validate_odr_range  bmi2.o
    0x0800e0f0   0x0800e0f0   0x000000da   Code   RO         1153    i.write_config_file  bmi2.o
    0x0800e1ca   0x0800e1ca   0x00000002   PAD
    0x0800e1cc   0x0800e1cc   0x0000002c   Code   RO         1371    locale$$code        c_w.l(lc_numeric_c.o)
    0x0800e1f8   0x0800e1f8   0x0000002c   Code   RO         1385    locale$$code        c_w.l(lc_ctype_c.o)
    0x0800e224   0x0800e224   0x00000010   Code   RO         1348    x$fpl$dcheck1       fz_wv.l(dcheck1.o)
    0x0800e234   0x0800e234   0x0000000a   Code   RO         1446    x$fpl$fpinit        fz_wv.l(fpinit.o)
    0x0800e23e   0x0800e23e   0x00000004   Code   RO         1294    x$fpl$printf1       fz_wv.l(printf1.o)
    0x0800e242   0x0800e242   0x00000004   Code   RO         1295    x$fpl$printf2       fz_wv.l(printf2.o)
    0x0800e246   0x0800e246   0x00000064   Code   RO         1380    x$fpl$retnan        fz_wv.l(retnan.o)
    0x0800e2aa   0x0800e2aa   0x0000005c   Code   RO         1298    x$fpl$scalbn        fz_wv.l(scalbn.o)
    0x0800e306   0x0800e306   0x00000030   Code   RO         1434    x$fpl$trapveneer    fz_wv.l(trapv.o)
    0x0800e336   0x0800e336   0x00000000   Code   RO         1299    x$fpl$usenofp       fz_wv.l(usenofp.o)
    0x0800e336   0x0800e336   0x00000008   Data   RO          319    .constdata          stm32h7xx_hal_dma.o
    0x0800e33e   0x0800e33e   0x00000018   Data   RO          907    .constdata          stm32h7xx_hal_uart.o
    0x0800e356   0x0800e356   0x00000010   Data   RO          929    .constdata          stm32h7xx_hal_uart_ex.o
    0x0800e366   0x0800e366   0x00000010   Data   RO          935    .constdata          system_stm32h7xx.o
    0x0800e376   0x0800e376   0x00000002   PAD
    0x0800e378   0x0800e378   0x00000006   Data   RO         1155    .constdata          bmi2.o
    0x0800e37e   0x0800e37e   0x00002048   Data   RO         1207    .constdata          bmi270.o
    0x080103c6   0x080103c6   0x00000002   PAD
    0x080103c8   0x080103c8   0x00000088   Data   RO         1220    .constdata          m_wv.l(pow.o)
    0x08010450   0x08010450   0x00000008   Data   RO         1239    .constdata          c_w.l(_printf_wctomb.o)
    0x08010458   0x08010458   0x00000028   Data   RO         1257    .constdata          c_w.l(_printf_hex_int_ll_ptr.o)
    0x08010480   0x08010480   0x00000011   Data   RO         1270    .constdata          c_w.l(__printf_flags_ss_wp.o)
    0x08010491   0x08010491   0x00000007   PAD
    0x08010498   0x08010498   0x00000008   Data   RO         1312    .constdata          m_wv.l(qnan.o)
    0x080104a0   0x080104a0   0x00000026   Data   RO         1342    .constdata          c_w.l(_printf_fp_hex.o)
    0x080104c6   0x080104c6   0x00000002   PAD
    0x080104c8   0x080104c8   0x00000094   Data   RO         1358    .constdata          c_w.l(bigflt0.o)
    0x0801055c   0x0801055c   0x00000020   Data   RO         1485    Region$$Table       anon$$obj.o
    0x0801057c   0x0801057c   0x0000001c   Data   RO         1370    locale$$data        c_w.l(lc_numeric_c.o)
    0x08010598   0x08010598   0x00000110   Data   RO         1384    locale$$data        c_w.l(lc_ctype_c.o)


    Execution Region RW_IRAM1 (Exec base: 0x20000000, Load base: 0x080106a8, Size: 0x00000000, Max: 0x00020000, ABSOLUTE)

    **** No section assigned to this execution region ****


    Execution Region RW_IRAM2 (Exec base: 0x24000000, Load base: 0x080106a8, Size: 0x00000fc0, Max: 0x00080000, ABSOLUTE)

    Exec Addr    Load Addr    Size         Type   Attr      Idx    E Section Name        Object

    0x24000000   0x080106a8   0x00000009   Data   RW          496    .data               stm32h7xx_hal.o
    0x24000009   0x080106b1   0x00000003   PAD
    0x2400000c   0x080106b4   0x00000008   Data   RW          936    .data               system_stm32h7xx.o
    0x24000014   0x080106bc   0x00000024   Data   RW          957    .data               system.o
    0x24000038   0x080106e0   0x00000010   Data   RW         1208    .data               bmi270.o
    0x24000048        -       0x00000064   Zero   RW           21    .bss                adc.o
    0x240000ac        -       0x00000054   Zero   RW           32    .bss                i2c.o
    0x24000100        -       0x00000198   Zero   RW           41    .bss                spi.o
    0x24000298        -       0x00000130   Zero   RW           52    .bss                tim.o
    0x240003c8        -       0x00000484   Zero   RW           65    .bss                usart.o
    0x2400084c   0x080106f0   0x00000004   PAD
    0x24000850        -       0x00000110   Zero   RW          956    .bss                system.o
    0x24000960        -       0x00000060   Zero   RW         1350    .bss                c_w.l(libspace.o)
    0x240009c0        -       0x00000200   Zero   RW            2    HEAP                startup_stm32h743xx.o
    0x24000bc0        -       0x00000400   Zero   RW            1    STACK               startup_stm32h743xx.o


==============================================================================

Image component sizes


      Code (inc. data)   RO Data    RW Data    ZI Data      Debug   Object Name

       340         26          0          0        100          0   adc.o
      5710          4          6          0          0          0   bmi2.o
       148         18       8264         16          0          0   bmi270.o
        52          4          0          0          0          0   dma.o
       472         26          0          0          0          0   gpio.o
       244         26          0          0         84          0   i2c.o
       410         12          0          0          0          0   main.o
       820         62          0          0        408          0   spi.o
        64         26        664          0       1536          0   startup_stm32h743xx.o
       272         52          0          9          0          0   stm32h7xx_hal.o
      2456        166          0          0          0          0   stm32h7xx_hal_adc.o
       376         20          0          0          0          0   stm32h7xx_hal_adc_ex.o
       310         22          0          0          0          0   stm32h7xx_hal_cortex.o
      8662        168          8          0          0          0   stm32h7xx_hal_dma.o
       548         56          0          0          0          0   stm32h7xx_hal_gpio.o
       216          4          0          0          0          0   stm32h7xx_hal_i2c.o
       210          0          0          0          0          0   stm32h7xx_hal_i2c_ex.o
        36          4          0          0          0          0   stm32h7xx_hal_msp.o
        96          6          0          0          0          0   stm32h7xx_hal_pwr_ex.o
      3640        114          0          0          0          0   stm32h7xx_hal_rcc.o
      8084        186          0          0          0          0   stm32h7xx_hal_rcc_ex.o
      2266         12          0          0          0          0   stm32h7xx_hal_spi.o
      2114        202          0          0          0          0   stm32h7xx_hal_tim.o
       384         38          0          0          0          0   stm32h7xx_hal_tim_ex.o
      4164        160         24          0          0          0   stm32h7xx_hal_uart.o
       360         10         16          0          0          0   stm32h7xx_hal_uart_ex.o
        96         12          0          0          0          0   stm32h7xx_it.o
      1422        280          0         36        272          0   system.o
       252         40         16          8          0          0   system_stm32h7xx.o
      1376         86          0          0        304          0   tim.o
      1764        134          0          0       1156          0   usart.o

    ----------------------------------------------------------------------
     47400       1980       9034         72       3864          0   Object Totals
         0          0         32          0          0          0   (incl. Generated)
        36          4          4          3          4          0   (incl. Padding)

    ----------------------------------------------------------------------

      Code (inc. data)   RO Data    RW Data    ZI Data      Debug   Library Member Name

         8          0          0          0          0          0   __main.o
       392          4         17          0          0          0   __printf_flags_ss_wp.o
        14          0          0          0          0          0   __printf_wp.o
         0          0          0          0          0          0   __rtentry.o
        12          0          0          0          0          0   __rtentry2.o
         6          0          0          0          0          0   __rtentry4.o
        52          8          0          0          0          0   __scatter.o
        26          0          0          0          0          0   __scatter_copy.o
        28          0          0          0          0          0   __scatter_zi.o
         6          0          0          0          0          0   _printf_a.o
         6          0          0          0          0          0   _printf_c.o
        44          0          0          0          0          0   _printf_char.o
        48          6          0          0          0          0   _printf_char_common.o
        40          0          0          0          0          0   _printf_charcount.o
         6          0          0          0          0          0   _printf_d.o
       120         16          0          0          0          0   _printf_dec.o
         6          0          0          0          0          0   _printf_e.o
         6          0          0          0          0          0   _printf_f.o
      1054          0          0          0          0          0   _printf_fp_dec.o
       764          8         38          0          0          0   _printf_fp_hex.o
       128         16          0          0          0          0   _printf_fp_infnan.o
         6          0          0          0          0          0   _printf_g.o
       148          4         40          0          0          0   _printf_hex_int_ll_ptr.o
         6          0          0          0          0          0   _printf_i.o
       178          0          0          0          0          0   _printf_intcommon.o
        10          0          0          0          0          0   _printf_l.o
         6          0          0          0          0          0   _printf_lc.o
        10          0          0          0          0          0   _printf_ll.o
         6          0          0          0          0          0   _printf_lld.o
         6          0          0          0          0          0   _printf_lli.o
         6          0          0          0          0          0   _printf_llo.o
         6          0          0          0          0          0   _printf_llu.o
         6          0          0          0          0          0   _printf_llx.o
       124         16          0          0          0          0   _printf_longlong_dec.o
         6          0          0          0          0          0   _printf_ls.o
         6          0          0          0          0          0   _printf_n.o
         6          0          0          0          0          0   _printf_o.o
       112         10          0          0          0          0   _printf_oct_int_ll.o
         6          0          0          0          0          0   _printf_p.o
        78          0          0          0          0          0   _printf_pad.o
         0          0          0          0          0          0   _printf_percent.o
         4          0          0          0          0          0   _printf_percent_end.o
         6          0          0          0          0          0   _printf_s.o
        82          0          0          0          0          0   _printf_str.o
        36          0          0          0          0          0   _printf_truncate.o
         6          0          0          0          0          0   _printf_u.o
        44          0          0          0          0          0   _printf_wchar.o
       188          6          8          0          0          0   _printf_wctomb.o
         6          0          0          0          0          0   _printf_x.o
        22          0          0          0          0          0   _rserrno.o
        16          0          0          0          0          0   _snputc.o
        10          0          0          0          0          0   _sputc.o
        64          0          0          0          0          0   _wcrtomb.o
       228          4        148          0          0          0   bigflt0.o
      1936        128          0          0          0          0   btod.o
        18          0          0          0          0          0   exit.o
         6          0          0          0          0          0   heapauxi.o
         0          0          0          0          0          0   indicate_semi.o
        44         10        272          0          0          0   lc_ctype_c.o
        44         10         28          0          0          0   lc_numeric_c.o
         2          0          0          0          0          0   libinit.o
        34          0          0          0          0          0   libinit2.o
         2          0          0          0          0          0   libshutdown.o
         2          0          0          0          0          0   libshutdown2.o
         8          4          0          0         96          0   libspace.o
       138          0          0          0          0          0   lludiv10.o
       238          0          0          0          0          0   lludivv7m.o
        16          4          0          0          0          0   rt_ctype_table.o
         8          4          0          0          0          0   rt_errno_addr_intlibspace.o
         8          4          0          0          0          0   rt_locale_intlibspace.o
        78          0          0          0          0          0   rt_memclr_w.o
         2          0          0          0          0          0   rtexit.o
        10          0          0          0          0          0   rtexit2.o
       104          0          0          0          0          0   strcmpv7m_pel.o
        62          0          0          0          0          0   strlen.o
        12          4          0          0          0          0   sys_exit.o
        74          0          0          0          0          0   sys_stackheap_outer.o
         2          0          0          0          0          0   use_no_semi.o
        52          4          0          0          0          0   vsnprintf.o
        16          4          0          0          0          0   dcheck1.o
        10          0          0          0          0          0   fpinit.o
         4          0          0          0          0          0   printf1.o
         4          0          0          0          0          0   printf2.o
       100          0          0          0          0          0   retnan.o
        92          0          0          0          0          0   scalbn.o
        48          0          0          0          0          0   trapv.o
         0          0          0          0          0          0   usenofp.o
       110         60          0          0          0          0   dunder.o
        24          0          0          0          0          0   fabs.o
        48          0          0          0          0          0   fpclassify.o
       112          0          0          0          0          0   poly.o
      2296        304        136          0          0          0   pow.o
         0          0          8          0          0          0   qnan.o
       106          0          0          0          0          0   sqrt.o

    ----------------------------------------------------------------------
     10102        638        704          0         96          0   Library Totals
        22          0          9          0          0          0   (incl. Padding)

    ----------------------------------------------------------------------

      Code (inc. data)   RO Data    RW Data    ZI Data      Debug   Library Name

      7110        270        551          0         96          0   c_w.l
       274          4          0          0          0          0   fz_wv.l
      2696        364        144          0          0          0   m_wv.l

    ----------------------------------------------------------------------
     10102        638        704          0         96          0   Library Totals

    ----------------------------------------------------------------------

==============================================================================


      Code (inc. data)   RO Data    RW Data    ZI Data      Debug   

     57502       2618       9738         72       3960          0   Grand Totals
     57502       2618       9738         72       3960          0   ELF Image Totals
     57502       2618       9738         72          0          0   ROM Totals

==============================================================================

    Total RO  Size (Code + RO Data)                67240 (  65.66kB)
    Total RW  Size (RW Data + ZI Data)              4032 (   3.94kB)
    Total ROM Size (Code + RO Data + RW Data)      67312 (  65.73kB)

==============================================================================

