Component: ARM Compiler 5.06 update 7 (build 960) Tool: armlink [4d3601]

==============================================================================

Section Cross References

    startup_stm32h743xx.o(STACK) refers (Special) to heapauxi.o(.text) for __use_two_region_memory
    startup_stm32h743xx.o(HEAP) refers (Special) to heapauxi.o(.text) for __use_two_region_memory
    startup_stm32h743xx.o(RESET) refers (Special) to heapauxi.o(.text) for __use_two_region_memory
    startup_stm32h743xx.o(RESET) refers to startup_stm32h743xx.o(STACK) for __initial_sp
    startup_stm32h743xx.o(RESET) refers to startup_stm32h743xx.o(.text) for Reset_Handler
    startup_stm32h743xx.o(RESET) refers to stm32h7xx_it.o(i.NMI_Handler) for NMI_Handler
    startup_stm32h743xx.o(RESET) refers to stm32h7xx_it.o(i.HardFault_Handler) for HardFault_Handler
    startup_stm32h743xx.o(RESET) refers to stm32h7xx_it.o(i.MemManage_Handler) for MemManage_Handler
    startup_stm32h743xx.o(RESET) refers to stm32h7xx_it.o(i.BusFault_Handler) for BusFault_Handler
    startup_stm32h743xx.o(RESET) refers to stm32h7xx_it.o(i.UsageFault_Handler) for UsageFault_Handler
    startup_stm32h743xx.o(RESET) refers to stm32h7xx_it.o(i.SVC_Handler) for SVC_Handler
    startup_stm32h743xx.o(RESET) refers to stm32h7xx_it.o(i.DebugMon_Handler) for DebugMon_Handler
    startup_stm32h743xx.o(RESET) refers to stm32h7xx_it.o(i.PendSV_Handler) for PendSV_Handler
    startup_stm32h743xx.o(RESET) refers to stm32h7xx_it.o(i.SysTick_Handler) for SysTick_Handler
    startup_stm32h743xx.o(RESET) refers to stm32h7xx_it.o(i.EXTI0_IRQHandler) for EXTI0_IRQHandler
    startup_stm32h743xx.o(RESET) refers to stm32h7xx_it.o(i.DMA1_Stream0_IRQHandler) for DMA1_Stream0_IRQHandler
    startup_stm32h743xx.o(RESET) refers to stm32h7xx_it.o(i.USART1_IRQHandler) for USART1_IRQHandler
    startup_stm32h743xx.o(.text) refers (Special) to heapauxi.o(.text) for __use_two_region_memory
    startup_stm32h743xx.o(.text) refers to system_stm32h7xx.o(i.SystemInit) for SystemInit
    startup_stm32h743xx.o(.text) refers to __main.o(!!!main) for __main
    startup_stm32h743xx.o(.text) refers to startup_stm32h743xx.o(HEAP) for Heap_Mem
    startup_stm32h743xx.o(.text) refers to startup_stm32h743xx.o(STACK) for Stack_Mem
    main.o(i.SystemClock_Config) refers to rt_memclr_w.o(.text) for __aeabi_memclr4
    main.o(i.SystemClock_Config) refers to stm32h7xx_hal_pwr_ex.o(i.HAL_PWREx_ConfigSupply) for HAL_PWREx_ConfigSupply
    main.o(i.SystemClock_Config) refers to stm32h7xx_hal_rcc.o(i.HAL_RCC_OscConfig) for HAL_RCC_OscConfig
    main.o(i.SystemClock_Config) refers to main.o(i.Error_Handler) for Error_Handler
    main.o(i.SystemClock_Config) refers to stm32h7xx_hal_rcc.o(i.HAL_RCC_ClockConfig) for HAL_RCC_ClockConfig
    main.o(i.main) refers to stm32h7xx_hal.o(i.HAL_Init) for HAL_Init
    main.o(i.main) refers to main.o(i.SystemClock_Config) for SystemClock_Config
    main.o(i.main) refers to gpio.o(i.MX_GPIO_Init) for MX_GPIO_Init
    main.o(i.main) refers to dma.o(i.MX_DMA_Init) for MX_DMA_Init
    main.o(i.main) refers to i2c.o(i.MX_I2C2_Init) for MX_I2C2_Init
    main.o(i.main) refers to spi.o(i.MX_SPI1_Init) for MX_SPI1_Init
    main.o(i.main) refers to spi.o(i.MX_SPI2_Init) for MX_SPI2_Init
    main.o(i.main) refers to spi.o(i.MX_SPI3_Init) for MX_SPI3_Init
    main.o(i.main) refers to tim.o(i.MX_TIM1_Init) for MX_TIM1_Init
    main.o(i.main) refers to tim.o(i.MX_TIM3_Init) for MX_TIM3_Init
    main.o(i.main) refers to tim.o(i.MX_TIM4_Init) for MX_TIM4_Init
    main.o(i.main) refers to tim.o(i.MX_TIM15_Init) for MX_TIM15_Init
    main.o(i.main) refers to usart.o(i.MX_UART4_Init) for MX_UART4_Init
    main.o(i.main) refers to usart.o(i.MX_UART5_Init) for MX_UART5_Init
    main.o(i.main) refers to usart.o(i.MX_UART8_Init) for MX_UART8_Init
    main.o(i.main) refers to usart.o(i.MX_USART1_UART_Init) for MX_USART1_UART_Init
    main.o(i.main) refers to usart.o(i.MX_USART2_UART_Init) for MX_USART2_UART_Init
    main.o(i.main) refers to usart.o(i.MX_USART3_UART_Init) for MX_USART3_UART_Init
    main.o(i.main) refers to usart.o(i.MX_USART6_UART_Init) for MX_USART6_UART_Init
    main.o(i.main) refers to adc.o(i.MX_ADC1_Init) for MX_ADC1_Init
    main.o(i.main) refers to system.o(i.systemInit) for systemInit
    main.o(i.main) refers to system.o(i.systemLoop) for systemLoop
    gpio.o(i.MX_GPIO_Init) refers to rt_memclr_w.o(.text) for __aeabi_memclr4
    gpio.o(i.MX_GPIO_Init) refers to stm32h7xx_hal_gpio.o(i.HAL_GPIO_WritePin) for HAL_GPIO_WritePin
    gpio.o(i.MX_GPIO_Init) refers to stm32h7xx_hal_gpio.o(i.HAL_GPIO_Init) for HAL_GPIO_Init
    gpio.o(i.MX_GPIO_Init) refers to stm32h7xx_hal_cortex.o(i.HAL_NVIC_SetPriority) for HAL_NVIC_SetPriority
    gpio.o(i.MX_GPIO_Init) refers to stm32h7xx_hal_cortex.o(i.HAL_NVIC_EnableIRQ) for HAL_NVIC_EnableIRQ
    adc.o(i.HAL_ADC_MspDeInit) refers to stm32h7xx_hal_gpio.o(i.HAL_GPIO_DeInit) for HAL_GPIO_DeInit
[...]
    _printf_llo                              0x0800036b   Thumb Code     0  _printf_llo.o(.ARM.Collect$$_printf_percent$$00000010)
    _printf_llx                              0x08000371   Thumb Code     0  _printf_llx.o(.ARM.Collect$$_printf_percent$$00000011)
    _printf_l                                0x08000377   Thumb Code     0  _printf_l.o(.ARM.Collect$$_printf_percent$$00000012)
    _printf_c                                0x08000381   Thumb Code     0  _printf_c.o(.ARM.Collect$$_printf_percent$$00000013)
    _printf_s                                0x08000387   Thumb Code     0  _printf_s.o(.ARM.Collect$$_printf_percent$$00000014)
    _printf_lc                               0x0800038d   Thumb Code     0  _printf_lc.o(.ARM.Collect$$_printf_percent$$00000015)
    _printf_ls                               0x08000393   Thumb Code     0  _printf_ls.o(.ARM.Collect$$_printf_percent$$00000016)
    _printf_percent_end                      0x08000399   Thumb Code     0  _printf_percent_end.o(.ARM.Collect$$_printf_percent$$00000017)
    __rt_lib_init                            0x0800039d   Thumb Code     0  libinit.o(.ARM.Collect$$libinit$$00000000)
    __rt_lib_init_fp_1                       0x0800039f   Thumb Code     0  libinit2.o(.ARM.Collect$$libinit$$00000001)
    __rt_lib_init_heap_1                     0x080003a3   Thumb Code     0  libinit2.o(.ARM.Collect$$libinit$$0000000A)
    __rt_lib_init_lc_common                  0x080003a3   Thumb Code     0  libinit2.o(.ARM.Collect$$libinit$$0000000F)
    __rt_lib_init_preinit_1                  0x080003a3   Thumb Code     0  libinit2.o(.ARM.Collect$$libinit$$00000004)
    __rt_lib_init_rand_1                     0x080003a3   Thumb Code     0  libinit2.o(.ARM.Collect$$libinit$$0000000E)
    __rt_lib_init_user_alloc_1               0x080003a3   Thumb Code     0  libinit2.o(.ARM.Collect$$libinit$$0000000C)
    __rt_lib_init_lc_collate_1               0x080003a9   Thumb Code     0  libinit2.o(.ARM.Collect$$libinit$$00000011)
    __rt_lib_init_lc_ctype_2                 0x080003a9   Thumb Code     0  libinit2.o(.ARM.Collect$$libinit$$00000012)
    __rt_lib_init_lc_ctype_1                 0x080003b5   Thumb Code     0  libinit2.o(.ARM.Collect$$libinit$$00000013)
    __rt_lib_init_lc_monetary_1              0x080003b5   Thumb Code     0  libinit2.o(.ARM.Collect$$libinit$$00000015)
    __rt_lib_init_lc_numeric_2               0x080003b5   Thumb Code     0  libinit2.o(.ARM.Collect$$libinit$$00000016)
    __rt_lib_init_alloca_1                   0x080003bf   Thumb Code     0  libinit2.o(.ARM.Collect$$libinit$$0000002E)
    __rt_lib_init_argv_1                     0x080003bf   Thumb Code     0  libinit2.o(.ARM.Collect$$libinit$$0000002C)
    __rt_lib_init_atexit_1                   0x080003bf   Thumb Code     0  libinit2.o(.ARM.Collect$$libinit$$0000001B)
    __rt_lib_init_clock_1                    0x080003bf   Thumb Code     0  libinit2.o(.ARM.Collect$$libinit$$00000021)
    __rt_lib_init_cpp_1                      0x080003bf   Thumb Code     0  libinit2.o(.ARM.Collect$$libinit$$00000032)
    __rt_lib_init_exceptions_1               0x080003bf   Thumb Code     0  libinit2.o(.ARM.Collect$$libinit$$00000030)
    __rt_lib_init_fp_trap_1                  0x080003bf   Thumb Code     0  libinit2.o(.ARM.Collect$$libinit$$0000001F)
    __rt_lib_init_getenv_1                   0x080003bf   Thumb Code     0  libinit2.o(.ARM.Collect$$libinit$$00000023)
    __rt_lib_init_lc_numeric_1               0x080003bf   Thumb Code     0  libinit2.o(.ARM.Collect$$libinit$$00000017)
    __rt_lib_init_lc_time_1                  0x080003bf   Thumb Code     0  libinit2.o(.ARM.Collect$$libinit$$00000019)
    __rt_lib_init_return                     0x080003bf   Thumb Code     0  libinit2.o(.ARM.Collect$$libinit$$00000033)
    __rt_lib_init_signal_1                   0x080003bf   Thumb Code     0  libinit2.o(.ARM.Collect$$libinit$$0000001D)
    __rt_lib_init_stdio_1                    0x080003bf   Thumb Code     0  libinit2.o(.ARM.Collect$$libinit$$00000025)
    __rt_lib_shutdown                        0x080003c1   Thumb Code     0  libshutdown.o(.ARM.Collect$$libshutdown$$00000000)
    __rt_lib_shutdown_cpp_1                  0x080003c3   Thumb Code     0  libshutdown2.o(.ARM.Collect$$libshutdown$$00000004)
    __rt_lib_shutdown_fini_1                 0x080003c3   Thumb Code     0  libshutdown2.o(.ARM.Collect$$libshutdown$$00000002)
    __rt_lib_shutdown_fp_trap_1              0x080003c3   Thumb Code     0  libshutdown2.o(.ARM.Collect$$libshutdown$$00000009)
    __rt_lib_shutdown_heap_1                 0x080003c3   Thumb Code     0  libshutdown2.o(.ARM.Collect$$libshutdown$$00000011)
    __rt_lib_shutdown_return                 0x080003c3   Thumb Code     0  libshutdown2.o(.ARM.Collect$$libshutdown$$00000012)
    __rt_lib_shutdown_signal_1               0x080003c3   Thumb Code     0  libshutdown2.o(.ARM.Collect$$libshutdown$$0000000C)
    __rt_lib_shutdown_stdio_1                0x080003c3   Thumb Code     0  libshutdown2.o(.ARM.Collect$$libshutdown$$00000006)
    __rt_lib_shutdown_user_alloc_1           0x080003c3   Thumb Code     0  libshutdown2.o(.ARM.Collect$$libshutdown$$0000000E)
    __rt_entry                               0x080003c5   Thumb Code     0  __rtentry.o(.ARM.Collect$$rtentry$$00000000)
    __rt_entry_presh_1                       0x080003c5   Thumb Code     0  __rtentry2.o(.ARM.Collect$$rtentry$$00000002)
    __rt_entry_sh                            0x080003c5   Thumb Code     0  __rtentry4.o(.ARM.Collect$$rtentry$$00000004)
    __rt_entry_li                            0x080003cb   Thumb Code     0  __rtentry2.o(.ARM.Collect$$rtentry$$0000000A)
    __rt_entry_postsh_1                      0x080003cb   Thumb Code     0  __rtentry2.o(.ARM.Collect$$rtentry$$00000009)
    __rt_entry_main                          0x080003cf   Thumb Code     0  __rtentry2.o(.ARM.Collect$$rtentry$$0000000D)
    __rt_entry_postli_1                      0x080003cf   Thumb Code     0  __rtentry2.o(.ARM.Collect$$rtentry$$0000000C)
    __rt_exit                                0x080003d7   Thumb Code     0  rtexit.o(.ARM.Collect$$rtexit$$00000000)
    __rt_exit_ls                             0x080003d9   Thumb Code     0  rtexit2.o(.ARM.Collect$$rtexit$$00000003)
    __rt_exit_prels_1                        0x080003d9   Thumb Code     0  rtexit2.o(.ARM.Collect$$rtexit$$00000002)
    __rt_exit_exit                           0x080003dd   Thumb Code     0  rtexit2.o(.ARM.Collect$$rtexit$$00000004)
    Reset_Handler                            0x080003e5   Thumb Code     8  startup_stm32h743xx.o(.text)
    ADC3_IRQHandler                          0x080003ff   Thumb Code     0  startup_stm32h743xx.o(.text)
    ADC_IRQHandler                           0x080003ff   Thumb Code     0  startup_stm32h743xx.o(.text)
    BDMA_Channel0_IRQHandler                 0x080003ff   Thumb Code     0  startup_stm32h743xx.o(.text)
    BDMA_Channel1_IRQHandler                 0x080003ff   Thumb Code     0  startup_stm32h743xx.o(.text)
    BDMA_Channel2_IRQHandler                 0x080003ff   Thumb Code     0  startup_stm32h743xx.o(.text)
    BDMA_Channel3_IRQHandler                 0x080003ff   Thumb Code     0  startup_stm32h743xx.o(.text)
    BDMA_Channel4_IRQHandler                 0x080003ff   Thumb Code     0  startup_stm32h743xx.o(.text)
    BDMA_Channel5_IRQHandler                 0x080003ff   Thumb Code     0  startup_stm32h743xx.o(.text)
    BDMA_Channel6_IRQHandler                 0x080003ff   Thumb Code     0  startup_stm32h743xx.o(.text)
    BDMA_Channel7_IRQHandler                 0x080003ff   Thumb Code     0  startup_stm32h743xx.o(.text)
    CEC_IRQHandler                           0x080003ff   Thumb Code     0  startup_stm32h743xx.o(.text)
    COMP1_IRQHandler                         0x080003ff   Thumb Code     0  startup_stm32h743xx.o(.text)
    CRS_IRQHandler                           0x080003ff   Thumb Code     0  startup_stm32h743xx.o(.text)
    DCMI_IRQHandler                          0x080003ff   Thumb Code     0  startup_stm32h743xx.o(.text)
    DFSDM1_FLT0_IRQHandler                   0x080003ff   Thumb Code     0  startup_stm32h743xx.o(.text)
    DFSDM1_FLT1_IRQHandler                   0x080003ff   Thumb Code     0  startup_stm32h743xx.o(.text)
    DFSDM1_FLT2_IRQHandler                   0x080003ff   Thumb Code     0  startup_stm32h743xx.o(.text)
    DFSDM1_FLT3_IRQHandler                   0x080003ff   Thumb Code     0  startup_stm32h743xx.o(.text)
    DMA1_Stream1_IRQHandler                  0x080003ff   Thumb Code     0  startup_stm32h743xx.o(.text)
    DMA1_Stream2_IRQHandler                  0x080003ff   Thumb Code     0  startup_stm32h743xx.o(.text)
    DMA1_Stream3_IRQHandler                  0x080003ff   Thumb Code     0  startup_stm32h743xx.o(.text)
    DMA1_Stream4_IRQHandler                  0x080003ff   Thumb Code     0  startup_stm32h743xx.o(.text)
    DMA1_Stream5_IRQHandler                  0x080003ff   Thumb Code     0  startup_stm32h743xx.o(.text)
    DMA1_Stream6_IRQHandler                  0x080003ff   Thumb Code     0  startup_stm32h743xx.o(.text)
    DMA1_Stream7_IRQHandler                  0x080003ff   Thumb Code     0  startup_stm32h743xx.o(.text)
    DMA2D_IRQHandler                         0x080003ff   Thumb Code     0  startup_stm32h743xx.o(.text)
    DMA2_Stream0_IRQHandler                  0x080003ff   Thumb Code     0  startup_stm32h743xx.o(.text)
    DMA2_Stream1_IRQHandler                  0x080003ff   Thumb Code     0  startup_stm32h743xx.o(.text)
    DMA2_Stream2_IRQHandler                  0x080003ff   Thumb Code     0  startup_stm32h743xx.o(.text)
    DMA2_Stream3_IRQHandler                  0x080003ff   Thumb Code     0  startup_stm32h743xx.o(.text)
    DMA2_Stream4_IRQHandler                  0x080003ff   Thumb Code     0  startup_stm32h743xx.o(.text)
    DMA2_Stream5_IRQHandler                  0x080003ff   Thumb Code     0  startup_stm32h743xx.o(.text)
    DMA2_Stream6_IRQHandler                  0x080003ff   Thumb Code     0  startup_stm32h743xx.o(.text)
    DMA2_Stream7_IRQHandler                  0x080003ff   Thumb Code     0  startup_stm32h743xx.o(.text)
    DMAMUX1_OVR_IRQHandler                   0x080003ff   Thumb Code     0  startup_stm32h743xx.o(.text)
    DMAMUX2_OVR_IRQHandler                   0x080003ff   Thumb Code     0  startup_stm32h743xx.o(.text)
    ECC_IRQHandler                           0x080003ff   Thumb Code     0  startup_stm32h743xx.o(.text)
    ETH_IRQHandler                           0x080003ff   Thumb Code     0  startup_stm32h743xx.o(.text)
    ETH_WKUP_IRQHandler                      0x080003ff   Thumb Code     0  startup_stm32h743xx.o(.text)
    EXTI15_10_IRQHandler                     0x080003ff   Thumb Code     0  startup_stm32h743xx.o(.text)
    EXTI1_IRQHandler                         0x080003ff   Thumb Code     0  startup_stm32h743xx.o(.text)
    EXTI2_IRQHandler                         0x080003ff   Thumb Code     0  startup_stm32h743xx.o(.text)
    EXTI3_IRQHandler                         0x080003ff   Thumb Code     0  startup_stm32h743xx.o(.text)
    EXTI4_IRQHandler                         0x080003ff   Thumb Code     0  startup_stm32h743xx.o(.text)
    EXTI9_5_IRQHandler                       0x080003ff   Thumb Code     0  startup_stm32h743xx.o(.text)
    FDCAN1_IT0_IRQHandler                    0x080003ff   Thumb Code     0  startup_stm32h743xx.o(.text)
    FDCAN1_IT1_IRQHandler                    0x080003ff   Thumb Code     0  startup_stm32h743xx.o(.text)
    FDCAN2_IT0_IRQHandler                    0x080003ff   Thumb Code     0  startup_stm32h743xx.o(.text)
    FDCAN2_IT1_IRQHandler                    0x080003ff   Thumb Code     0  startup_stm32h743xx.o(.text)
    FDCAN_CAL_IRQHandler                     0x080003ff   Thumb Code     0  startup_stm32h743xx.o(.text)
    FLASH_IRQHandler                         0x080003ff   Thumb Code     0  startup_stm32h743xx.o(.text)
    FMC_IRQHandler                           0x080003ff   Thumb Code     0  startup_stm32h743xx.o(.text)
    FPU_IRQHandler                           0x080003ff   Thumb Code     0  startup_stm32h743xx.o(.text)
    HRTIM1_FLT_IRQHandler                    0x080003ff   Thumb Code     0  startup_stm32h743xx.o(.text)
    HRTIM1_Master_IRQHandler                 0x080003ff   Thumb Code     0  startup_stm32h743xx.o(.text)
    HRTIM1_TIMA_IRQHandler                   0x080003ff   Thumb Code     0  startup_stm32h743xx.o(.text)
    HRTIM1_TIMB_IRQHandler                   0x080003ff   Thumb Code     0  startup_stm32h743xx.o(.text)
    HRTIM1_TIMC_IRQHandler                   0x080003ff   Thumb Code     0  startup_stm32h743xx.o(.text)
    HRTIM1_TIMD_IRQHandler                   0x080003ff   Thumb Code     0  startup_stm32h743xx.o(.text)
    HRTIM1_TIME_IRQHandler                   0x080003ff   Thumb Code     0  startup_stm32h743xx.o(.text)
    HSEM1_IRQHandler                         0x080003ff   Thumb Code     0  startup_stm32h743xx.o(.text)
    I2C1_ER_IRQHandler                       0x080003ff   Thumb Code     0  startup_stm32h743xx.o(.text)
    I2C1_EV_IRQHandler                       0x080003ff   Thumb Code     0  startup_stm32h743xx.o(.text)
    I2C2_ER_IRQHandler                       0x080003ff   Thumb Code     0  startup_stm32h743xx.o(.text)
    I2C2_EV_IRQHandler                       0x080003ff   Thumb Code     0  startup_stm32h743xx.o(.text)
    I2C3_ER_IRQHandler                       0x080003ff   Thumb Code     0  startup_stm32h743xx.o(.text)
    I2C3_EV_IRQHandler                       0x080003ff   Thumb Code     0  startup_stm32h743xx.o(.text)
    I2C4_ER_IRQHandler                       0x080003ff   Thumb Code     0  startup_stm32h743xx.o(.text)
    I2C4_EV_IRQHandler                       0x080003ff   Thumb Code     0  startup_stm32h743xx.o(.text)
    JPEG_IRQHandler                          0x080003ff   Thumb Code     0  startup_stm32h743xx.o(.text)
    LPTIM1_IRQHandler                        0x080003ff   Thumb Code     0  startup_stm32h743xx.o(.text)
    LPTIM2_IRQHandler                        0x080003ff   Thumb Code     0  startup_stm32h743xx.o(.text)
    LPTIM3_IRQHandler                        0x080003ff   Thumb Code     0  startup_stm32h743xx.o(.text)
    LPTIM4_IRQHandler                        0x080003ff   Thumb Code     0  startup_stm32h743xx.o(.text)
    LPTIM5_IRQHandler                        0x080003ff   Thumb Code     0  startup_stm32h743xx.o(.text)
    LPUART1_IRQHandler                       0x080003ff   Thumb Code     0  startup_stm32h743xx.o(.text)
    LTDC_ER_IRQHandler                       0x080003ff   Thumb Code     0  startup_stm32h743xx.o(.text)
    LTDC_IRQHandler                          0x080003ff   Thumb Code     0  startup_stm32h743xx.o(.text)
    MDIOS_IRQHandler                         0x080003ff   Thumb Code     0  startup_stm32h743xx.o(.text)
    MDIOS_WKUP_IRQHandler                    0x080003ff   Thumb Code     0  startup_stm32h743xx.o(.text)
    MDMA_IRQHandler                          0x080003ff   Thumb Code     0  startup_stm32h743xx.o(.text)
    OTG_FS_EP1_IN_IRQHandler                 0x080003ff   Thumb Code     0  startup_stm32h743xx.o(.text)
    OTG_FS_EP1_OUT_IRQHandler                0x080003ff   Thumb Code     0  startup_stm32h743xx.o(.text)
    OTG_FS_IRQHandler                        0x080003ff   Thumb Code     0  startup_stm32h743xx.o(.text)
    OTG_FS_WKUP_IRQHandler                   0x080003ff   Thumb Code     0  startup_stm32h743xx.o(.text)
    OTG_HS_EP1_IN_IRQHandler                 0x080003ff   Thumb Code     0  startup_stm32h743xx.o(.text)
    OTG_HS_EP1_OUT_IRQHandler                0x080003ff   Thumb Code     0  startup_stm32h743xx.o(.text)
    OTG_HS_IRQHandler                        0x080003ff   Thumb Code     0  startup_stm32h743xx.o(.text)
    OTG_HS_WKUP_IRQHandler                   0x080003ff   Thumb Code     0  startup_stm32h743xx.o(.text)
    PVD_AVD_IRQHandler                       0x080003ff   Thumb Code     0  startup_stm32h743xx.o(.text)
    QUADSPI_IRQHandler                       0x080003ff   Thumb Code     0  startup_stm32h743xx.o(.text)
    RCC_IRQHandler                           0x080003ff   Thumb Code     0  startup_stm32h743xx.o(.text)
    RNG_IRQHandler                           0x080003ff   Thumb Code     0  startup_stm32h743xx.o(.text)
    RTC_Alarm_IRQHandler                     0x080003ff   Thumb Code     0  startup_stm32h743xx.o(.text)
    RTC_WKUP_IRQHandler                      0x080003ff   Thumb Code     0  startup_stm32h743xx.o(.text)
    SAI1_IRQHandler                          0x080003ff   Thumb Code     0  startup_stm32h743xx.o(.text)
    SAI2_IRQHandler                          0x080003ff   Thumb Code     0  startup_stm32h743xx.o(.text)
    SAI3_IRQHandler                          0x080003ff   Thumb Code     0  startup_stm32h743xx.o(.text)
    SAI4_IRQHandler                          0x080003ff   Thumb Code     0  startup_stm32h743xx.o(.text)
    SDMMC1_IRQHandler                        0x080003ff   Thumb Code     0  startup_stm32h743xx.o(.text)
    SDMMC2_IRQHandler                        0x080003ff   Thumb Code     0  startup_stm32h743xx.o(.text)
    SPDIF_RX_IRQHandler                      0x080003ff   Thumb Code     0  startup_stm32h743xx.o(.text)
    SPI1_IRQHandler                          0x080003ff   Thumb Code     0  startup_stm32h743xx.o(.text)
    SPI2_IRQHandler                          0x080003ff   Thumb Code     0  startup_stm32h743xx.o(.text)
    SPI3_IRQHandler                          0x080003ff   Thumb Code     0  startup_stm32h743xx.o(.text)
    SPI4_IRQHandler                          0x080003ff   Thumb Code     0  startup_stm32h743xx.o(.text)
    SPI5_IRQHandler                          0x080003ff   Thumb Code     0  startup_stm32h743xx.o(.text)
    SPI6_IRQHandler                          0x080003ff   Thumb Code     0  startup_stm32h743xx.o(.text)
    SWPMI1_IRQHandler                        0x080003ff   Thumb Code     0  startup_stm32h743xx.o(.text)
    TAMP_STAMP_IRQHandler                    0x080003ff   Thumb Code     0  startup_stm32h743xx.o(.text)
    TIM15_IRQHandler                         0x080003ff   Thumb Code     0  startup_stm32h743xx.o(.text)
    TIM16_IRQHandler                         0x080003ff   Thumb Code     0  startup_stm32h743xx.o(.text)
    TIM17_IRQHandler                         0x080003ff   Thumb Code     0  startup_stm32h743xx.o(.text)
    TIM1_BRK_IRQHandler                      0x080003ff   Thumb Code     0  startup_stm32h743xx.o(.text)
    TIM1_CC_IRQHandler                       0x080003ff   Thumb Code     0  startup_stm32h743xx.o(.text)
    TIM1_TRG_COM_IRQHandler                  0x080003ff   Thumb Code     0  startup_stm32h743xx.o(.text)
    TIM1_UP_IRQHandler                       0x080003ff   Thumb Code     0  startup_stm32h743xx.o(.text)
    TIM2_IRQHandler                          0x080003ff   Thumb Code     0  startup_stm32h743xx.o(.text)
    TIM3_IRQHandler                          0x080003ff   Thumb Code     0  startup_stm32h743xx.o(.text)
    TIM4_IRQHandler                          0x080003ff   Thumb Code     0  startup_stm32h743xx.o(.text)
    TIM5_IRQHandler                          0x080003ff   Thumb Code     0  startup_stm32h743xx.o(.text)
    TIM6_DAC_IRQHandler                      0x080003ff   Thumb Code     0  startup_stm32h743xx.o(.text)
    TIM7_IRQHandler                          0x080003ff   Thumb Code     0  startup_stm32h743xx.o(.text)
    TIM8_BRK_TIM12_IRQHandler                0x080003ff   Thumb Code     0  startup_stm32h743xx.o(.text)
    TIM8_CC_IRQHandler                       0x080003ff   Thumb Code     0  startup_stm32h743xx.o(.text)
    TIM8_TRG_COM_TIM14_IRQHandler            0x080003ff   Thumb Code     0  startup_stm32h743xx.o(.text)
    TIM8_UP_TIM13_IRQHandler                 0x080003ff   Thumb Code     0  startup_stm32h743xx.o(.text)
    UART4_IRQHandler                         0x080003ff   Thumb Code     0  startup_stm32h743xx.o(.text)
    UART5_IRQHandler                         0x080003ff   Thumb Code     0  startup_stm32h743xx.o(.text)
    UART7_IRQHandler                         0x080003ff   Thumb Code     0  startup_stm32h743xx.o(.text)
    UART8_IRQHandler                         0x080003ff   Thumb Code     0  startup_stm32h743xx.o(.text)
    USART2_IRQHandler                        0x080003ff   Thumb Code     0  startup_stm32h743xx.o(.text)
    USART3_IRQHandler                        0x080003ff   Thumb Code     0  startup_stm32h743xx.o(.text)
    USART6_IRQHandler                        0x080003ff   Thumb Code     0  startup_stm32h743xx.o(.text)
    WAKEUP_PIN_IRQHandler                    0x080003ff   Thumb Code     0  startup_stm32h743xx.o(.text)
    WWDG_IRQHandler                          0x080003ff   Thumb Code     0  startup_stm32h743xx.o(.text)
    __user_initial_stackheap                 0x08000401   Thumb Code     0  startup_stm32h743xx.o(.text)
    __aeabi_uldivmod                         0x08000425   Thumb Code     0  lludivv7m.o(.text)
    _ll_udiv                                 0x08000425   Thumb Code   238  lludivv7m.o(.text)
    vsnprintf                                0x08000515   Thumb Code    48  vsnprintf.o(.text)
    strlen                                   0x08000549   Thumb Code    62  strlen.o(.text)
    __aeabi_memclr4                          0x08000587   Thumb Code     0  rt_memclr_w.o(.text)
    __aeabi_memclr8                          0x08000587   Thumb Code     0  rt_memclr_w.o(.text)
    __rt_memclr_w                            0x08000587   Thumb Code    78  rt_memclr_w.o(.text)
    _memset_w                                0x0800058b   Thumb Code     0  rt_memclr_w.o(.text)
    __use_two_region_memory                  0x080005d5   Thumb Code     2  heapauxi.o(.text)
    __rt_heap_escrow$2region                 0x080005d7   Thumb Code     2  heapauxi.o(.text)
    __rt_heap_expand$2region                 0x080005d9   Thumb Code     2  heapauxi.o(.text)
    _printf_pre_padding                      0x080005db   Thumb Code    44  _printf_pad.o(.text)
    _printf_post_padding                     0x08000607   Thumb Code    34  _printf_pad.o(.text)
    _printf_truncate_signed                  0x08000629   Thumb Code    18  _printf_truncate.o(.text)
    _printf_truncate_unsigned                0x0800063b   Thumb Code    18  _printf_truncate.o(.text)
    _printf_str                              0x0800064d   Thumb Code    82  _printf_str.o(.text)
    _printf_int_dec                          0x080006a1   Thumb Code   104  _printf_dec.o(.text)
    _printf_charcount                        0x08000719   Thumb Code    40  _printf_charcount.o(.text)
    _printf_char_common                      0x0800074b   Thumb Code    32  _printf_char_common.o(.text)
    _sputc                                   0x08000771   Thumb Code    10  _sputc.o(.text)
    _snputc                                  0x0800077b   Thumb Code    16  _snputc.o(.text)
    _printf_wctomb                           0x0800078d   Thumb Code   182  _printf_wctomb.o(.text)
    _printf_longlong_dec                     0x08000849   Thumb Code   108  _printf_longlong_dec.o(.text)
    _printf_longlong_oct                     0x080008c5   Thumb Code    66  _printf_oct_int_ll.o(.text)
    _printf_int_oct                          0x08000907   Thumb Code    24  _printf_oct_int_ll.o(.text)
    _printf_ll_oct                           0x0800091f   Thumb Code    12  _printf_oct_int_ll.o(.text)
    _printf_longlong_hex                     0x08000935   Thumb Code    86  _printf_hex_int_ll_ptr.o(.text)
    _printf_int_hex                          0x0800098b   Thumb Code    28  _printf_hex_int_ll_ptr.o(.text)
    _printf_ll_hex                           0x080009a7   Thumb Code    12  _printf_hex_int_ll_ptr.o(.text)
    _printf_hex_ptr                          0x080009b3   Thumb Code    18  _printf_hex_int_ll_ptr.o(.text)
    __printf                                 0x080009c9   Thumb Code   388  __printf_flags_ss_wp.o(.text)
    _ll_udiv10                               0x08000b51   Thumb Code   138  lludiv10.o(.text)
    _printf_int_common                       0x08000bdb   Thumb Code   178  _printf_intcommon.o(.text)
    __lib_sel_fp_printf                      0x08000c8d   Thumb Code     2  _printf_fp_dec.o(.text)
    _printf_fp_dec_real                      0x08000e3f   Thumb Code   620  _printf_fp_dec.o(.text)
    _printf_fp_hex_real                      0x080010ad   Thumb Code   756  _printf_fp_hex.o(.text)
    _printf_cs_common                        0x080013a9   Thumb Code    20  _printf_char.o(.text)
    _printf_char                             0x080013bd   Thumb Code    16  _printf_char.o(.text)
    _printf_string                           0x080013cd   Thumb Code     8  _printf_char.o(.text)
    _printf_lcs_common                       0x080013d5   Thumb Code    20  _printf_wchar.o(.text)
    _printf_wchar                            0x080013e9   Thumb Code    16  _printf_wchar.o(.text)
    _printf_wstring                          0x080013f9   Thumb Code     8  _printf_wchar.o(.text)
    _wcrtomb                                 0x08001401   Thumb Code    64  _wcrtomb.o(.text)
    __user_libspace                          0x08001441   Thumb Code     8  libspace.o(.text)
    __user_perproc_libspace                  0x08001441   Thumb Code     0  libspace.o(.text)
    __user_perthread_libspace                0x08001441   Thumb Code     0  libspace.o(.text)
    __user_setup_stackheap                   0x08001449   Thumb Code    74  sys_stackheap_outer.o(.text)
    __rt_ctype_table                         0x08001495   Thumb Code    16  rt_ctype_table.o(.text)
    __rt_locale                              0x080014a5   Thumb Code     8  rt_locale_intlibspace.o(.text)
    _printf_fp_infnan                        0x080014ad   Thumb Code   112  _printf_fp_infnan.o(.text)
    _btod_etento                             0x0800152d   Thumb Code   224  bigflt0.o(.text)
    exit                                     0x08001611   Thumb Code    18  exit.o(.text)
    strcmp                                   0x08001625   Thumb Code   104  strcmpv7m_pel.o(.text)
    _sys_exit                                0x0800168d   Thumb Code     8  sys_exit.o(.text)
    __I$use$semihosting                      0x08001699   Thumb Code     0  use_no_semi.o(.text)
    __use_no_semihosting_swi                 0x08001699   Thumb Code     2  use_no_semi.o(.text)
    __semihosting_library_function           0x0800169b   Thumb Code     0  indicate_semi.o(.text)
    _btod_d2e                                0x0800169b   Thumb Code    62  btod.o(CL$$btod_d2e)
    _d2e_denorm_low                          0x080016d9   Thumb Code    70  btod.o(CL$$btod_d2e_denorm_low)
    _d2e_norm_op1                            0x0800171f   Thumb Code    96  btod.o(CL$$btod_d2e_norm_op1)
    __btod_div_common                        0x0800177f   Thumb Code   696  btod.o(CL$$btod_div_common)
    _e2e                                     0x08001ab7   Thumb Code   220  btod.o(CL$$btod_e2e)
    _btod_ediv                               0x08001b93   Thumb Code    42  btod.o(CL$$btod_ediv)
    _btod_emul                               0x08001bbd   Thumb Code    42  btod.o(CL$$btod_emul)
    __btod_mult_common                       0x08001be7   Thumb Code   580  btod.o(CL$$btod_mult_common)
    ADC_ConfigureBoostMode                   0x08001e2d   Thumb Code   322  stm32h7xx_hal_adc.o(i.ADC_ConfigureBoostMode)
    BusFault_Handler                         0x08001f91   Thumb Code     4  stm32h7xx_it.o(i.BusFault_Handler)
    DMA1_Stream0_IRQHandler                  0x08001f95   Thumb Code    10  stm32h7xx_it.o(i.DMA1_Stream0_IRQHandler)
    DebugMon_Handler                         0x08002511   Thumb Code     2  stm32h7xx_it.o(i.DebugMon_Handler)
    EXTI0_IRQHandler                         0x08002513   Thumb Code    10  stm32h7xx_it.o(i.EXTI0_IRQHandler)
    Error_Handler                            0x0800251d   Thumb Code     6  main.o(i.Error_Handler)
    HAL_ADCEx_MultiModeConfigChannel         0x08002525   Thumb Code   336  stm32h7xx_hal_adc_ex.o(i.HAL_ADCEx_MultiModeConfigChannel)
    HAL_ADC_ConfigChannel                    0x08002689   Thumb Code  1314  stm32h7xx_hal_adc.o(i.HAL_ADC_ConfigChannel)
    HAL_ADC_Init                             0x08002bd5   Thumb Code   608  stm32h7xx_hal_adc.o(i.HAL_ADC_Init)
    HAL_ADC_MspInit                          0x08002e61   Thumb Code   168  adc.o(i.HAL_ADC_MspInit)
    HAL_DMA_Abort                            0x08002f15   Thumb Code  1236  stm32h7xx_hal_dma.o(i.HAL_DMA_Abort)
    HAL_DMA_Abort_IT                         0x080033f1   Thumb Code   906  stm32h7xx_hal_dma.o(i.HAL_DMA_Abort_IT)
    HAL_DMA_IRQHandler                       0x08003789   Thumb Code  2798  stm32h7xx_hal_dma.o(i.HAL_DMA_IRQHandler)
    HAL_DMA_Init                             0x08004281   Thumb Code  1304  stm32h7xx_hal_dma.o(i.HAL_DMA_Init)
    HAL_DMA_Start_IT                         0x080047a1   Thumb Code   980  stm32h7xx_hal_dma.o(i.HAL_DMA_Start_IT)
    HAL_Delay                                0x08004b81   Thumb Code    36  stm32h7xx_hal.o(i.HAL_Delay)
    HAL_GPIO_EXTI_Callback                   0x08004ba9   Thumb Code     2  stm32h7xx_hal_gpio.o(i.HAL_GPIO_EXTI_Callback)
    HAL_GPIO_EXTI_IRQHandler                 0x08004bad   Thumb Code    24  stm32h7xx_hal_gpio.o(i.HAL_GPIO_EXTI_IRQHandler)
    HAL_GPIO_Init                            0x08004bc9   Thumb Code   456  stm32h7xx_hal_gpio.o(i.HAL_GPIO_Init)
    HAL_GPIO_WritePin                        0x08004dc5   Thumb Code    12  stm32h7xx_hal_gpio.o(i.HAL_GPIO_WritePin)
    HAL_GetREVID                             0x08004dd1   Thumb Code     8  stm32h7xx_hal.o(i.HAL_GetREVID)
    HAL_GetTick                              0x08004ddd   Thumb Code     6  stm32h7xx_hal.o(i.HAL_GetTick)
    HAL_I2CEx_ConfigAnalogFilter             0x08004de9   Thumb Code   106  stm32h7xx_hal_i2c_ex.o(i.HAL_I2CEx_ConfigAnalogFilter)
    HAL_I2CEx_ConfigDigitalFilter            0x08004e53   Thumb Code   104  stm32h7xx_hal_i2c_ex.o(i.HAL_I2CEx_ConfigDigitalFilter)
    HAL_I2C_Init                             0x08004ebd   Thumb Code   212  stm32h7xx_hal_i2c.o(i.HAL_I2C_Init)
    HAL_I2C_Mem_Read                         0x08004f95   Thumb Code   408  stm32h7xx_hal_i2c.o(i.HAL_I2C_Mem_Read)
    HAL_I2C_Mem_Write                        0x08005135   Thumb Code   402  stm32h7xx_hal_i2c.o(i.HAL_I2C_Mem_Write)
    HAL_I2C_MspInit                          0x080052cd   Thumb Code   144  i2c.o(i.HAL_I2C_MspInit)
    HAL_IncTick                              0x08005369   Thumb Code    16  stm32h7xx_hal.o(i.HAL_IncTick)
    HAL_Init                                 0x08005381   Thumb Code    80  stm32h7xx_hal.o(i.HAL_Init)
    HAL_InitTick                             0x080053e1   Thumb Code    74  stm32h7xx_hal.o(i.HAL_InitTick)
    HAL_MspInit                              0x08005439   Thumb Code    32  stm32h7xx_hal_msp.o(i.HAL_MspInit)
    HAL_NVIC_EnableIRQ                       0x0800545d   Thumb Code    40  stm32h7xx_hal_cortex.o(i.HAL_NVIC_EnableIRQ)
    HAL_NVIC_SetPriority                     0x08005485   Thumb Code   122  stm32h7xx_hal_cortex.o(i.HAL_NVIC_SetPriority)
    HAL_NVIC_SetPriorityGrouping             0x08005501   Thumb Code    32  stm32h7xx_hal_cortex.o(i.HAL_NVIC_SetPriorityGrouping)
    HAL_PWREx_ConfigSupply                   0x08005529   Thumb Code    90  stm32h7xx_hal_pwr_ex.o(i.HAL_PWREx_ConfigSupply)
    HAL_RCCEx_GetD3PCLK1Freq                 0x08005589   Thumb Code    26  stm32h7xx_hal_rcc_ex.o(i.HAL_RCCEx_GetD3PCLK1Freq)
    HAL_RCCEx_GetPLL1ClockFreq               0x080055ad   Thumb Code   536  stm32h7xx_hal_rcc_ex.o(i.HAL_RCCEx_GetPLL1ClockFreq)
    HAL_RCCEx_GetPLL2ClockFreq               0x080057dd   Thumb Code   536  stm32h7xx_hal_rcc_ex.o(i.HAL_RCCEx_GetPLL2ClockFreq)
    HAL_RCCEx_GetPLL3ClockFreq               0x08005a0d   Thumb Code   536  stm32h7xx_hal_rcc_ex.o(i.HAL_RCCEx_GetPLL3ClockFreq)
    HAL_RCCEx_GetPeriphCLKFreq               0x08005c3d   Thumb Code  2216  stm32h7xx_hal_rcc_ex.o(i.HAL_RCCEx_GetPeriphCLKFreq)
    HAL_RCCEx_PeriphCLKConfig                0x080064ed   Thumb Code  3432  stm32h7xx_hal_rcc_ex.o(i.HAL_RCCEx_PeriphCLKConfig)
    HAL_RCC_ClockConfig                      0x08007255   Thumb Code   774  stm32h7xx_hal_rcc.o(i.HAL_RCC_ClockConfig)
    HAL_RCC_GetHCLKFreq                      0x08007575   Thumb Code    60  stm32h7xx_hal_rcc.o(i.HAL_RCC_GetHCLKFreq)
    HAL_RCC_GetPCLK1Freq                     0x080075c1   Thumb Code    26  stm32h7xx_hal_rcc.o(i.HAL_RCC_GetPCLK1Freq)
    HAL_RCC_GetPCLK2Freq                     0x080075e5   Thumb Code    26  stm32h7xx_hal_rcc.o(i.HAL_RCC_GetPCLK2Freq)
    HAL_RCC_GetSysClockFreq                  0x08007609   Thumb Code   524  stm32h7xx_hal_rcc.o(i.HAL_RCC_GetSysClockFreq)
    HAL_RCC_OscConfig                        0x08007835   Thumb Code  2130  stm32h7xx_hal_rcc.o(i.HAL_RCC_OscConfig)
    HAL_SPI_Init                             0x0800808d   Thumb Code   420  stm32h7xx_hal_spi.o(i.HAL_SPI_Init)
    HAL_SPI_MspInit                          0x0800823d   Thumb Code   490  spi.o(i.HAL_SPI_MspInit)
    HAL_SYSTICK_Config                       0x08008449   Thumb Code    52  stm32h7xx_hal_cortex.o(i.HAL_SYSTICK_Config)
    HAL_TIMEx_ConfigBreakDeadTime            0x0800847d   Thumb Code   172  stm32h7xx_hal_tim_ex.o(i.HAL_TIMEx_ConfigBreakDeadTime)
    HAL_TIMEx_MasterConfigSynchronization    0x08008531   Thumb Code   174  stm32h7xx_hal_tim_ex.o(i.HAL_TIMEx_MasterConfigSynchronization)
    HAL_TIM_Base_Init                        0x080085fd   Thumb Code   110  stm32h7xx_hal_tim.o(i.HAL_TIM_Base_Init)
    HAL_TIM_Base_MspInit                     0x0800866d   Thumb Code   156  tim.o(i.HAL_TIM_Base_MspInit)
    HAL_TIM_ConfigClockSource                0x0800871d   Thumb Code   304  stm32h7xx_hal_tim.o(i.HAL_TIM_ConfigClockSource)
    HAL_TIM_MspPostInit                      0x08008851   Thumb Code   276  tim.o(i.HAL_TIM_MspPostInit)
    HAL_TIM_PWM_ConfigChannel                0x08008985   Thumb Code   368  stm32h7xx_hal_tim.o(i.HAL_TIM_PWM_ConfigChannel)
    HAL_TIM_PWM_Init                         0x08008af5   Thumb Code   110  stm32h7xx_hal_tim.o(i.HAL_TIM_PWM_Init)
    HAL_TIM_PWM_MspInit                      0x08008b63   Thumb Code     2  stm32h7xx_hal_tim.o(i.HAL_TIM_PWM_MspInit)
    HAL_UARTEx_DisableFifoMode               0x08008b65   Thumb Code    78  stm32h7xx_hal_uart_ex.o(i.HAL_UARTEx_DisableFifoMode)
    HAL_UARTEx_RxEventCallback               0x08008bb3   Thumb Code     2  stm32h7xx_hal_uart.o(i.HAL_UARTEx_RxEventCallback)
    HAL_UARTEx_RxFifoFullCallback            0x08008bb5   Thumb Code     2  stm32h7xx_hal_uart_ex.o(i.HAL_UARTEx_RxFifoFullCallback)
    HAL_UARTEx_SetRxFifoThreshold            0x08008bb7   Thumb Code    94  stm32h7xx_hal_uart_ex.o(i.HAL_UARTEx_SetRxFifoThreshold)
    HAL_UARTEx_SetTxFifoThreshold            0x08008c15   Thumb Code    94  stm32h7xx_hal_uart_ex.o(i.HAL_UARTEx_SetTxFifoThreshold)
    HAL_UARTEx_TxFifoEmptyCallback           0x08008c73   Thumb Code     2  stm32h7xx_hal_uart_ex.o(i.HAL_UARTEx_TxFifoEmptyCallback)
    HAL_UARTEx_WakeupCallback                0x08008c75   Thumb Code     2  stm32h7xx_hal_uart_ex.o(i.HAL_UARTEx_WakeupCallback)
    HAL_UART_ErrorCallback                   0x08008c77   Thumb Code     2  stm32h7xx_hal_uart.o(i.HAL_UART_ErrorCallback)
    HAL_UART_IRQHandler                      0x08008c79   Thumb Code  1172  stm32h7xx_hal_uart.o(i.HAL_UART_IRQHandler)
    HAL_UART_Init                            0x0800910d   Thumb Code   120  stm32h7xx_hal_uart.o(i.HAL_UART_Init)
    HAL_UART_MspInit                         0x08009185   Thumb Code   946  usart.o(i.HAL_UART_MspInit)
    HAL_UART_Transmit                        0x08009575   Thumb Code   194  stm32h7xx_hal_uart.o(i.HAL_UART_Transmit)
    HAL_UART_Transmit_DMA                    0x08009639   Thumb Code   148  stm32h7xx_hal_uart.o(i.HAL_UART_Transmit_DMA)
    HAL_UART_TxCpltCallback                  0x080096d9   Thumb Code     2  stm32h7xx_hal_uart.o(i.HAL_UART_TxCpltCallback)
    HAL_UART_TxHalfCpltCallback              0x080096db   Thumb Code     2  stm32h7xx_hal_uart.o(i.HAL_UART_TxHalfCpltCallback)
    HardFault_Handler                        0x080096dd   Thumb Code     4  stm32h7xx_it.o(i.HardFault_Handler)
    MX_ADC1_Init                             0x08009b21   Thumb Code   146  adc.o(i.MX_ADC1_Init)
    MX_DMA_Init                              0x08009bc1   Thumb Code    48  dma.o(i.MX_DMA_Init)
    MX_GPIO_Init                             0x08009bf5   Thumb Code   426  gpio.o(i.MX_GPIO_Init)
    MX_I2C2_Init                             0x08009db9   Thumb Code    74  i2c.o(i.MX_I2C2_Init)
    MX_SPI1_Init                             0x08009e11   Thumb Code    88  spi.o(i.MX_SPI1_Init)
    MX_SPI2_Init                             0x08009e71   Thumb Code    90  spi.o(i.MX_SPI2_Init)
    MX_SPI3_Init                             0x08009ed5   Thumb Code    90  spi.o(i.MX_SPI3_Init)
    MX_TIM15_Init                            0x08009f39   Thumb Code   226  tim.o(i.MX_TIM15_Init)
    MX_TIM1_Init                             0x0800a025   Thumb Code   272  tim.o(i.MX_TIM1_Init)
    MX_TIM3_Init                             0x0800a13d   Thumb Code   172  tim.o(i.MX_TIM3_Init)
    MX_TIM4_Init                             0x0800a1f1   Thumb Code   188  tim.o(i.MX_TIM4_Init)
    MX_UART4_Init                            0x0800a2b5   Thumb Code    98  usart.o(i.MX_UART4_Init)
    MX_UART5_Init                            0x0800a321   Thumb Code    98  usart.o(i.MX_UART5_Init)
    MX_UART8_Init                            0x0800a38d   Thumb Code    98  usart.o(i.MX_UART8_Init)
    MX_USART1_UART_Init                      0x0800a3f9   Thumb Code    96  usart.o(i.MX_USART1_UART_Init)
    MX_USART2_UART_Init                      0x0800a465   Thumb Code    98  usart.o(i.MX_USART2_UART_Init)
    MX_USART3_UART_Init                      0x0800a4d1   Thumb Code    98  usart.o(i.MX_USART3_UART_Init)
    MX_USART6_UART_Init                      0x0800a53d   Thumb Code    98  usart.o(i.MX_USART6_UART_Init)
    MemManage_Handler                        0x0800a5a9   Thumb Code     4  stm32h7xx_it.o(i.MemManage_Handler)
    NMI_Handler                              0x0800a5ad   Thumb Code     4  stm32h7xx_it.o(i.NMI_Handler)
    PendSV_Handler                           0x0800a5b1   Thumb Code     2  stm32h7xx_it.o(i.PendSV_Handler)
    SVC_Handler                              0x0800a897   Thumb Code     2  stm32h7xx_it.o(i.SVC_Handler)
    SysTick_Handler                          0x0800a899   Thumb Code     8  stm32h7xx_it.o(i.SysTick_Handler)
    SystemClock_Config                       0x0800a8a1   Thumb Code   300  main.o(i.SystemClock_Config)
    SystemInit                               0x0800a9d9   Thumb Code   212  system_stm32h7xx.o(i.SystemInit)
    TIM_Base_SetConfig                       0x0800aad5   Thumb Code   186  stm32h7xx_hal_tim.o(i.TIM_Base_SetConfig)
    TIM_ETR_SetConfig                        0x0800abb1   Thumb Code    22  stm32h7xx_hal_tim.o(i.TIM_ETR_SetConfig)
    TIM_OC2_SetConfig                        0x0800ac8d   Thumb Code   156  stm32h7xx_hal_tim.o(i.TIM_OC2_SetConfig)
    UART_AdvFeatureConfig                    0x0800aff1   Thumb Code   248  stm32h7xx_hal_uart.o(i.UART_AdvFeatureConfig)
    UART_CheckIdleState                      0x0800b0e9   Thumb Code   234  stm32h7xx_hal_uart.o(i.UART_CheckIdleState)
    UART_SetConfig                           0x0800b389   Thumb Code  1402  stm32h7xx_hal_uart.o(i.UART_SetConfig)
    UART_WaitOnFlagUntilTimeout              0x0800b915   Thumb Code   172  stm32h7xx_hal_uart.o(i.UART_WaitOnFlagUntilTimeout)
    USART1_IRQHandler                        0x0800b9c1   Thumb Code    10  stm32h7xx_it.o(i.USART1_IRQHandler)
    UsageFault_Handler                       0x0800b9d1   Thumb Code     4  stm32h7xx_it.o(i.UsageFault_Handler)
    __ARM_fpclassify                         0x0800b9d5   Thumb Code    48  fpclassify.o(i.__ARM_fpclassify)
    _is_digit                                0x0800ba3d   Thumb Code    14  __printf_wp.o(i._is_digit)
    debugUartTx                              0x0800ba4d   Thumb Code    22  system.o(i.debugUartTx)
    debugUartTxDma                           0x0800ba69   Thumb Code    18  system.o(i.debugUartTxDma)
    main                                     0x0800ba81   Thumb Code    92  main.o(i.main)
    qmc5883lGetState                         0x0800badd   Thumb Code    10  qmc5883l.o(i.qmc5883lGetState)
    qmc5883lInit                             0x0800bae9   Thumb Code    50  qmc5883l.o(i.qmc5883lInit)
    qmc5883lUpdateData                       0x0800bbed   Thumb Code   160  qmc5883l.o(i.qmc5883lUpdateData)
    slog                                     0x0800bcc1   Thumb Code    46  system.o(i.slog)
    slogDma                                  0x0800bcf5   Thumb Code    46  system.o(i.slogDma)
    systemInit                               0x0800bd29   Thumb Code    34  system.o(i.systemInit)
    systemLoop                               0x0800bd6d   Thumb Code   118  system.o(i.systemLoop)
    _get_lc_numeric                          0x0800be11   Thumb Code    44  lc_numeric_c.o(locale$$code)
    _get_lc_ctype                            0x0800be3d   Thumb Code    44  lc_ctype_c.o(locale$$code)
    _fp_init                                 0x0800be69   Thumb Code    10  fpinit.o(x$fpl$fpinit)
    __fplib_config_fpu_vfp                   0x0800be71   Thumb Code     0  fpinit.o(x$fpl$fpinit)
    __fplib_config_pureend_doubles           0x0800be71   Thumb Code     0  fpinit.o(x$fpl$fpinit)
    _printf_fp_dec                           0x0800be73   Thumb Code     4  printf1.o(x$fpl$printf1)
    _printf_fp_hex                           0x0800be77   Thumb Code     4  printf2.o(x$fpl$printf2)
    __I$use$fp                               0x0800be7a   Number         0  usenofp.o(x$fpl$usenofp)
    UARTPrescTable                           0x0800be82   Data          24  stm32h7xx_hal_uart.o(.constdata)
    D1CorePrescTable                         0x0800beaa   Data          16  system_stm32h7xx.o(.constdata)
    Region$$Table$$Base                      0x0800bfb8   Number         0  anon$$obj.o(Region$$Table)
    Region$$Table$$Limit                     0x0800bfd8   Number         0  anon$$obj.o(Region$$Table)
    __ctype                                  0x0800c001   Data           0  lc_ctype_c.o(locale$$data)
    uwTick                                   0x24000000   Data           4  stm32h7xx_hal.o(.data)
    uwTickPrio                               0x24000004   Data           4  stm32h7xx_hal.o(.data)
    uwTickFreq                               0x24000008   Data           1  stm32h7xx_hal.o(.data)
    SystemCoreClock                          0x2400000c   Data           4  system_stm32h7xx.o(.data)
    SystemD2Clock                            0x24000010   Data           4  system_stm32h7xx.o(.data)
    lastMs                                   0x24000014   Data           4  system.o(.data)
    currentMs                                0x24000018   Data           4  system.o(.data)
    hadc1                                    0x2400001c   Data         100  adc.o(.bss)
    hi2c2                                    0x24000080   Data          84  i2c.o(.bss)
    hspi1                                    0x240000d4   Data         136  spi.o(.bss)
    hspi2                                    0x2400015c   Data         136  spi.o(.bss)
    hspi3                                    0x240001e4   Data         136  spi.o(.bss)
    htim1                                    0x2400026c   Data          76  tim.o(.bss)
    htim3                                    0x240002b8   Data          76  tim.o(.bss)
    htim4                                    0x24000304   Data          76  tim.o(.bss)
    htim15                                   0x24000350   Data          76  tim.o(.bss)
    huart4                                   0x2400039c   Data         148  usart.o(.bss)
    huart5                                   0x24000430   Data         148  usart.o(.bss)
    huart8                                   0x240004c4   Data         148  usart.o(.bss)
    huart1                                   0x24000558   Data         148  usart.o(.bss)
    huart2                                   0x240005ec   Data         148  usart.o(.bss)
    huart3                                   0x24000680   Data         148  usart.o(.bss)
    huart6                                   0x24000714   Data         148  usart.o(.bss)
    hdma_usart1_tx                           0x240007a8   Data         120  usart.o(.bss)
    log_buffer                               0x24000820   Data         128  system.o(.bss)
    magData                                  0x240008a0   Data          20  system.o(.bss)
    __libspace_start                         0x240008dc   Data          96  libspace.o(.bss)
    __temporary_stack_top$libspace           0x2400093c   Data           0  libspace.o(.bss)



==============================================================================

Memory Map of the image

  Image Entry point : 0x08000299

  Load Region LR_IROM1 (Base: 0x08000000, Size: 0x0000c120, Max: 0x00200000, ABSOLUTE)

    Execution Region ER_IROM1 (Exec base: 0x08000000, Load base: 0x08000000, Size: 0x0000c104, Max: 0x00200000, ABSOLUTE)

    Exec Addr    Load Addr    Size         Type   Attr      Idx    E Section Name        Object

    0x08000000   0x08000000   0x00000298   Data   RO            3    RESET               startup_stm32h743xx.o
    0x08000298   0x08000298   0x00000008   Code   RO          971  * !!!main             c_w.l(__main.o)
    0x080002a0   0x080002a0   0x00000034   Code   RO         1218    !!!scatter          c_w.l(__scatter.o)
    0x080002d4   0x080002d4   0x0000001a   Code   RO         1219    !!handler_copy      c_w.l(__scatter_copy.o)
    0x080002ee   0x080002ee   0x00000002   PAD
    0x080002f0   0x080002f0   0x0000001c   Code   RO         1220    !!handler_zi        c_w.l(__scatter_zi.o)
    0x0800030c   0x0800030c   0x00000000   Code   RO         1037    .ARM.Collect$$_printf_percent$$00000000  c_w.l(_printf_percent.o)
    0x0800030c   0x0800030c   0x00000006   Code   RO         1026    .ARM.Collect$$_printf_percent$$00000001  c_w.l(_printf_n.o)
    0x08000312   0x08000312   0x00000006   Code   RO         1028    .ARM.Collect$$_printf_percent$$00000002  c_w.l(_printf_p.o)
    0x08000318   0x08000318   0x00000006   Code   RO         1033    .ARM.Collect$$_printf_percent$$00000003  c_w.l(_printf_f.o)
    0x0800031e   0x0800031e   0x00000006   Code   RO         1034    .ARM.Collect$$_printf_percent$$00000004  c_w.l(_printf_e.o)
    0x08000324   0x08000324   0x00000006   Code   RO         1035    .ARM.Collect$$_printf_percent$$00000005  c_w.l(_printf_g.o)
    0x0800032a   0x0800032a   0x00000006   Code   RO         1036    .ARM.Collect$$_printf_percent$$00000006  c_w.l(_printf_a.o)
    0x08000330   0x08000330   0x0000000a   Code   RO         1041    .ARM.Collect$$_printf_percent$$00000007  c_w.l(_printf_ll.o)
    0x0800033a   0x0800033a   0x00000006   Code   RO         1030    .ARM.Collect$$_printf_percent$$00000008  c_w.l(_printf_i.o)
    0x08000340   0x08000340   0x00000006   Code   RO         1031    .ARM.Collect$$_printf_percent$$00000009  c_w.l(_printf_d.o)
    0x08000346   0x08000346   0x00000006   Code   RO         1032    .ARM.Collect$$_printf_percent$$0000000A  c_w.l(_printf_u.o)
    0x0800034c   0x0800034c   0x00000006   Code   RO         1029    .ARM.Collect$$_printf_percent$$0000000B  c_w.l(_printf_o.o)
    0x08000352   0x08000352   0x00000006   Code   RO         1027    .ARM.Collect$$_printf_percent$$0000000C  c_w.l(_printf_x.o)
    0x08000358   0x08000358   0x00000006   Code   RO         1038    .ARM.Collect$$_printf_percent$$0000000D  c_w.l(_printf_lli.o)
    0x0800035e   0x0800035e   0x00000006   Code   RO         1039    .ARM.Collect$$_printf_percent$$0000000E  c_w.l(_printf_lld.o)
    0x08000364   0x08000364   0x00000006   Code   RO         1040    .ARM.Collect$$_printf_percent$$0000000F  c_w.l(_printf_llu.o)
    0x0800036a   0x0800036a   0x00000006   Code   RO         1045    .ARM.Collect$$_printf_percent$$00000010  c_w.l(_printf_llo.o)
    0x08000370   0x08000370   0x00000006   Code   RO         1046    .ARM.Collect$$_printf_percent$$00000011  c_w.l(_printf_llx.o)
    0x08000376   0x08000376   0x0000000a   Code   RO         1042    .ARM.Collect$$_printf_percent$$00000012  c_w.l(_printf_l.o)
    0x08000380   0x08000380   0x00000006   Code   RO         1024    .ARM.Collect$$_printf_percent$$00000013  c_w.l(_printf_c.o)
    0x08000386   0x08000386   0x00000006   Code   RO         1025    .ARM.Collect$$_printf_percent$$00000014  c_w.l(_printf_s.o)
    0x0800038c   0x0800038c   0x00000006   Code   RO         1043    .ARM.Collect$$_printf_percent$$00000015  c_w.l(_printf_lc.o)
    0x08000392   0x08000392   0x00000006   Code   RO         1044    .ARM.Collect$$_printf_percent$$00000016  c_w.l(_printf_ls.o)
    0x08000398   0x08000398   0x00000004   Code   RO         1079    .ARM.Collect$$_printf_percent$$00000017  c_w.l(_printf_percent_end.o)
    0x0800039c   0x0800039c   0x00000002   Code   RO         1110    .ARM.Collect$$libinit$$00000000  c_w.l(libinit.o)
    0x0800039e   0x0800039e   0x00000004   Code   RO         1121    .ARM.Collect$$libinit$$00000001  c_w.l(libinit2.o)
    0x080003a2   0x080003a2   0x00000000   Code   RO         1124    .ARM.Collect$$libinit$$00000004  c_w.l(libinit2.o)
    0x080003a2   0x080003a2   0x00000000   Code   RO         1127    .ARM.Collect$$libinit$$0000000A  c_w.l(libinit2.o)
    0x080003a2   0x080003a2   0x00000000   Code   RO         1129    .ARM.Collect$$libinit$$0000000C  c_w.l(libinit2.o)
    0x080003a2   0x080003a2   0x00000000   Code   RO         1131    .ARM.Collect$$libinit$$0000000E  c_w.l(libinit2.o)
    0x080003a2   0x080003a2   0x00000006   Code   RO         1132    .ARM.Collect$$libinit$$0000000F  c_w.l(libinit2.o)
    0x080003a8   0x080003a8   0x00000000   Code   RO         1134    .ARM.Collect$$libinit$$00000011  c_w.l(libinit2.o)
    0x080003a8   0x080003a8   0x0000000c   Code   RO         1135    .ARM.Collect$$libinit$$00000012  c_w.l(libinit2.o)
    0x080003b4   0x080003b4   0x00000000   Code   RO         1136    .ARM.Collect$$libinit$$00000013  c_w.l(libinit2.o)
    0x080003b4   0x080003b4   0x00000000   Code   RO         1138    .ARM.Collect$$libinit$$00000015  c_w.l(libinit2.o)
    0x080003b4   0x080003b4   0x0000000a   Code   RO         1139    .ARM.Collect$$libinit$$00000016  c_w.l(libinit2.o)
    0x080003be   0x080003be   0x00000000   Code   RO         1140    .ARM.Collect$$libinit$$00000017  c_w.l(libinit2.o)
    0x080003be   0x080003be   0x00000000   Code   RO         1142    .ARM.Collect$$libinit$$00000019  c_w.l(libinit2.o)
    0x080003be   0x080003be   0x00000000   Code   RO         1144    .ARM.Collect$$libinit$$0000001B  c_w.l(libinit2.o)
    0x080003be   0x080003be   0x00000000   Code   RO         1146    .ARM.Collect$$libinit$$0000001D  c_w.l(libinit2.o)
    0x080003be   0x080003be   0x00000000   Code   RO         1148    .ARM.Collect$$libinit$$0000001F  c_w.l(libinit2.o)
    0x080003be   0x080003be   0x00000000   Code   RO         1150    .ARM.Collect$$libinit$$00000021  c_w.l(libinit2.o)
    0x080003be   0x080003be   0x00000000   Code   RO         1152    .ARM.Collect$$libinit$$00000023  c_w.l(libinit2.o)
    0x080003be   0x080003be   0x00000000   Code   RO         1154    .ARM.Collect$$libinit$$00000025  c_w.l(libinit2.o)
    0x080003be   0x080003be   0x00000000   Code   RO         1158    .ARM.Collect$$libinit$$0000002C  c_w.l(libinit2.o)
    0x080003be   0x080003be   0x00000000   Code   RO         1160    .ARM.Collect$$libinit$$0000002E  c_w.l(libinit2.o)
    0x080003be   0x080003be   0x00000000   Code   RO         1162    .ARM.Collect$$libinit$$00000030  c_w.l(libinit2.o)
    0x080003be   0x080003be   0x00000000   Code   RO         1164    .ARM.Collect$$libinit$$00000032  c_w.l(libinit2.o)
    0x080003be   0x080003be   0x00000002   Code   RO         1165    .ARM.Collect$$libinit$$00000033  c_w.l(libinit2.o)
    0x080003c0   0x080003c0   0x00000002   Code   RO         1185    .ARM.Collect$$libshutdown$$00000000  c_w.l(libshutdown.o)
    0x080003c2   0x080003c2   0x00000000   Code   RO         1199    .ARM.Collect$$libshutdown$$00000002  c_w.l(libshutdown2.o)
    0x080003c2   0x080003c2   0x00000000   Code   RO         1201    .ARM.Collect$$libshutdown$$00000004  c_w.l(libshutdown2.o)
    0x080003c2   0x080003c2   0x00000000   Code   RO         1203    .ARM.Collect$$libshutdown$$00000006  c_w.l(libshutdown2.o)
    0x080003c2   0x080003c2   0x00000000   Code   RO         1206    .ARM.Collect$$libshutdown$$00000009  c_w.l(libshutdown2.o)
    0x080003c2   0x080003c2   0x00000000   Code   RO         1209    .ARM.Collect$$libshutdown$$0000000C  c_w.l(libshutdown2.o)
    0x080003c2   0x080003c2   0x00000000   Code   RO         1211    .ARM.Collect$$libshutdown$$0000000E  c_w.l(libshutdown2.o)
    0x080003c2   0x080003c2   0x00000000   Code   RO         1214    .ARM.Collect$$libshutdown$$00000011  c_w.l(libshutdown2.o)
    0x080003c2   0x080003c2   0x00000002   Code   RO         1215    .ARM.Collect$$libshutdown$$00000012  c_w.l(libshutdown2.o)
    0x080003c4   0x080003c4   0x00000000   Code   RO          978    .ARM.Collect$$rtentry$$00000000  c_w.l(__rtentry.o)
    0x080003c4   0x080003c4   0x00000000   Code   RO         1053    .ARM.Collect$$rtentry$$00000002  c_w.l(__rtentry2.o)
    0x080003c4   0x080003c4   0x00000006   Code   RO         1065    .ARM.Collect$$rtentry$$00000004  c_w.l(__rtentry4.o)
    0x080003ca   0x080003ca   0x00000000   Code   RO         1055    .ARM.Collect$$rtentry$$00000009  c_w.l(__rtentry2.o)
    0x080003ca   0x080003ca   0x00000004   Code   RO         1056    .ARM.Collect$$rtentry$$0000000A  c_w.l(__rtentry2.o)
    0x080003ce   0x080003ce   0x00000000   Code   RO         1058    .ARM.Collect$$rtentry$$0000000C  c_w.l(__rtentry2.o)
    0x080003ce   0x080003ce   0x00000008   Code   RO         1059    .ARM.Collect$$rtentry$$0000000D  c_w.l(__rtentry2.o)
    0x080003d6   0x080003d6   0x00000002   Code   RO         1113    .ARM.Collect$$rtexit$$00000000  c_w.l(rtexit.o)
    0x080003d8   0x080003d8   0x00000000   Code   RO         1168    .ARM.Collect$$rtexit$$00000002  c_w.l(rtexit2.o)
    0x080003d8   0x080003d8   0x00000004   Code   RO         1169    .ARM.Collect$$rtexit$$00000003  c_w.l(rtexit2.o)
    0x080003dc   0x080003dc   0x00000006   Code   RO         1170    .ARM.Collect$$rtexit$$00000004  c_w.l(rtexit2.o)
    0x080003e2   0x080003e2   0x00000002   PAD
    0x080003e4   0x080003e4   0x00000040   Code   RO            4    .text               startup_stm32h743xx.o
    0x08000424   0x08000424   0x000000ee   Code   RO          966    .text               c_w.l(lludivv7m.o)
    0x08000512   0x08000512   0x00000002   PAD
    0x08000514   0x08000514   0x00000034   Code   RO          967    .text               c_w.l(vsnprintf.o)
    0x08000548   0x08000548   0x0000003e   Code   RO          968    .text               c_w.l(strlen.o)
    0x08000586   0x08000586   0x0000004e   Code   RO          969    .text               c_w.l(rt_memclr_w.o)
    0x080005d4   0x080005d4   0x00000006   Code   RO          970    .text               c_w.l(heapauxi.o)
    0x080005da   0x080005da   0x0000004e   Code   RO          983    .text               c_w.l(_printf_pad.o)
    0x08000628   0x08000628   0x00000024   Code   RO          984    .text               c_w.l(_printf_truncate.o)
    0x0800064c   0x0800064c   0x00000052   Code   RO          985    .text               c_w.l(_printf_str.o)
    0x0800069e   0x0800069e   0x00000002   PAD
    0x080006a0   0x080006a0   0x00000078   Code   RO          986    .text               c_w.l(_printf_dec.o)
    0x08000718   0x08000718   0x00000028   Code   RO          987    .text               c_w.l(_printf_charcount.o)
    0x08000740   0x08000740   0x00000030   Code   RO          988    .text               c_w.l(_printf_char_common.o)
    0x08000770   0x08000770   0x0000000a   Code   RO          989    .text               c_w.l(_sputc.o)
    0x0800077a   0x0800077a   0x00000010   Code   RO          990    .text               c_w.l(_snputc.o)
    0x0800078a   0x0800078a   0x00000002   PAD
    0x0800078c   0x0800078c   0x000000bc   Code   RO          991    .text               c_w.l(_printf_wctomb.o)
    0x08000848   0x08000848   0x0000007c   Code   RO          993    .text               c_w.l(_printf_longlong_dec.o)
    0x080008c4   0x080008c4   0x00000070   Code   RO          996    .text               c_w.l(_printf_oct_int_ll.o)
    0x08000934   0x08000934   0x00000094   Code   RO         1009    .text               c_w.l(_printf_hex_int_ll_ptr.o)
    0x080009c8   0x080009c8   0x00000188   Code   RO         1022    .text               c_w.l(__printf_flags_ss_wp.o)
    0x08000b50   0x08000b50   0x0000008a   Code   RO         1071    .text               c_w.l(lludiv10.o)
    0x08000bda   0x08000bda   0x000000b2   Code   RO         1072    .text               c_w.l(_printf_intcommon.o)
    0x08000c8c   0x08000c8c   0x0000041e   Code   RO         1073    .text               c_w.l(_printf_fp_dec.o)
    0x080010aa   0x080010aa   0x00000002   PAD
    0x080010ac   0x080010ac   0x000002fc   Code   RO         1074    .text               c_w.l(_printf_fp_hex.o)
    0x080013a8   0x080013a8   0x0000002c   Code   RO         1077    .text               c_w.l(_printf_char.o)
    0x080013d4   0x080013d4   0x0000002c   Code   RO         1078    .text               c_w.l(_printf_wchar.o)
    0x08001400   0x08001400   0x00000040   Code   RO         1080    .text               c_w.l(_wcrtomb.o)
    0x08001440   0x08001440   0x00000008   Code   RO         1081    .text               c_w.l(libspace.o)
    0x08001448   0x08001448   0x0000004a   Code   RO         1083    .text               c_w.l(sys_stackheap_outer.o)
    0x08001492   0x08001492   0x00000002   PAD
    0x08001494   0x08001494   0x00000010   Code   RO         1084    .text               c_w.l(rt_ctype_table.o)
    0x080014a4   0x080014a4   0x00000008   Code   RO         1087    .text               c_w.l(rt_locale_intlibspace.o)
    0x080014ac   0x080014ac   0x00000080   Code   RO         1088    .text               c_w.l(_printf_fp_infnan.o)
    0x0800152c   0x0800152c   0x000000e4   Code   RO         1089    .text               c_w.l(bigflt0.o)
    0x08001610   0x08001610   0x00000012   Code   RO         1104    .text               c_w.l(exit.o)
    0x08001622   0x08001622   0x00000002   PAD
    0x08001624   0x08001624   0x00000068   Code   RO         1120    .text               c_w.l(strcmpv7m_pel.o)
    0x0800168c   0x0800168c   0x0000000c   Code   RO         1166    .text               c_w.l(sys_exit.o)
    0x08001698   0x08001698   0x00000002   Code   RO         1179    .text               c_w.l(use_no_semi.o)
    0x0800169a   0x0800169a   0x00000000   Code   RO         1180    .text               c_w.l(indicate_semi.o)
    0x0800169a   0x0800169a   0x0000003e   Code   RO         1091    CL$$btod_d2e        c_w.l(btod.o)
    0x080016d8   0x080016d8   0x00000046   Code   RO         1093    CL$$btod_d2e_denorm_low  c_w.l(btod.o)
    0x0800171e   0x0800171e   0x00000060   Code   RO         1092    CL$$btod_d2e_norm_op1  c_w.l(btod.o)
    0x0800177e   0x0800177e   0x00000338   Code   RO         1101    CL$$btod_div_common  c_w.l(btod.o)
    0x08001ab6   0x08001ab6   0x000000dc   Code   RO         1098    CL$$btod_e2e        c_w.l(btod.o)
    0x08001b92   0x08001b92   0x0000002a   Code   RO         1095    CL$$btod_ediv       c_w.l(btod.o)
    0x08001bbc   0x08001bbc   0x0000002a   Code   RO         1094    CL$$btod_emul       c_w.l(btod.o)
    0x08001be6   0x08001be6   0x00000244   Code   RO         1100    CL$$btod_mult_common  c_w.l(btod.o)
    0x08001e2a   0x08001e2a   0x00000002   PAD
    0x08001e2c   0x08001e2c   0x00000164   Code   RO           88    i.ADC_ConfigureBoostMode  stm32h7xx_hal_adc.o
    0x08001f90   0x08001f90   0x00000004   Code   RO           69    i.BusFault_Handler  stm32h7xx_it.o
    0x08001f94   0x08001f94   0x00000010   Code   RO           70    i.DMA1_Stream0_IRQHandler  stm32h7xx_it.o
    0x08001fa4   0x08001fa4   0x000000ec   Code   RO          301    i.DMA_CalcBaseAndBitshift  stm32h7xx_hal_dma.o
    0x08002090   0x08002090   0x000000c4   Code   RO          302    i.DMA_CalcDMAMUXChannelBaseAndMask  stm32h7xx_hal_dma.o
    0x08002154   0x08002154   0x00000098   Code   RO          303    i.DMA_CalcDMAMUXRequestGenBaseAndMask  stm32h7xx_hal_dma.o
    0x080021ec   0x080021ec   0x000000ae   Code   RO          304    i.DMA_CheckFifoParam  stm32h7xx_hal_dma.o
    0x0800229a   0x0800229a   0x00000002   PAD
    0x0800229c   0x0800229c   0x00000274   Code   RO          305    i.DMA_SetConfig     stm32h7xx_hal_dma.o
    0x08002510   0x08002510   0x00000002   Code   RO           71    i.DebugMon_Handler  stm32h7xx_it.o
    0x08002512   0x08002512   0x0000000a   Code   RO           72    i.EXTI0_IRQHandler  stm32h7xx_it.o
    0x0800251c   0x0800251c   0x00000006   Code   RO            8    i.Error_Handler     main.o
    0x08002522   0x08002522   0x00000002   PAD
    0x08002524   0x08002524   0x00000164   Code   RO          155    i.HAL_ADCEx_MultiModeConfigChannel  stm32h7xx_hal_adc_ex.o
    0x08002688   0x08002688   0x0000054c   Code   RO           96    i.HAL_ADC_ConfigChannel  stm32h7xx_hal_adc.o
    0x08002bd4   0x08002bd4   0x0000028c   Code   RO          105    i.HAL_ADC_Init      stm32h7xx_hal_adc.o
    0x08002e60   0x08002e60   0x000000b4   Code   RO           19    i.HAL_ADC_MspInit   adc.o
    0x08002f14   0x08002f14   0x000004dc   Code   RO          306    i.HAL_DMA_Abort     stm32h7xx_hal_dma.o
    0x080033f0   0x080033f0   0x00000398   Code   RO          307    i.HAL_DMA_Abort_IT  stm32h7xx_hal_dma.o
    0x08003788   0x08003788   0x00000af8   Code   RO          311    i.HAL_DMA_IRQHandler  stm32h7xx_hal_dma.o
    0x08004280   0x08004280   0x00000520   Code   RO          312    i.HAL_DMA_Init      stm32h7xx_hal_dma.o
    0x080047a0   0x080047a0   0x000003e0   Code   RO          316    i.HAL_DMA_Start_IT  stm32h7xx_hal_dma.o
    0x08004b80   0x08004b80   0x00000028   Code   RO          454    i.HAL_Delay         stm32h7xx_hal.o
    0x08004ba8   0x08004ba8   0x00000002   Code   RO          277    i.HAL_GPIO_EXTI_Callback  stm32h7xx_hal_gpio.o
    0x08004baa   0x08004baa   0x00000002   PAD
    0x08004bac   0x08004bac   0x0000001c   Code   RO          278    i.HAL_GPIO_EXTI_IRQHandler  stm32h7xx_hal_gpio.o
    0x08004bc8   0x08004bc8   0x000001fc   Code   RO          279    i.HAL_GPIO_Init     stm32h7xx_hal_gpio.o
    0x08004dc4   0x08004dc4   0x0000000c   Code   RO          283    i.HAL_GPIO_WritePin  stm32h7xx_hal_gpio.o
    0x08004dd0   0x08004dd0   0x0000000c   Code   RO          465    i.HAL_GetREVID      stm32h7xx_hal.o
    0x08004ddc   0x08004ddc   0x0000000c   Code   RO          466    i.HAL_GetTick       stm32h7xx_hal.o
    0x08004de8   0x08004de8   0x0000006a   Code   RO          583    i.HAL_I2CEx_ConfigAnalogFilter  stm32h7xx_hal_i2c_ex.o
    0x08004e52   0x08004e52   0x00000068   Code   RO          584    i.HAL_I2CEx_ConfigDigitalFilter  stm32h7xx_hal_i2c_ex.o
    0x08004eba   0x08004eba   0x00000002   PAD
    0x08004ebc   0x08004ebc   0x000000d8   Code   RO          510    i.HAL_I2C_Init      stm32h7xx_hal_i2c.o
    0x08004f94   0x08004f94   0x000001a0   Code   RO          528    i.HAL_I2C_Mem_Read  stm32h7xx_hal_i2c.o
    0x08005134   0x08005134   0x00000198   Code   RO          531    i.HAL_I2C_Mem_Write  stm32h7xx_hal_i2c.o
    0x080052cc   0x080052cc   0x0000009c   Code   RO           30    i.HAL_I2C_MspInit   i2c.o
    0x08005368   0x08005368   0x00000018   Code   RO          472    i.HAL_IncTick       stm32h7xx_hal.o
    0x08005380   0x08005380   0x00000060   Code   RO          473    i.HAL_Init          stm32h7xx_hal.o
    0x080053e0   0x080053e0   0x00000058   Code   RO          474    i.HAL_InitTick      stm32h7xx_hal.o
    0x08005438   0x08005438   0x00000024   Code   RO           84    i.HAL_MspInit       stm32h7xx_hal_msp.o
    0x0800545c   0x0800545c   0x00000028   Code   RO          429    i.HAL_NVIC_EnableIRQ  stm32h7xx_hal_cortex.o
    0x08005484   0x08005484   0x0000007a   Code   RO          435    i.HAL_NVIC_SetPriority  stm32h7xx_hal_cortex.o
    0x080054fe   0x080054fe   0x00000002   PAD
    0x08005500   0x08005500   0x00000028   Code   RO          436    i.HAL_NVIC_SetPriorityGrouping  stm32h7xx_hal_cortex.o
    0x08005528   0x08005528   0x00000060   Code   RO          383    i.HAL_PWREx_ConfigSupply  stm32h7xx_hal_pwr_ex.o
    0x08005588   0x08005588   0x00000024   Code   RO          210    i.HAL_RCCEx_GetD3PCLK1Freq  stm32h7xx_hal_rcc_ex.o
    0x080055ac   0x080055ac   0x00000230   Code   RO          211    i.HAL_RCCEx_GetPLL1ClockFreq  stm32h7xx_hal_rcc_ex.o
    0x080057dc   0x080057dc   0x00000230   Code   RO          212    i.HAL_RCCEx_GetPLL2ClockFreq  stm32h7xx_hal_rcc_ex.o
    0x08005a0c   0x08005a0c   0x00000230   Code   RO          213    i.HAL_RCCEx_GetPLL3ClockFreq  stm32h7xx_hal_rcc_ex.o
    0x08005c3c   0x08005c3c   0x000008b0   Code   RO          215    i.HAL_RCCEx_GetPeriphCLKFreq  stm32h7xx_hal_rcc_ex.o
    0x080064ec   0x080064ec   0x00000d68   Code   RO          219    i.HAL_RCCEx_PeriphCLKConfig  stm32h7xx_hal_rcc_ex.o
    0x08007254   0x08007254   0x00000320   Code   RO          180    i.HAL_RCC_ClockConfig  stm32h7xx_hal_rcc.o
    0x08007574   0x08007574   0x0000004c   Code   RO          185    i.HAL_RCC_GetHCLKFreq  stm32h7xx_hal_rcc.o
    0x080075c0   0x080075c0   0x00000024   Code   RO          187    i.HAL_RCC_GetPCLK1Freq  stm32h7xx_hal_rcc.o
    0x080075e4   0x080075e4   0x00000024   Code   RO          188    i.HAL_RCC_GetPCLK2Freq  stm32h7xx_hal_rcc.o
    0x08007608   0x08007608   0x0000022c   Code   RO          189    i.HAL_RCC_GetSysClockFreq  stm32h7xx_hal_rcc.o
    0x08007834   0x08007834   0x00000858   Code   RO          192    i.HAL_RCC_OscConfig  stm32h7xx_hal_rcc.o
    0x0800808c   0x0800808c   0x000001b0   Code   RO          615    i.HAL_SPI_Init      stm32h7xx_hal_spi.o
    0x0800823c   0x0800823c   0x0000020c   Code   RO           37    i.HAL_SPI_MspInit   spi.o
    0x08008448   0x08008448   0x00000034   Code   RO          440    i.HAL_SYSTICK_Config  stm32h7xx_hal_cortex.o
    0x0800847c   0x0800847c   0x000000b4   Code   RO          791    i.HAL_TIMEx_ConfigBreakDeadTime  stm32h7xx_hal_tim_ex.o
    0x08008530   0x08008530   0x000000cc   Code   RO          809    i.HAL_TIMEx_MasterConfigSynchronization  stm32h7xx_hal_tim_ex.o
    0x080085fc   0x080085fc   0x0000006e   Code   RO          665    i.HAL_TIM_Base_Init  stm32h7xx_hal_tim.o
    0x0800866a   0x0800866a   0x00000002   PAD
    0x0800866c   0x0800866c   0x000000b0   Code   RO           46    i.HAL_TIM_Base_MspInit  tim.o
    0x0800871c   0x0800871c   0x00000134   Code   RO          674    i.HAL_TIM_ConfigClockSource  stm32h7xx_hal_tim.o
    0x08008850   0x08008850   0x00000134   Code   RO           47    i.HAL_TIM_MspPostInit  tim.o
    0x08008984   0x08008984   0x00000170   Code   RO          737    i.HAL_TIM_PWM_ConfigChannel  stm32h7xx_hal_tim.o
    0x08008af4   0x08008af4   0x0000006e   Code   RO          740    i.HAL_TIM_PWM_Init  stm32h7xx_hal_tim.o
    0x08008b62   0x08008b62   0x00000002   Code   RO          742    i.HAL_TIM_PWM_MspInit  stm32h7xx_hal_tim.o
    0x08008b64   0x08008b64   0x0000004e   Code   RO          912    i.HAL_UARTEx_DisableFifoMode  stm32h7xx_hal_uart_ex.o
    0x08008bb2   0x08008bb2   0x00000002   Code   RO          845    i.HAL_UARTEx_RxEventCallback  stm32h7xx_hal_uart.o
    0x08008bb4   0x08008bb4   0x00000002   Code   RO          920    i.HAL_UARTEx_RxFifoFullCallback  stm32h7xx_hal_uart_ex.o
    0x08008bb6   0x08008bb6   0x0000005e   Code   RO          921    i.HAL_UARTEx_SetRxFifoThreshold  stm32h7xx_hal_uart_ex.o
    0x08008c14   0x08008c14   0x0000005e   Code   RO          922    i.HAL_UARTEx_SetTxFifoThreshold  stm32h7xx_hal_uart_ex.o
    0x08008c72   0x08008c72   0x00000002   Code   RO          924    i.HAL_UARTEx_TxFifoEmptyCallback  stm32h7xx_hal_uart_ex.o
    0x08008c74   0x08008c74   0x00000002   Code   RO          925    i.HAL_UARTEx_WakeupCallback  stm32h7xx_hal_uart_ex.o
    0x08008c76   0x08008c76   0x00000002   Code   RO          861    i.HAL_UART_ErrorCallback  stm32h7xx_hal_uart.o
    0x08008c78   0x08008c78   0x00000494   Code   RO          864    i.HAL_UART_IRQHandler  stm32h7xx_hal_uart.o
    0x0800910c   0x0800910c   0x00000078   Code   RO          865    i.HAL_UART_Init     stm32h7xx_hal_uart.o
    0x08009184   0x08009184   0x000003f0   Code   RO           57    i.HAL_UART_MspInit  usart.o
    0x08009574   0x08009574   0x000000c2   Code   RO          874    i.HAL_UART_Transmit  stm32h7xx_hal_uart.o
    0x08009636   0x08009636   0x00000002   PAD
    0x08009638   0x08009638   0x000000a0   Code   RO          875    i.HAL_UART_Transmit_DMA  stm32h7xx_hal_uart.o
    0x080096d8   0x080096d8   0x00000002   Code   RO          877    i.HAL_UART_TxCpltCallback  stm32h7xx_hal_uart.o
    0x080096da   0x080096da   0x00000002   Code   RO          878    i.HAL_UART_TxHalfCpltCallback  stm32h7xx_hal_uart.o
    0x080096dc   0x080096dc   0x00000004   Code   RO           73    i.HardFault_Handler  stm32h7xx_it.o
    0x080096e0   0x080096e0   0x00000028   Code   RO          557    i.I2C_Flush_TXDR    stm32h7xx_hal_i2c.o
    0x08009708   0x08009708   0x00000130   Code   RO          565    i.I2C_IsErrorOccurred  stm32h7xx_hal_i2c.o
    0x08009838   0x08009838   0x0000007c   Code   RO          570    i.I2C_RequestMemoryRead  stm32h7xx_hal_i2c.o
    0x080098b4   0x080098b4   0x0000007c   Code   RO          571    i.I2C_RequestMemoryWrite  stm32h7xx_hal_i2c.o
    0x08009930   0x08009930   0x00000038   Code   RO          574    i.I2C_TransferConfig  stm32h7xx_hal_i2c.o
    0x08009968   0x08009968   0x00000082   Code   RO          576    i.I2C_WaitOnFlagUntilTimeout  stm32h7xx_hal_i2c.o
    0x080099ea   0x080099ea   0x00000060   Code   RO          578    i.I2C_WaitOnSTOPFlagUntilTimeout  stm32h7xx_hal_i2c.o
    0x08009a4a   0x08009a4a   0x00000064   Code   RO          579    i.I2C_WaitOnTXISFlagUntilTimeout  stm32h7xx_hal_i2c.o
    0x08009aae   0x08009aae   0x0000000a   Code   RO          120    i.LL_ADC_INJ_IsConversionOngoing  stm32h7xx_hal_adc.o
    0x08009ab8   0x08009ab8   0x0000000a   Code   RO          122    i.LL_ADC_IsEnabled  stm32h7xx_hal_adc.o
    0x08009ac2   0x08009ac2   0x0000000a   Code   RO          168    i.LL_ADC_IsEnabled  stm32h7xx_hal_adc_ex.o
    0x08009acc   0x08009acc   0x0000000a   Code   RO          123    i.LL_ADC_IsInternalRegulatorEnabled  stm32h7xx_hal_adc.o
    0x08009ad6   0x08009ad6   0x0000000a   Code   RO          124    i.LL_ADC_REG_IsConversionOngoing  stm32h7xx_hal_adc.o
    0x08009ae0   0x08009ae0   0x0000000a   Code   RO          169    i.LL_ADC_REG_IsConversionOngoing  stm32h7xx_hal_adc_ex.o
    0x08009aea   0x08009aea   0x00000028   Code   RO          128    i.LL_ADC_SetChannelSamplingTime  stm32h7xx_hal_adc.o
    0x08009b12   0x08009b12   0x0000000c   Code   RO          129    i.LL_ADC_SetCommonPathInternalCh  stm32h7xx_hal_adc.o
    0x08009b1e   0x08009b1e   0x00000002   PAD
    0x08009b20   0x08009b20   0x000000a0   Code   RO           20    i.MX_ADC1_Init      adc.o
    0x08009bc0   0x08009bc0   0x00000034   Code   RO           25    i.MX_DMA_Init       dma.o
    0x08009bf4   0x08009bf4   0x000001c4   Code   RO           14    i.MX_GPIO_Init      gpio.o
    0x08009db8   0x08009db8   0x00000058   Code   RO           31    i.MX_I2C2_Init      i2c.o
    0x08009e10   0x08009e10   0x00000060   Code   RO           38    i.MX_SPI1_Init      spi.o
    0x08009e70   0x08009e70   0x00000064   Code   RO           39    i.MX_SPI2_Init      spi.o
    0x08009ed4   0x08009ed4   0x00000064   Code   RO           40    i.MX_SPI3_Init      spi.o
    0x08009f38   0x08009f38   0x000000ec   Code   RO           48    i.MX_TIM15_Init     tim.o
    0x0800a024   0x0800a024   0x00000118   Code   RO           49    i.MX_TIM1_Init      tim.o
    0x0800a13c   0x0800a13c   0x000000b4   Code   RO           50    i.MX_TIM3_Init      tim.o
    0x0800a1f0   0x0800a1f0   0x000000c4   Code   RO           51    i.MX_TIM4_Init      tim.o
    0x0800a2b4   0x0800a2b4   0x0000006c   Code   RO           58    i.MX_UART4_Init     usart.o
    0x0800a320   0x0800a320   0x0000006c   Code   RO           59    i.MX_UART5_Init     usart.o
    0x0800a38c   0x0800a38c   0x0000006c   Code   RO           60    i.MX_UART8_Init     usart.o
    0x0800a3f8   0x0800a3f8   0x0000006c   Code   RO           61    i.MX_USART1_UART_Init  usart.o
    0x0800a464   0x0800a464   0x0000006c   Code   RO           62    i.MX_USART2_UART_Init  usart.o
    0x0800a4d0   0x0800a4d0   0x0000006c   Code   RO           63    i.MX_USART3_UART_Init  usart.o
    0x0800a53c   0x0800a53c   0x0000006c   Code   RO           64    i.MX_USART6_UART_Init  usart.o
    0x0800a5a8   0x0800a5a8   0x00000004   Code   RO           74    i.MemManage_Handler  stm32h7xx_it.o
    0x0800a5ac   0x0800a5ac   0x00000004   Code   RO           75    i.NMI_Handler       stm32h7xx_it.o
    0x0800a5b0   0x0800a5b0   0x00000002   Code   RO           76    i.PendSV_Handler    stm32h7xx_it.o
    0x0800a5b2   0x0800a5b2   0x00000002   PAD
    0x0800a5b4   0x0800a5b4   0x00000164   Code   RO          222    i.RCCEx_PLL2_Config  stm32h7xx_hal_rcc_ex.o
    0x0800a718   0x0800a718   0x00000164   Code   RO          223    i.RCCEx_PLL3_Config  stm32h7xx_hal_rcc_ex.o
    0x0800a87c   0x0800a87c   0x0000001a   Code   RO          646    i.SPI_GetPacketSize  stm32h7xx_hal_spi.o
    0x0800a896   0x0800a896   0x00000002   Code   RO           77    i.SVC_Handler       stm32h7xx_it.o
    0x0800a898   0x0800a898   0x00000008   Code   RO           78    i.SysTick_Handler   stm32h7xx_it.o
    0x0800a8a0   0x0800a8a0   0x00000138   Code   RO            9    i.SystemClock_Config  main.o
    0x0800a9d8   0x0800a9d8   0x000000fc   Code   RO          933    i.SystemInit        system_stm32h7xx.o
    0x0800aad4   0x0800aad4   0x000000dc   Code   RO          758    i.TIM_Base_SetConfig  stm32h7xx_hal_tim.o
    0x0800abb0   0x0800abb0   0x00000016   Code   RO          769    i.TIM_ETR_SetConfig  stm32h7xx_hal_tim.o
    0x0800abc6   0x0800abc6   0x00000002   PAD
    0x0800abc8   0x0800abc8   0x00000018   Code   RO          770    i.TIM_ITRx_SetConfig  stm32h7xx_hal_tim.o
    0x0800abe0   0x0800abe0   0x000000ac   Code   RO          771    i.TIM_OC1_SetConfig  stm32h7xx_hal_tim.o
    0x0800ac8c   0x0800ac8c   0x000000b4   Code   RO          772    i.TIM_OC2_SetConfig  stm32h7xx_hal_tim.o
    0x0800ad40   0x0800ad40   0x000000b4   Code   RO          773    i.TIM_OC3_SetConfig  stm32h7xx_hal_tim.o
    0x0800adf4   0x0800adf4   0x00000074   Code   RO          774    i.TIM_OC4_SetConfig  stm32h7xx_hal_tim.o
    0x0800ae68   0x0800ae68   0x00000070   Code   RO          775    i.TIM_OC5_SetConfig  stm32h7xx_hal_tim.o
    0x0800aed8   0x0800aed8   0x00000070   Code   RO          776    i.TIM_OC6_SetConfig  stm32h7xx_hal_tim.o
    0x0800af48   0x0800af48   0x00000026   Code   RO          778    i.TIM_TI1_ConfigInputStage  stm32h7xx_hal_tim.o
    0x0800af6e   0x0800af6e   0x00000028   Code   RO          780    i.TIM_TI2_ConfigInputStage  stm32h7xx_hal_tim.o
    0x0800af96   0x0800af96   0x00000002   PAD
    0x0800af98   0x0800af98   0x00000058   Code   RO          926    i.UARTEx_SetNbDataToProcess  stm32h7xx_hal_uart_ex.o
    0x0800aff0   0x0800aff0   0x000000f8   Code   RO          879    i.UART_AdvFeatureConfig  stm32h7xx_hal_uart.o
    0x0800b0e8   0x0800b0e8   0x000000ea   Code   RO          880    i.UART_CheckIdleState  stm32h7xx_hal_uart.o
    0x0800b1d2   0x0800b1d2   0x00000018   Code   RO          881    i.UART_DMAAbortOnError  stm32h7xx_hal_uart.o
    0x0800b1ea   0x0800b1ea   0x0000005e   Code   RO          882    i.UART_DMAError     stm32h7xx_hal_uart.o
    0x0800b248   0x0800b248   0x00000054   Code   RO          887    i.UART_DMATransmitCplt  stm32h7xx_hal_uart.o
    0x0800b29c   0x0800b29c   0x0000000e   Code   RO          889    i.UART_DMATxHalfCplt  stm32h7xx_hal_uart.o
    0x0800b2aa   0x0800b2aa   0x00000002   PAD
    0x0800b2ac   0x0800b2ac   0x0000006c   Code   RO          891    i.UART_EndRxTransfer  stm32h7xx_hal_uart.o
    0x0800b318   0x0800b318   0x00000030   Code   RO          892    i.UART_EndTransmit_IT  stm32h7xx_hal_uart.o
    0x0800b348   0x0800b348   0x00000040   Code   RO          893    i.UART_EndTxTransfer  stm32h7xx_hal_uart.o
    0x0800b388   0x0800b388   0x0000058c   Code   RO          898    i.UART_SetConfig    stm32h7xx_hal_uart.o
    0x0800b914   0x0800b914   0x000000ac   Code   RO          905    i.UART_WaitOnFlagUntilTimeout  stm32h7xx_hal_uart.o
    0x0800b9c0   0x0800b9c0   0x00000010   Code   RO           79    i.USART1_IRQHandler  stm32h7xx_it.o
    0x0800b9d0   0x0800b9d0   0x00000004   Code   RO           80    i.UsageFault_Handler  stm32h7xx_it.o
    0x0800b9d4   0x0800b9d4   0x00000030   Code   RO         1112    i.__ARM_fpclassify  m_wv.l(fpclassify.o)
    0x0800ba04   0x0800ba04   0x00000010   Code   RO          442    i.__NVIC_GetPriorityGrouping  stm32h7xx_hal_cortex.o
    0x0800ba14   0x0800ba14   0x00000028   Code   RO          443    i.__NVIC_SetPriority  stm32h7xx_hal_cortex.o
    0x0800ba3c   0x0800ba3c   0x0000000e   Code   RO         1018    i._is_digit         c_w.l(__printf_wp.o)
    0x0800ba4a   0x0800ba4a   0x00000002   PAD
    0x0800ba4c   0x0800ba4c   0x0000001c   Code   RO          939    i.debugUartTx       system.o
    0x0800ba68   0x0800ba68   0x00000018   Code   RO          940    i.debugUartTxDma    system.o
    0x0800ba80   0x0800ba80   0x0000005c   Code   RO           10    i.main              main.o
    0x0800badc   0x0800badc   0x0000000a   Code   RO          955    i.qmc5883lGetState  qmc5883l.o
    0x0800bae6   0x0800bae6   0x00000002   PAD
    0x0800bae8   0x0800bae8   0x00000050   Code   RO          956    i.qmc5883lInit      qmc5883l.o
    0x0800bb38   0x0800bb38   0x00000064   Code   RO          957    i.qmc5883lProbe     qmc5883l.o
    0x0800bb9c   0x0800bb9c   0x00000024   Code   RO          958    i.qmc5883lReadBuf   qmc5883l.o
    0x0800bbc0   0x0800bbc0   0x0000002c   Code   RO          959    i.qmc5883lReadByte  qmc5883l.o
    0x0800bbec   0x0800bbec   0x000000ac   Code   RO          960    i.qmc5883lUpdateData  qmc5883l.o
    0x0800bc98   0x0800bc98   0x00000028   Code   RO          961    i.qmc5883lWriteByte  qmc5883l.o
    0x0800bcc0   0x0800bcc0   0x00000034   Code   RO          941    i.slog              system.o
    0x0800bcf4   0x0800bcf4   0x00000034   Code   RO          942    i.slogDma           system.o
    0x0800bd28   0x0800bd28   0x00000044   Code   RO          943    i.systemInit        system.o
    0x0800bd6c   0x0800bd6c   0x000000a4   Code   RO          944    i.systemLoop        system.o
    0x0800be10   0x0800be10   0x0000002c   Code   RO         1103    locale$$code        c_w.l(lc_numeric_c.o)
    0x0800be3c   0x0800be3c   0x0000002c   Code   RO         1117    locale$$code        c_w.l(lc_ctype_c.o)
    0x0800be68   0x0800be68   0x0000000a   Code   RO         1177    x$fpl$fpinit        fz_wv.l(fpinit.o)
    0x0800be72   0x0800be72   0x00000004   Code   RO         1047    x$fpl$printf1       fz_wv.l(printf1.o)
    0x0800be76   0x0800be76   0x00000004   Code   RO         1048    x$fpl$printf2       fz_wv.l(printf2.o)
    0x0800be7a   0x0800be7a   0x00000000   Code   RO         1051    x$fpl$usenofp       fz_wv.l(usenofp.o)
    0x0800be7a   0x0800be7a   0x00000008   Data   RO          318    .constdata          stm32h7xx_hal_dma.o
    0x0800be82   0x0800be82   0x00000018   Data   RO          906    .constdata          stm32h7xx_hal_uart.o
    0x0800be9a   0x0800be9a   0x00000010   Data   RO          928    .constdata          stm32h7xx_hal_uart_ex.o
    0x0800beaa   0x0800beaa   0x00000010   Data   RO          934    .constdata          system_stm32h7xx.o
    0x0800beba   0x0800beba   0x00000002   PAD
    0x0800bebc   0x0800bebc   0x00000008   Data   RO          992    .constdata          c_w.l(_printf_wctomb.o)
    0x0800bec4   0x0800bec4   0x00000028   Data   RO         1010    .constdata          c_w.l(_printf_hex_int_ll_ptr.o)
    0x0800beec   0x0800beec   0x00000011   Data   RO         1023    .constdata          c_w.l(__printf_flags_ss_wp.o)
    0x0800befd   0x0800befd   0x00000026   Data   RO         1075    .constdata          c_w.l(_printf_fp_hex.o)
    0x0800bf23   0x0800bf23   0x00000001   PAD
    0x0800bf24   0x0800bf24   0x00000094   Data   RO         1090    .constdata          c_w.l(bigflt0.o)
    0x0800bfb8   0x0800bfb8   0x00000020   Data   RO         1216    Region$$Table       anon$$obj.o
    0x0800bfd8   0x0800bfd8   0x0000001c   Data   RO         1102    locale$$data        c_w.l(lc_numeric_c.o)
    0x0800bff4   0x0800bff4   0x00000110   Data   RO         1116    locale$$data        c_w.l(lc_ctype_c.o)


    Execution Region RW_IRAM1 (Exec base: 0x20000000, Load base: 0x0800c104, Size: 0x00000000, Max: 0x00020000, ABSOLUTE)

    **** No section assigned to this execution region ****


    Execution Region RW_IRAM2 (Exec base: 0x24000000, Load base: 0x0800c104, Size: 0x00000f40, Max: 0x00080000, ABSOLUTE)

    Exec Addr    Load Addr    Size         Type   Attr      Idx    E Section Name        Object

    0x24000000   0x0800c104   0x00000009   Data   RW          495    .data               stm32h7xx_hal.o
    0x24000009   0x0800c10d   0x00000003   PAD
    0x2400000c   0x0800c110   0x00000008   Data   RW          935    .data               system_stm32h7xx.o
    0x24000014   0x0800c118   0x00000008   Data   RW          946    .data               system.o
    0x2400001c        -       0x00000064   Zero   RW           21    .bss                adc.o
    0x24000080        -       0x00000054   Zero   RW           32    .bss                i2c.o
    0x240000d4        -       0x00000198   Zero   RW           41    .bss                spi.o
    0x2400026c        -       0x00000130   Zero   RW           52    .bss                tim.o
    0x2400039c        -       0x00000484   Zero   RW           65    .bss                usart.o
    0x24000820        -       0x00000094   Zero   RW          945    .bss                system.o
    0x240008b4        -       0x00000025   Zero   RW          962    .bss                qmc5883l.o
    0x240008d9   0x0800c120   0x00000003   PAD
    0x240008dc        -       0x00000060   Zero   RW         1082    .bss                c_w.l(libspace.o)
    0x2400093c   0x0800c120   0x00000004   PAD
    0x24000940        -       0x00000200   Zero   RW            2    HEAP                startup_stm32h743xx.o
    0x24000b40        -       0x00000400   Zero   RW            1    STACK               startup_stm32h743xx.o


==============================================================================

Image component sizes


      Code (inc. data)   RO Data    RW Data    ZI Data      Debug   Object Name

       340         26          0          0        100          0   adc.o
        52          4          0          0          0          0   dma.o
       452         26          0          0          0          0   gpio.o
       244         26          0          0         84          0   i2c.o
       410         12          0          0          0          0   main.o
       482        118          0          0         37          0   qmc5883l.o
       820         62          0          0        408          0   spi.o
        64         26        664          0       1536          0   startup_stm32h743xx.o
       272         52          0          9          0          0   stm32h7xx_hal.o
      2456        166          0          0          0          0   stm32h7xx_hal_adc.o
       376         20          0          0          0          0   stm32h7xx_hal_adc_ex.o
       310         22          0          0          0          0   stm32h7xx_hal_cortex.o
      8662        168          8          0          0          0   stm32h7xx_hal_dma.o
       550         56          0          0          0          0   stm32h7xx_hal_gpio.o
      2014         34          0          0          0          0   stm32h7xx_hal_i2c.o
       210          0          0          0          0          0   stm32h7xx_hal_i2c_ex.o
        36          4          0          0          0          0   stm32h7xx_hal_msp.o
        96          6          0          0          0          0   stm32h7xx_hal_pwr_ex.o
      3640        114          0          0          0          0   stm32h7xx_hal_rcc.o
      8084        186          0          0          0          0   stm32h7xx_hal_rcc_ex.o
       458         12          0          0          0          0   stm32h7xx_hal_spi.o
      2114        202          0          0          0          0   stm32h7xx_hal_tim.o
       384         38          0          0          0          0   stm32h7xx_hal_tim_ex.o
      4164        160         24          0          0          0   stm32h7xx_hal_uart.o
       360         10         16          0          0          0   stm32h7xx_hal_uart_ex.o
        76         12          0          0          0          0   stm32h7xx_it.o
       388        104          0          8        148          0   system.o
       252         40         16          8          0          0   system_stm32h7xx.o
      1376         86          0          0        304          0   tim.o
      1764        134          0          0       1156          0   usart.o

    ----------------------------------------------------------------------
     40932       1926        762         28       3776          0   Object Totals
         0          0         32          0          0          0   (incl. Generated)
        26          0          2          3          3          0   (incl. Padding)

    ----------------------------------------------------------------------

      Code (inc. data)   RO Data    RW Data    ZI Data      Debug   Library Member Name

         8          0          0          0          0          0   __main.o
       392          4         17          0          0          0   __printf_flags_ss_wp.o
        14          0          0          0          0          0   __printf_wp.o
         0          0          0          0          0          0   __rtentry.o
        12          0          0          0          0          0   __rtentry2.o
         6          0          0          0          0          0   __rtentry4.o
        52          8          0          0          0          0   __scatter.o
        26          0          0          0          0          0   __scatter_copy.o
        28          0          0          0          0          0   __scatter_zi.o
         6          0          0          0          0          0   _printf_a.o
         6          0          0          0          0          0   _printf_c.o
        44          0          0          0          0          0   _printf_char.o
        48          6          0          0          0          0   _printf_char_common.o
        40          0          0          0          0          0   _printf_charcount.o
         6          0          0          0          0          0   _printf_d.o
       120         16          0          0          0          0   _printf_dec.o
         6          0          0          0          0          0   _printf_e.o
         6          0          0          0          0          0   _printf_f.o
      1054          0          0          0          0          0   _printf_fp_dec.o
       764          8         38          0          0          0   _printf_fp_hex.o
       128         16          0          0          0          0   _printf_fp_infnan.o
         6          0          0          0          0          0   _printf_g.o
       148          4         40          0          0          0   _printf_hex_int_ll_ptr.o
         6          0          0          0          0          0   _printf_i.o
       178          0          0          0          0          0   _printf_intcommon.o
        10          0          0          0          0          0   _printf_l.o
         6          0          0          0          0          0   _printf_lc.o
        10          0          0          0          0          0   _printf_ll.o
         6          0          0          0          0          0   _printf_lld.o
         6          0          0          0          0          0   _printf_lli.o
         6          0          0          0          0          0   _printf_llo.o
         6          0          0          0          0          0   _printf_llu.o
         6          0          0          0          0          0   _printf_llx.o
       124         16          0          0          0          0   _printf_longlong_dec.o
         6          0          0          0          0          0   _printf_ls.o
         6          0          0          0          0          0   _printf_n.o
         6          0          0          0          0          0   _printf_o.o
       112         10          0          0          0          0   _printf_oct_int_ll.o
         6          0          0          0          0          0   _printf_p.o
        78          0          0          0          0          0   _printf_pad.o
         0          0          0          0          0          0   _printf_percent.o
         4          0          0          0          0          0   _printf_percent_end.o
         6          0          0          0          0          0   _printf_s.o
        82          0          0          0          0          0   _printf_str.o
        36          0          0          0          0          0   _printf_truncate.o
         6          0          0          0          0          0   _printf_u.o
        44          0          0          0          0          0   _printf_wchar.o
       188          6          8          0          0          0   _printf_wctomb.o
         6          0          0          0          0          0   _printf_x.o
        16          0          0          0          0          0   _snputc.o
        10          0          0          0          0          0   _sputc.o
        64          0          0          0          0          0   _wcrtomb.o
       228          4        148          0          0          0   bigflt0.o
      1936        128          0          0          0          0   btod.o
        18          0          0          0          0          0   exit.o
         6          0          0          0          0          0   heapauxi.o
         0          0          0          0          0          0   indicate_semi.o
        44         10        272          0          0          0   lc_ctype_c.o
        44         10         28          0          0          0   lc_numeric_c.o
         2          0          0          0          0          0   libinit.o
        34          0          0          0          0          0   libinit2.o
         2          0          0          0          0          0   libshutdown.o
         2          0          0          0          0          0   libshutdown2.o
         8          4          0          0         96          0   libspace.o
       138          0          0          0          0          0   lludiv10.o
       238          0          0          0          0          0   lludivv7m.o
        16          4          0          0          0          0   rt_ctype_table.o
         8          4          0          0          0          0   rt_locale_intlibspace.o
        78          0          0          0          0          0   rt_memclr_w.o
         2          0          0          0          0          0   rtexit.o
        10          0          0          0          0          0   rtexit2.o
       104          0          0          0          0          0   strcmpv7m_pel.o
        62          0          0          0          0          0   strlen.o
        12          4          0          0          0          0   sys_exit.o
        74          0          0          0          0          0   sys_stackheap_outer.o
         2          0          0          0          0          0   use_no_semi.o
        52          4          0          0          0          0   vsnprintf.o
        10          0          0          0          0          0   fpinit.o
         4          0          0          0          0          0   printf1.o
         4          0          0          0          0          0   printf2.o
         0          0          0          0          0          0   usenofp.o
        48          0          0          0          0          0   fpclassify.o

    ----------------------------------------------------------------------
      7166        266        552          0        100          0   Library Totals
        20          0          1          0          4          0   (incl. Padding)

    ----------------------------------------------------------------------

      Code (inc. data)   RO Data    RW Data    ZI Data      Debug   Library Name

      7080        266        551          0         96          0   c_w.l
        18          0          0          0          0          0   fz_wv.l
        48          0          0          0          0          0   m_wv.l

    ----------------------------------------------------------------------
      7166        266        552          0        100          0   Library Totals

    ----------------------------------------------------------------------

==============================================================================


      Code (inc. data)   RO Data    RW Data    ZI Data      Debug   

     48098       2192       1314         28       3876          0   Grand Totals
     48098       2192       1314         28       3876          0   ELF Image Totals
     48098       2192       1314         28          0          0   ROM Totals

==============================================================================

    Total RO  Size (Code + RO Data)                49412 (  48.25kB)
    Total RW  Size (RW Data + ZI Data)              3904 (   3.81kB)
    Total ROM Size (Code + RO Data + RW Data)      49440 (  48.28kB)

==============================================================================

